
> # Error checking in database
> # S. Hafner
> 
> library(plyr)

> source('../functions/ALFAM_functions.R')

> # Read in data
> d <- read.csv('../data - ALFAM2 output/ALFAM2_interval.csv')

> d <- fixALFAMCSV(d)

> ds <- read.csv('../data - ALFAM2 output/ALFAM2_plot.csv')

> # Summary to scan for errors
> dfsumm(d)

 30907 rows and 110 columns
 30907 unique rows
                        inst     eid     pid    pmid     oid database     proj
Class              character integer integer integer integer  integer   factor
Minimum                  101       1       1       1       1        1         
Maximum                  214     341    1895    1899   30907        2    VLAHR
Mean                     208     259    1495    1497   15453        2 Feb_2000
Unique (excld. NA)        22     341    1895    1899   30907        2       46
Missing values             0       0       0       0       0        0     2654
Sorted                  TRUE    TRUE    TRUE    TRUE    TRUE     TRUE    FALSE
                      exper  exper2 institute country
Class                factor integer    factor  factor
Minimum              0546FA       1      AAFC      CA
Maximum                  Z2      54       WUR      US
Mean               G1997-26      12      IMAG      FR
Unique (excld. NA)      258      54        22      12
Missing values            0   24939         0       0
Sorted                FALSE   FALSE     FALSE   FALSE
                                                       file row.in.file pub.id
Class                                                factor     integer factor
Minimum            1 ALFAM2_96TVNH3_DERVAL(44)_2011 v4.xlsx           8       
Maximum                              Bittman ALFAM2 v5.xlsx        5975    N/A
Mean                                         ALFAM2_AT.xlsx         896      2
Unique (excld. NA)                                       25        5968      9
Missing values                                            0           0   5487
Sorted                                                FALSE       FALSE  FALSE
                                                                                                                                                                                                                                                                                                                                      pub.info
Class                                                                                                                                                                                                                                                                                                                                   factor
Minimum            Bhandral, R., Bittman, S., Kowalenko, C.G., Buckley, K.E., Chantigny, M.H., Hunt, D.E., Bounaix, F., and Friesen, A.J. (2009). "Enhancing soil infiltration reduces gaseous emissions and improves N uptake from applied dairy slurry.", Journal of Environmental Quality, 38(4), pp. 1372-1382. doi : 10.2134/jeq2008.0287
Maximum                                                                              Wagner, C., Hafner, S., Nyord, T., Pacholski, A. 2015. Impact of field acidification and application methods on ammonia emissions, yield and nitrogen efficiency of organic liquid manures. Paper presented at 2015 RAMIRAN conference, Hamburg, Germany.
Mean                                                                                                                                                 Génermont, S., Cellier, P., Flura, D., Morvan, T., Laville, P., 1998. Measuring ammonia fluxes after slurry spreading under actual field conditions. Atmospheric Environment 32, 279-284.
Unique (excld. NA)                                                                                                                                                                                                                                                                                                                          33
Missing values                                                                                                                                                                                                                                                                                                                            7383
Sorted                                                                                                                                                                                                                                                                                                                                   FALSE
                       lat    long                          topo    field
Class              numeric numeric                        factor   factor
Minimum                 39    -122 Field flat, surrounding hilly         
Maximum               56.8    10.9                slightly hilly    Wengi
Mean                  48.9   -14.1                          Flat FLd13_14
Unique (excld. NA)      37      39                             6       35
Missing values        7256    7256                         19272     8365
Sorted               FALSE   FALSE                         FALSE    FALSE
                     plot plot.area     treat                     rep    rep2
Class              factor   numeric    factor                  factor integer
Minimum                        0.85         0                       0       1
Maximum             T3-B2     43200   zodebem large neighbouring plot       7
Mean                    3      6670 ES CS0910                       4       1
Unique (excld. NA)    261        97       161                      17       7
Missing values       3322      5986         0                    6376   24939
Sorted              FALSE     FALSE     FALSE                   FALSE   FALSE
                   interval             t.start               t.end
Class               integer      POSIXct POSIXt      POSIXct POSIXt
Minimum                   0 1990-06-12 05:30:00 1990-06-12 06:08:00
Maximum                1440 2014-05-03 05:56:00 2014-05-03 11:14:00
Mean                     14 2005-10-16 07:15:43 2005-10-16 14:33:04
Unique (excld. NA)     1441               11881               11781
Missing values            0                3854                3854
Sorted                FALSE               FALSE               FALSE
                       t.start.orig       t.end.orig      dt dt.calc dt.diff
Class                        factor           factor numeric numeric numeric
Minimum            00-01-1900 00:00 00-01-1900 00:00    0.15   -1400   -16.7
Maximum                9/7/08 11:09     9/7/08 11:09     169     169    1420
Mean               17-03-2012 18:30 17-03-2012 15:00    7.62    5.92    0.19
Unique (excld. NA)             9470             9414    1756    1318     391
Missing values                 8757             8757       0    8761    8761
Sorted                        FALSE            FALSE   FALSE   FALSE   FALSE
                        ct      mt     cta meas.tech meas.tech2
Class              numeric numeric numeric    factor     factor
Minimum               0.15   0.075     -65       agm    chamber
Maximum                508     508    1420     zinst         wt
Mean                   112     108     128        ec  micro met
Unique (excld. NA)    6393    8487    4527        10          4
Missing values           0       0   11927         0          0
Sorted               FALSE   FALSE   FALSE     FALSE      FALSE
                     meas.tech.orig   bg.dl  bg.val      bg.unit   j.NH3
Class                        factor logical numeric       factor numeric
Minimum                         AGM    <NA>       0                -2.71
Maximum            ZINST/bLS/opFTIR    <NA> 4810000 ug N-NH3 /m3    53.3
Mean                Eddy Covariance    <NA>   10400          ppm    0.48
Unique (excld. NA)               14       0     571            9   11797
Missing values                    0   30907   16088        13779      55
Sorted                        FALSE    TRUE   FALSE        FALSE   FALSE
                     j.rel   e.int   e.cum   e.rel    clay    silt    sand
Class              numeric numeric numeric numeric numeric numeric numeric
Minimum            -0.0132   -35.1   -12.2  -0.116     2.4     2.4       7
Maximum               1.19     322     655    6.86    61.5    71.3    92.3
Mean               0.00853    1.46    14.2    0.21    20.8    42.6    35.2
Unique (excld. NA)   18373   17111   23624   23053      62      58      58
Missing values        2873      55     354    3172    5032    5118    5118
Sorted               FALSE   FALSE   FALSE   FALSE   FALSE   FALSE   FALSE
                        oc       soil.type soil.type2 soil.water soil.moist
Class              numeric          factor     factor    numeric     factor
Minimum                0.9            clay       clay      0.005        dry
Maximum               13.7 silty.clay.loam       sand          1 wet frozen
Mean                  2.41 sandy.clay.loam       loam      0.263        wet
Unique (excld. NA)      77              14          4        724          3
Missing values        9057               0          0      18576      19270
Sorted               FALSE           FALSE      FALSE      FALSE      FALSE
                   soil.ph soil.dens crop.res   till air.temp air.temp.z
Class              numeric   numeric   factor factor  numeric    numeric
Minimum               4.86       0.8              No    -5.67          0
Maximum               9.02      1.55      Yes    Yes     37.8         10
Mean                  6.52      1.29       No     No     13.5        1.5
Unique (excld. NA)     167        38        3      2     2842         15
Missing values        8100      8552     9482      0     1330       2429
Sorted               FALSE     FALSE    FALSE  FALSE    FALSE      FALSE
                   soil.temp soil.temp.z     rad    wind  wind.z wind.2m
Class                numeric     numeric numeric numeric numeric numeric
Minimum                 -0.1           0   -27.8       0     0.2       0
Maximum                 44.3        0.15    1040    27.8      10    28.4
Mean                    13.5        0.03     219    2.27    1.62     2.6
Unique (excld. NA)      1822           9    6095    2906      25    5522
Missing values         16065       16699    5433     286     335     348
Sorted                 FALSE       FALSE   FALSE   FALSE   FALSE   FALSE
                          wind.loc    rain rain.rate rain.cum      rh far.loc
Class                       factor numeric   numeric  numeric numeric  factor
Minimum                                  0         0        0      16       0
Maximum                       Plot      80      71.2     89.8     109   Field
Mean               Nearest station   0.306    0.0662     5.84    74.5   15780
Unique (excld. NA)               6     139       911      346    1815      14
Missing values                6338    5087      5087     5099    8141   11644
Sorted                       FALSE   FALSE     FALSE    FALSE   FALSE   FALSE
                   man.source              man.source.orig man.bed man.con
Class                  factor                       factor  factor  factor
Minimum                   cat                 Breeding Pig          liquid
Maximum                sludge silage maize + cattle slurry   Straw   solid
Mean                     mink                Fattening Pig Sawdust  slurry
Unique (excld. NA)          9                           16       4       3
Missing values              0                            0   13832    8326
Sorted                  FALSE                        FALSE   FALSE   FALSE
                           man.trt1 man.trt2 man.stor  man.dm man.tkn man.tan
Class                        factor   factor  integer numeric numeric numeric
Minimum                                             0    0.55    0.18    0.07
Maximum                     Surface     None      180    62.2    31.9    11.8
Mean               Low protein diet     none      180    5.35    3.42     1.9
Unique (excld. NA)               16        6       42     422     332     300
Missing values                    0        0    26410    2818    4243    2818
Sorted                        FALSE    FALSE    FALSE   FALSE   FALSE   FALSE
                      acid man.tic  man.ua  man.ph man.freeNH3 man.eq.gasNH3
Class              logical numeric integer numeric     numeric       numeric
Minimum              FALSE    0.31       0     3.2    2.48e-07      6.88e-08
Maximum               TRUE    3.81       0    9.22        1.32         0.899
Mean                 FALSE    1.63       0    7.48      0.0288        0.0137
Unique (excld. NA)       2      43       1     182       10101         10152
Missing values           0   27993   30555    6910        8223          8223
Sorted               FALSE   FALSE    TRUE   FALSE       FALSE         FALSE
                   date.start           app.start   app.start.orig app.method
Class                  factor      POSIXct POSIXt           factor     factor
Minimum            1990-06-12 1990-06-12 05:30:00                          bc
Maximum            2014-05-01 2014-05-01 06:59:00             9:58         ts
Mean               2005-07-26 2007-04-27 11:35:57 13-04-2010 13:00        bss
Unique (excld. NA)        261                 648              751          7
Missing values           4150               10344             6418       2818
Sorted                  FALSE               FALSE            FALSE      FALSE
                   app.method2 app.method.orig app.rate tan.app  incorp
Class                   factor          factor  numeric numeric  factor
Minimum                   band                      6.6    2.45    deep
Maximum                     os   Trailing shoe      315     602 shallow
Mean                        bc       Broadcast       54    83.5    none
Unique (excld. NA)           4              10      403     844       3
Missing values            3618               0     2818    2818       0
Sorted                   FALSE           FALSE    FALSE   FALSE   FALSE
                   incorp.orig time.incorp man.area dist.inj furrow.z furrow.w
Class                   factor     numeric  integer  integer   factor   factor
Minimum                   Deep           0        0       19                  
Maximum                Shallow          48      100      120        8        5
Mean                      None        10.2      100       19        2      0-5
Unique (excld. NA)           6          13       13        5       20        9
Missing values               0       25603    20200    29294    25745    28919
Sorted                   FALSE       FALSE    FALSE    FALSE    FALSE    FALSE
                        crop    crop.orig  crop.z crop.area     lai
Class                 factor       factor numeric   integer numeric
Minimum            bare soil                    0         0       0
Maximum              stubble Winter Wheat    76.5       100     4.7
Mean                  cereal        grass    5.21         0   0.376
Unique (excld. NA)         6           14     137         9      13
Missing values           676            0    3474     16136   28214
Sorted                 FALSE        FALSE   FALSE     FALSE   FALSE
                                                                                                                                                                                                 notes
Class                                                                                                                                                                                           factor
Minimum                                                                                                                                                                                               
Maximum                                                                                                                                 Winter wheat at the beginning of flag leaf emergence. Control.
Mean               AirTemp - Manually Filled. Averaging of two nearest datapoints.; SolRad - Manually Filled. Nearest observation chosen.; SoilTemp  - Manually filled. Average of nearest datapoints.
Unique (excld. NA)                                                                                                                                                                                  96
Missing values                                                                                                                                                                                       0
Sorted                                                                                                                                                                                           FALSE
                     flag
Class              factor
Minimum                  
Maximum                 m
Mean                     
Unique (excld. NA)      5
Missing values          0
Sorted              FALSE

> # Missing incorporation times
> table(ds$incorp, ds$time.incorp, exclude = NULL)
         
             0 0.083333 0.25  2.5    4    6   24   30   48 <NA>
  deep       2        3    0    0    0    0    2    0    0    0
  none      71        0    0    0    0    0    0    0    0 1764
  shallow   12       26    2    8    1    1    3    2    1    1

> x <- subset(ds, incorp %in% c('deep', 'shallow') & is.na(time.incorp))

> unique(as.character(x$file))
[1] "1 ALFAM2_96TVNH3_DERVAL(44)_2011 v4.xlsx"

> x[, c('file','first.row.in.file','institute')]
                                         file first.row.in.file institute
1500 1 ALFAM2_96TVNH3_DERVAL(44)_2011 v4.xlsx                10      INRA

> # Fixed
> # Problems with application start time, was problem in the merge of d1 and d2
> # Should be POSIXct/POSIXt
> class(d$app.start)
[1] "POSIXct" "POSIXt" 

> ## Fixed
> # Wind heights in wrong units
> # Should be in m
> # Expected values maybe 0.1 - 10 m
> summary(d$wind.z)
   Min. 1st Qu.  Median    Mean 3rd Qu.    Max.    NA's 
  0.200   0.250   2.000   1.625   2.000  10.000     335 

> range(na.omit(d$wind.z))
[1]  0.2 10.0

> x <- subset(d, wind.z>15)

> nrow(x)
[1] 0

> unique(as.character(x$file))
character(0)

> unique(x[,c('file','row.in.file','institute')])
[1] file        row.in.file institute  
<0 rows> (or 0-length row.names)

> unique(x[,c('file','institute')])
[1] file      institute
<0 rows> (or 0-length row.names)

> ## Fixed
> # Air temperature heights
> # Also in m now
> # Expected values perhaps 0.1 - 10 m
> summary(d$air.temp.z)
   Min. 1st Qu.  Median    Mean 3rd Qu.    Max.    NA's 
  0.000   1.000   1.500   1.496   2.000  10.000    2429 

> range(na.omit(d$air.temp.z))
[1]  0 10

> x <- subset(d, air.temp.z>10)

> nrow(x)
[1] 0

> unique(as.character(x$file))
character(0)

> unique(x[,c('file','row.in.file','institute')])
[1] file        row.in.file institute  
<0 rows> (or 0-length row.names)

> unique(x[,c('file','institute')])
[1] file      institute
<0 rows> (or 0-length row.names)

> # Why are there zeroes?
> x <- subset(d, air.temp.z == 0)

> nrow(x)
[1] 1264

> unique(as.character(x$file))
[1] "ALFAM1.xlsx"

> unique(x[,c('file', 'row.in.file', 'institute', 'air.temp.z', 'air.temp')])
            file row.in.file institute air.temp.z air.temp
1870 ALFAM1.xlsx        5131      IGER          0    16.12
1871 ALFAM1.xlsx        5132      IGER          0    18.43
1872 ALFAM1.xlsx        5133      IGER          0    12.73
1876 ALFAM1.xlsx        5185      IGER          0    16.12
1877 ALFAM1.xlsx        5186      IGER          0    18.43
1878 ALFAM1.xlsx        5187      IGER          0    12.73
1882 ALFAM1.xlsx        5137      IGER          0    16.12
1883 ALFAM1.xlsx        5138      IGER          0    18.43
1884 ALFAM1.xlsx        5139      IGER          0    12.73
1888 ALFAM1.xlsx        5143      IGER          0    16.12
1889 ALFAM1.xlsx        5144      IGER          0    18.43
1890 ALFAM1.xlsx        5145      IGER          0    12.73
1894 ALFAM1.xlsx        5149      IGER          0    16.12
1895 ALFAM1.xlsx        5150      IGER          0    18.43
1896 ALFAM1.xlsx        5151      IGER          0    12.73
1900 ALFAM1.xlsx        5155      IGER          0    16.12
1901 ALFAM1.xlsx        5156      IGER          0    18.43
1902 ALFAM1.xlsx        5157      IGER          0    12.73
1906 ALFAM1.xlsx        5161      IGER          0    16.12
1907 ALFAM1.xlsx        5162      IGER          0    18.43
1908 ALFAM1.xlsx        5163      IGER          0    12.73
1912 ALFAM1.xlsx        5167      IGER          0    16.12
1913 ALFAM1.xlsx        5168      IGER          0    18.43
1914 ALFAM1.xlsx        5169      IGER          0    12.73
1918 ALFAM1.xlsx        5173      IGER          0    16.12
1919 ALFAM1.xlsx        5174      IGER          0    18.43
1920 ALFAM1.xlsx        5175      IGER          0    12.73
1924 ALFAM1.xlsx        5179      IGER          0    16.12
1925 ALFAM1.xlsx        5180      IGER          0    18.43
1926 ALFAM1.xlsx        5181      IGER          0    12.73
1990 ALFAM1.xlsx        3544      IGER          0    26.30
1991 ALFAM1.xlsx        3545      IGER          0    30.30
1992 ALFAM1.xlsx        3546      IGER          0    16.85
1993 ALFAM1.xlsx        3547      IGER          0    16.95
1994 ALFAM1.xlsx        3548      IGER          0    17.40
1995 ALFAM1.xlsx        3549      IGER          0       NA
1996 ALFAM1.xlsx        3598      IGER          0    26.30
1997 ALFAM1.xlsx        3599      IGER          0    30.30
1998 ALFAM1.xlsx        3600      IGER          0    16.85
1999 ALFAM1.xlsx        3601      IGER          0    16.95
2000 ALFAM1.xlsx        3602      IGER          0    17.40
2001 ALFAM1.xlsx        3603      IGER          0       NA
2002 ALFAM1.xlsx        3550      IGER          0    26.30
2003 ALFAM1.xlsx        3551      IGER          0    30.30
2004 ALFAM1.xlsx        3552      IGER          0    16.85
2005 ALFAM1.xlsx        3553      IGER          0    16.95
2006 ALFAM1.xlsx        3554      IGER          0    17.40
2007 ALFAM1.xlsx        3555      IGER          0       NA
2008 ALFAM1.xlsx        3556      IGER          0    26.30
2009 ALFAM1.xlsx        3557      IGER          0    30.30
2010 ALFAM1.xlsx        3558      IGER          0    16.85
2011 ALFAM1.xlsx        3559      IGER          0    16.95
2012 ALFAM1.xlsx        3560      IGER          0    17.40
2013 ALFAM1.xlsx        3561      IGER          0       NA
2014 ALFAM1.xlsx        3562      IGER          0    26.30
2015 ALFAM1.xlsx        3563      IGER          0    30.30
2016 ALFAM1.xlsx        3564      IGER          0    16.85
2017 ALFAM1.xlsx        3565      IGER          0    16.95
2018 ALFAM1.xlsx        3566      IGER          0    17.40
2019 ALFAM1.xlsx        3567      IGER          0       NA
2020 ALFAM1.xlsx        3568      IGER          0    26.30
2021 ALFAM1.xlsx        3569      IGER          0    30.30
2022 ALFAM1.xlsx        3570      IGER          0    16.85
2023 ALFAM1.xlsx        3571      IGER          0    16.95
2024 ALFAM1.xlsx        3572      IGER          0    17.40
2025 ALFAM1.xlsx        3573      IGER          0       NA
2026 ALFAM1.xlsx        3574      IGER          0    26.30
2027 ALFAM1.xlsx        3575      IGER          0    30.30
2028 ALFAM1.xlsx        3576      IGER          0    16.85
2029 ALFAM1.xlsx        3577      IGER          0    16.95
2030 ALFAM1.xlsx        3578      IGER          0    17.40
2031 ALFAM1.xlsx        3579      IGER          0       NA
2032 ALFAM1.xlsx        3580      IGER          0    26.30
2033 ALFAM1.xlsx        3581      IGER          0    30.30
2034 ALFAM1.xlsx        3582      IGER          0    16.85
2035 ALFAM1.xlsx        3583      IGER          0    16.95
2036 ALFAM1.xlsx        3584      IGER          0    17.40
2037 ALFAM1.xlsx        3585      IGER          0       NA
2038 ALFAM1.xlsx        3586      IGER          0    26.30
2039 ALFAM1.xlsx        3587      IGER          0    30.30
2040 ALFAM1.xlsx        3588      IGER          0    16.85
2041 ALFAM1.xlsx        3589      IGER          0    16.95
2042 ALFAM1.xlsx        3590      IGER          0    17.40
2043 ALFAM1.xlsx        3591      IGER          0       NA
2044 ALFAM1.xlsx        3592      IGER          0    26.30
2045 ALFAM1.xlsx        3593      IGER          0    30.30
2046 ALFAM1.xlsx        3594      IGER          0    16.85
2047 ALFAM1.xlsx        3595      IGER          0    16.95
2048 ALFAM1.xlsx        3596      IGER          0    17.40
2049 ALFAM1.xlsx        3597      IGER          0       NA
2050 ALFAM1.xlsx        3604      IGER          0    20.32
2051 ALFAM1.xlsx        3605      IGER          0    21.26
2052 ALFAM1.xlsx        3606      IGER          0    16.57
2053 ALFAM1.xlsx        3607      IGER          0    16.64
2054 ALFAM1.xlsx        3608      IGER          0    17.21
2055 ALFAM1.xlsx        3609      IGER          0    14.61
2056 ALFAM1.xlsx        3658      IGER          0    20.32
2057 ALFAM1.xlsx        3659      IGER          0    21.26
2058 ALFAM1.xlsx        3660      IGER          0    16.57
2059 ALFAM1.xlsx        3661      IGER          0    16.64
2060 ALFAM1.xlsx        3662      IGER          0    17.21
2061 ALFAM1.xlsx        3663      IGER          0    14.61
2062 ALFAM1.xlsx        3610      IGER          0    20.32
2063 ALFAM1.xlsx        3611      IGER          0    21.26
2064 ALFAM1.xlsx        3612      IGER          0    16.57
2065 ALFAM1.xlsx        3613      IGER          0    16.64
2066 ALFAM1.xlsx        3614      IGER          0    17.21
2067 ALFAM1.xlsx        3615      IGER          0    14.61
2068 ALFAM1.xlsx        3616      IGER          0    20.32
2069 ALFAM1.xlsx        3617      IGER          0    21.26
2070 ALFAM1.xlsx        3618      IGER          0    16.57
2071 ALFAM1.xlsx        3619      IGER          0    16.64
2072 ALFAM1.xlsx        3620      IGER          0    17.21
2073 ALFAM1.xlsx        3621      IGER          0    14.61
2074 ALFAM1.xlsx        3622      IGER          0    20.32
2075 ALFAM1.xlsx        3623      IGER          0    21.26
2076 ALFAM1.xlsx        3624      IGER          0    16.57
2077 ALFAM1.xlsx        3625      IGER          0    16.64
2078 ALFAM1.xlsx        3626      IGER          0    17.21
2079 ALFAM1.xlsx        3627      IGER          0    14.61
2080 ALFAM1.xlsx        3628      IGER          0    20.32
2081 ALFAM1.xlsx        3629      IGER          0    21.26
2082 ALFAM1.xlsx        3630      IGER          0    16.57
2083 ALFAM1.xlsx        3631      IGER          0    16.64
2084 ALFAM1.xlsx        3632      IGER          0    17.21
2085 ALFAM1.xlsx        3633      IGER          0    14.61
2086 ALFAM1.xlsx        3634      IGER          0    20.32
2087 ALFAM1.xlsx        3635      IGER          0    21.26
2088 ALFAM1.xlsx        3636      IGER          0    16.57
2089 ALFAM1.xlsx        3637      IGER          0    16.64
2090 ALFAM1.xlsx        3638      IGER          0    17.21
2091 ALFAM1.xlsx        3639      IGER          0    14.61
2092 ALFAM1.xlsx        3640      IGER          0    20.32
2093 ALFAM1.xlsx        3641      IGER          0    21.26
2094 ALFAM1.xlsx        3642      IGER          0    16.57
2095 ALFAM1.xlsx        3643      IGER          0    16.64
2096 ALFAM1.xlsx        3644      IGER          0    17.21
2097 ALFAM1.xlsx        3645      IGER          0    14.61
2098 ALFAM1.xlsx        3646      IGER          0    20.32
2099 ALFAM1.xlsx        3647      IGER          0    21.26
2100 ALFAM1.xlsx        3648      IGER          0    16.57
2101 ALFAM1.xlsx        3649      IGER          0    16.64
2102 ALFAM1.xlsx        3650      IGER          0    17.21
2103 ALFAM1.xlsx        3651      IGER          0    14.61
2104 ALFAM1.xlsx        3652      IGER          0    20.32
2105 ALFAM1.xlsx        3653      IGER          0    21.26
2106 ALFAM1.xlsx        3654      IGER          0    16.57
2107 ALFAM1.xlsx        3655      IGER          0    16.64
2108 ALFAM1.xlsx        3656      IGER          0    17.21
2109 ALFAM1.xlsx        3657      IGER          0    14.61
2110 ALFAM1.xlsx        3664      IGER          0     6.43
2111 ALFAM1.xlsx        3665      IGER          0     7.03
2112 ALFAM1.xlsx        3666      IGER          0     2.93
2113 ALFAM1.xlsx        3667      IGER          0     0.39
2114 ALFAM1.xlsx        3668      IGER          0    -0.07
2115 ALFAM1.xlsx        3669      IGER          0     0.41
2116 ALFAM1.xlsx        3670      IGER          0     6.43
2117 ALFAM1.xlsx        3671      IGER          0     7.03
2118 ALFAM1.xlsx        3672      IGER          0     2.93
2119 ALFAM1.xlsx        3673      IGER          0     0.39
2120 ALFAM1.xlsx        3674      IGER          0    -0.07
2121 ALFAM1.xlsx        3675      IGER          0     0.41
2122 ALFAM1.xlsx        3676      IGER          0     6.43
2123 ALFAM1.xlsx        3677      IGER          0     7.03
2124 ALFAM1.xlsx        3678      IGER          0     2.93
2125 ALFAM1.xlsx        3679      IGER          0     0.39
2126 ALFAM1.xlsx        3680      IGER          0    -0.07
2127 ALFAM1.xlsx        3681      IGER          0     0.41
2128 ALFAM1.xlsx        3682      IGER          0     6.43
2129 ALFAM1.xlsx        3683      IGER          0     7.03
2130 ALFAM1.xlsx        3684      IGER          0     2.93
2131 ALFAM1.xlsx        3685      IGER          0     0.39
2132 ALFAM1.xlsx        3686      IGER          0    -0.07
2133 ALFAM1.xlsx        3687      IGER          0     0.41
2134 ALFAM1.xlsx        3688      IGER          0     6.43
2135 ALFAM1.xlsx        3689      IGER          0     7.03
2136 ALFAM1.xlsx        3690      IGER          0     2.93
2137 ALFAM1.xlsx        3691      IGER          0     0.39
2138 ALFAM1.xlsx        3692      IGER          0    -0.07
2139 ALFAM1.xlsx        3693      IGER          0     0.41
2140 ALFAM1.xlsx        3694      IGER          0     6.43
2141 ALFAM1.xlsx        3695      IGER          0     7.03
2142 ALFAM1.xlsx        3696      IGER          0     2.93
2143 ALFAM1.xlsx        3697      IGER          0     0.39
2144 ALFAM1.xlsx        3698      IGER          0    -0.07
2145 ALFAM1.xlsx        3699      IGER          0     0.41
2146 ALFAM1.xlsx        3700      IGER          0     6.43
2147 ALFAM1.xlsx        3701      IGER          0     7.03
2148 ALFAM1.xlsx        3702      IGER          0     2.93
2149 ALFAM1.xlsx        3703      IGER          0     0.39
2150 ALFAM1.xlsx        3704      IGER          0    -0.07
2151 ALFAM1.xlsx        3705      IGER          0     0.41
2152 ALFAM1.xlsx        3706      IGER          0     6.43
2153 ALFAM1.xlsx        3707      IGER          0     7.03
2154 ALFAM1.xlsx        3708      IGER          0     2.93
2155 ALFAM1.xlsx        3709      IGER          0     0.39
2156 ALFAM1.xlsx        3710      IGER          0    -0.07
2157 ALFAM1.xlsx        3711      IGER          0     0.41
2158 ALFAM1.xlsx        3712      IGER          0     6.90
2159 ALFAM1.xlsx        3713      IGER          0     9.06
2160 ALFAM1.xlsx        3714      IGER          0     7.24
2161 ALFAM1.xlsx        3715      IGER          0     5.81
2162 ALFAM1.xlsx        3716      IGER          0     7.12
2163 ALFAM1.xlsx        3717      IGER          0     7.25
2164 ALFAM1.xlsx        3718      IGER          0     6.90
2165 ALFAM1.xlsx        3719      IGER          0     9.06
2166 ALFAM1.xlsx        3720      IGER          0     7.24
2167 ALFAM1.xlsx        3721      IGER          0     5.81
2168 ALFAM1.xlsx        3722      IGER          0     7.12
2169 ALFAM1.xlsx        3723      IGER          0     7.25
2170 ALFAM1.xlsx        3724      IGER          0     6.90
2171 ALFAM1.xlsx        3725      IGER          0     9.06
2172 ALFAM1.xlsx        3726      IGER          0     7.24
2173 ALFAM1.xlsx        3727      IGER          0     5.81
2174 ALFAM1.xlsx        3728      IGER          0     7.12
2175 ALFAM1.xlsx        3729      IGER          0     7.25
2176 ALFAM1.xlsx        3730      IGER          0     6.90
2177 ALFAM1.xlsx        3731      IGER          0     9.06
2178 ALFAM1.xlsx        3732      IGER          0     7.24
2179 ALFAM1.xlsx        3733      IGER          0     5.81
2180 ALFAM1.xlsx        3734      IGER          0     7.12
2181 ALFAM1.xlsx        3735      IGER          0     7.25
2182 ALFAM1.xlsx        3736      IGER          0     6.90
2183 ALFAM1.xlsx        3737      IGER          0     9.06
2184 ALFAM1.xlsx        3738      IGER          0     7.24
2185 ALFAM1.xlsx        3739      IGER          0     5.81
2186 ALFAM1.xlsx        3740      IGER          0     7.12
2187 ALFAM1.xlsx        3741      IGER          0     7.25
2188 ALFAM1.xlsx        3742      IGER          0     6.90
2189 ALFAM1.xlsx        3743      IGER          0     9.06
2190 ALFAM1.xlsx        3744      IGER          0     7.24
2191 ALFAM1.xlsx        3745      IGER          0     5.81
2192 ALFAM1.xlsx        3746      IGER          0     7.12
2193 ALFAM1.xlsx        3747      IGER          0     7.25
2194 ALFAM1.xlsx        3748      IGER          0     6.90
2195 ALFAM1.xlsx        3749      IGER          0     9.06
2196 ALFAM1.xlsx        3750      IGER          0     7.24
2197 ALFAM1.xlsx        3751      IGER          0     5.81
2198 ALFAM1.xlsx        3752      IGER          0     7.12
2199 ALFAM1.xlsx        3753      IGER          0     7.25
2200 ALFAM1.xlsx        3754      IGER          0     6.90
2201 ALFAM1.xlsx        3755      IGER          0     9.06
2202 ALFAM1.xlsx        3756      IGER          0     7.24
2203 ALFAM1.xlsx        3757      IGER          0     5.81
2204 ALFAM1.xlsx        3758      IGER          0     7.12
2205 ALFAM1.xlsx        3759      IGER          0     7.25
2206 ALFAM1.xlsx        3760      IGER          0    17.59
2207 ALFAM1.xlsx        3761      IGER          0    17.53
2208 ALFAM1.xlsx        3762      IGER          0    15.58
2209 ALFAM1.xlsx        3763      IGER          0    16.24
2210 ALFAM1.xlsx        3764      IGER          0    16.69
2211 ALFAM1.xlsx        3765      IGER          0    16.91
2212 ALFAM1.xlsx        3814      IGER          0    16.91
2213 ALFAM1.xlsx        3815      IGER          0    16.91
2214 ALFAM1.xlsx        3816      IGER          0    16.91
2215 ALFAM1.xlsx        3817      IGER          0    16.91
2216 ALFAM1.xlsx        3818      IGER          0    16.91
2217 ALFAM1.xlsx        3819      IGER          0    16.91
2218 ALFAM1.xlsx        3766      IGER          0    16.91
2219 ALFAM1.xlsx        3767      IGER          0    16.91
2220 ALFAM1.xlsx        3768      IGER          0    16.91
2221 ALFAM1.xlsx        3769      IGER          0    16.91
2222 ALFAM1.xlsx        3770      IGER          0    16.91
2223 ALFAM1.xlsx        3771      IGER          0    16.91
2224 ALFAM1.xlsx        3772      IGER          0    16.91
2225 ALFAM1.xlsx        3773      IGER          0    16.91
2226 ALFAM1.xlsx        3774      IGER          0    16.91
2227 ALFAM1.xlsx        3775      IGER          0    16.91
2228 ALFAM1.xlsx        3776      IGER          0    16.91
2229 ALFAM1.xlsx        3777      IGER          0    16.91
2230 ALFAM1.xlsx        3778      IGER          0    16.91
2231 ALFAM1.xlsx        3779      IGER          0    16.91
2232 ALFAM1.xlsx        3780      IGER          0    16.91
2233 ALFAM1.xlsx        3781      IGER          0    16.91
2234 ALFAM1.xlsx        3782      IGER          0    16.91
2235 ALFAM1.xlsx        3783      IGER          0    16.91
2236 ALFAM1.xlsx        3784      IGER          0    16.91
2237 ALFAM1.xlsx        3785      IGER          0    16.91
2238 ALFAM1.xlsx        3786      IGER          0    16.91
2239 ALFAM1.xlsx        3787      IGER          0    16.91
2240 ALFAM1.xlsx        3788      IGER          0    16.91
2241 ALFAM1.xlsx        3789      IGER          0    16.91
2242 ALFAM1.xlsx        3790      IGER          0    16.91
2243 ALFAM1.xlsx        3791      IGER          0    16.91
2244 ALFAM1.xlsx        3792      IGER          0    16.91
2245 ALFAM1.xlsx        3793      IGER          0    16.91
2246 ALFAM1.xlsx        3794      IGER          0    16.91
2247 ALFAM1.xlsx        3795      IGER          0    16.91
2248 ALFAM1.xlsx        3796      IGER          0    16.91
2249 ALFAM1.xlsx        3797      IGER          0    16.91
2250 ALFAM1.xlsx        3798      IGER          0    16.91
2251 ALFAM1.xlsx        3799      IGER          0    16.91
2252 ALFAM1.xlsx        3800      IGER          0    16.91
2253 ALFAM1.xlsx        3801      IGER          0    16.91
2254 ALFAM1.xlsx        3802      IGER          0    16.91
2255 ALFAM1.xlsx        3803      IGER          0    16.91
2256 ALFAM1.xlsx        3804      IGER          0    16.91
2257 ALFAM1.xlsx        3805      IGER          0    16.91
2258 ALFAM1.xlsx        3806      IGER          0    16.91
2259 ALFAM1.xlsx        3807      IGER          0    16.91
2260 ALFAM1.xlsx        3808      IGER          0    16.91
2261 ALFAM1.xlsx        3809      IGER          0    16.91
2262 ALFAM1.xlsx        3810      IGER          0    16.91
2263 ALFAM1.xlsx        3811      IGER          0    16.91
2264 ALFAM1.xlsx        3812      IGER          0    16.91
2265 ALFAM1.xlsx        3813      IGER          0    16.91
2268 ALFAM1.xlsx        3822      IGER          0     9.54
2269 ALFAM1.xlsx        3823      IGER          0     7.11
2270 ALFAM1.xlsx        3824      IGER          0     7.62
2271 ALFAM1.xlsx        3825      IGER          0     6.54
2274 ALFAM1.xlsx        3876      IGER          0     9.54
2275 ALFAM1.xlsx        3877      IGER          0     7.11
2276 ALFAM1.xlsx        3878      IGER          0     7.62
2277 ALFAM1.xlsx        3879      IGER          0     6.54
2280 ALFAM1.xlsx        3828      IGER          0     9.54
2281 ALFAM1.xlsx        3829      IGER          0     7.11
2282 ALFAM1.xlsx        3830      IGER          0     7.62
2283 ALFAM1.xlsx        3831      IGER          0     6.54
2286 ALFAM1.xlsx        3834      IGER          0     9.54
2287 ALFAM1.xlsx        3835      IGER          0     7.11
2288 ALFAM1.xlsx        3836      IGER          0     7.62
2289 ALFAM1.xlsx        3837      IGER          0     6.54
2292 ALFAM1.xlsx        3840      IGER          0     9.54
2293 ALFAM1.xlsx        3841      IGER          0     7.11
2294 ALFAM1.xlsx        3842      IGER          0     7.62
2295 ALFAM1.xlsx        3843      IGER          0     6.54
2298 ALFAM1.xlsx        3846      IGER          0     9.54
2299 ALFAM1.xlsx        3847      IGER          0     7.11
2300 ALFAM1.xlsx        3848      IGER          0     7.62
2301 ALFAM1.xlsx        3849      IGER          0     6.54
2304 ALFAM1.xlsx        3852      IGER          0     9.54
2305 ALFAM1.xlsx        3853      IGER          0     7.11
2306 ALFAM1.xlsx        3854      IGER          0     7.62
2307 ALFAM1.xlsx        3855      IGER          0     6.54
2310 ALFAM1.xlsx        3858      IGER          0     9.54
2311 ALFAM1.xlsx        3859      IGER          0     7.11
2312 ALFAM1.xlsx        3860      IGER          0     7.62
2313 ALFAM1.xlsx        3861      IGER          0     6.54
2316 ALFAM1.xlsx        3864      IGER          0     9.54
2317 ALFAM1.xlsx        3865      IGER          0     7.11
2318 ALFAM1.xlsx        3866      IGER          0     7.62
2319 ALFAM1.xlsx        3867      IGER          0     6.54
2322 ALFAM1.xlsx        3870      IGER          0     9.54
2323 ALFAM1.xlsx        3871      IGER          0     7.11
2324 ALFAM1.xlsx        3872      IGER          0     7.62
2325 ALFAM1.xlsx        3873      IGER          0     6.54
2326 ALFAM1.xlsx        3880      IGER          0     5.47
2327 ALFAM1.xlsx        3881      IGER          0     6.77
2328 ALFAM1.xlsx        3882      IGER          0     8.76
2329 ALFAM1.xlsx        3883      IGER          0     9.13
2330 ALFAM1.xlsx        3884      IGER          0     4.75
2331 ALFAM1.xlsx        3885      IGER          0     1.59
2332 ALFAM1.xlsx        3934      IGER          0     5.47
2333 ALFAM1.xlsx        3935      IGER          0     6.77
2334 ALFAM1.xlsx        3936      IGER          0     8.76
2335 ALFAM1.xlsx        3937      IGER          0     9.13
2336 ALFAM1.xlsx        3938      IGER          0     4.75
2337 ALFAM1.xlsx        3939      IGER          0     1.59
2338 ALFAM1.xlsx        3886      IGER          0     5.47
2339 ALFAM1.xlsx        3887      IGER          0     6.77
2340 ALFAM1.xlsx        3888      IGER          0     8.76
2341 ALFAM1.xlsx        3889      IGER          0     9.13
2342 ALFAM1.xlsx        3890      IGER          0     4.75
2343 ALFAM1.xlsx        3891      IGER          0     1.59
2344 ALFAM1.xlsx        3892      IGER          0     5.47
2345 ALFAM1.xlsx        3893      IGER          0     6.77
2346 ALFAM1.xlsx        3894      IGER          0     8.76
2347 ALFAM1.xlsx        3895      IGER          0     9.13
2348 ALFAM1.xlsx        3896      IGER          0     4.75
2349 ALFAM1.xlsx        3897      IGER          0     1.59
2350 ALFAM1.xlsx        3898      IGER          0     5.47
2351 ALFAM1.xlsx        3899      IGER          0     6.77
2352 ALFAM1.xlsx        3900      IGER          0     8.76
2353 ALFAM1.xlsx        3901      IGER          0     9.13
2354 ALFAM1.xlsx        3902      IGER          0     4.75
2355 ALFAM1.xlsx        3903      IGER          0     1.59
2356 ALFAM1.xlsx        3904      IGER          0     5.47
2357 ALFAM1.xlsx        3905      IGER          0     6.77
2358 ALFAM1.xlsx        3906      IGER          0     8.76
2359 ALFAM1.xlsx        3907      IGER          0     9.13
2360 ALFAM1.xlsx        3908      IGER          0     4.75
2361 ALFAM1.xlsx        3909      IGER          0     1.59
2362 ALFAM1.xlsx        3910      IGER          0     5.47
2363 ALFAM1.xlsx        3911      IGER          0     6.77
2364 ALFAM1.xlsx        3912      IGER          0     8.76
2365 ALFAM1.xlsx        3913      IGER          0     9.13
2366 ALFAM1.xlsx        3914      IGER          0     4.75
2367 ALFAM1.xlsx        3915      IGER          0     1.59
2368 ALFAM1.xlsx        3916      IGER          0     5.47
2369 ALFAM1.xlsx        3917      IGER          0     6.77
2370 ALFAM1.xlsx        3918      IGER          0     8.76
2371 ALFAM1.xlsx        3919      IGER          0     9.13
2372 ALFAM1.xlsx        3920      IGER          0     4.75
2373 ALFAM1.xlsx        3921      IGER          0     1.59
2374 ALFAM1.xlsx        3922      IGER          0     5.47
2375 ALFAM1.xlsx        3923      IGER          0     6.77
2376 ALFAM1.xlsx        3924      IGER          0     8.76
2377 ALFAM1.xlsx        3925      IGER          0     9.13
2378 ALFAM1.xlsx        3926      IGER          0     4.75
2379 ALFAM1.xlsx        3927      IGER          0     1.59
2380 ALFAM1.xlsx        3928      IGER          0     5.47
2381 ALFAM1.xlsx        3929      IGER          0     6.77
2382 ALFAM1.xlsx        3930      IGER          0     8.76
2383 ALFAM1.xlsx        3931      IGER          0     9.13
2384 ALFAM1.xlsx        3932      IGER          0     4.75
2385 ALFAM1.xlsx        3933      IGER          0     1.59
2446 ALFAM1.xlsx        4000      IGER          0    23.10
2447 ALFAM1.xlsx        4001      IGER          0    26.40
2448 ALFAM1.xlsx        4002      IGER          0    18.20
2449 ALFAM1.xlsx        4003      IGER          0    21.60
2450 ALFAM1.xlsx        4004      IGER          0    21.50
2451 ALFAM1.xlsx        4005      IGER          0    19.60
2452 ALFAM1.xlsx        4006      IGER          0    20.50
2453 ALFAM1.xlsx        4007      IGER          0    20.90
2454 ALFAM1.xlsx        4008      IGER          0       NA
2455 ALFAM1.xlsx        4009      IGER          0       NA
2456 ALFAM1.xlsx        4010      IGER          0       NA
2457 ALFAM1.xlsx        4011      IGER          0       NA
2458 ALFAM1.xlsx        4012      IGER          0       NA
2459 ALFAM1.xlsx        4013      IGER          0    23.10
2460 ALFAM1.xlsx        4014      IGER          0    26.40
2461 ALFAM1.xlsx        4015      IGER          0    18.20
2462 ALFAM1.xlsx        4016      IGER          0    21.60
2463 ALFAM1.xlsx        4017      IGER          0    21.50
2464 ALFAM1.xlsx        4018      IGER          0    19.60
2465 ALFAM1.xlsx        4019      IGER          0    20.50
2466 ALFAM1.xlsx        4020      IGER          0    20.90
2467 ALFAM1.xlsx        4021      IGER          0       NA
2468 ALFAM1.xlsx        4022      IGER          0       NA
2469 ALFAM1.xlsx        4023      IGER          0       NA
2470 ALFAM1.xlsx        4024      IGER          0       NA
2471 ALFAM1.xlsx        4025      IGER          0       NA
2472 ALFAM1.xlsx        4026      IGER          0    23.10
2473 ALFAM1.xlsx        4027      IGER          0    26.40
2474 ALFAM1.xlsx        4028      IGER          0    18.20
2475 ALFAM1.xlsx        4029      IGER          0    21.60
2476 ALFAM1.xlsx        4030      IGER          0    21.50
2477 ALFAM1.xlsx        4031      IGER          0    19.60
2478 ALFAM1.xlsx        4032      IGER          0    20.50
2479 ALFAM1.xlsx        4033      IGER          0    20.90
2480 ALFAM1.xlsx        4034      IGER          0       NA
2481 ALFAM1.xlsx        4035      IGER          0       NA
2482 ALFAM1.xlsx        4036      IGER          0       NA
2483 ALFAM1.xlsx        4037      IGER          0       NA
2484 ALFAM1.xlsx        4038      IGER          0       NA
2485 ALFAM1.xlsx        4039      IGER          0    23.10
2486 ALFAM1.xlsx        4040      IGER          0    26.40
2487 ALFAM1.xlsx        4041      IGER          0    18.20
2488 ALFAM1.xlsx        4042      IGER          0    21.60
2489 ALFAM1.xlsx        4043      IGER          0    21.50
2490 ALFAM1.xlsx        4044      IGER          0    19.60
2491 ALFAM1.xlsx        4045      IGER          0    20.50
2492 ALFAM1.xlsx        4046      IGER          0    20.90
2493 ALFAM1.xlsx        4047      IGER          0       NA
2494 ALFAM1.xlsx        4048      IGER          0       NA
2495 ALFAM1.xlsx        4049      IGER          0       NA
2496 ALFAM1.xlsx        4050      IGER          0       NA
2497 ALFAM1.xlsx        4051      IGER          0       NA
2498 ALFAM1.xlsx        4052      IGER          0    23.10
2499 ALFAM1.xlsx        4053      IGER          0    26.40
2500 ALFAM1.xlsx        4054      IGER          0    18.20
2501 ALFAM1.xlsx        4055      IGER          0    21.60
2502 ALFAM1.xlsx        4056      IGER          0    21.50
2503 ALFAM1.xlsx        4057      IGER          0    19.60
2504 ALFAM1.xlsx        4058      IGER          0    20.50
2505 ALFAM1.xlsx        4059      IGER          0    20.90
2506 ALFAM1.xlsx        4060      IGER          0       NA
2507 ALFAM1.xlsx        4061      IGER          0       NA
2508 ALFAM1.xlsx        4062      IGER          0       NA
2509 ALFAM1.xlsx        4063      IGER          0       NA
2510 ALFAM1.xlsx        4064      IGER          0       NA
2511 ALFAM1.xlsx        4065      IGER          0    23.10
2512 ALFAM1.xlsx        4066      IGER          0    26.40
2513 ALFAM1.xlsx        4067      IGER          0    18.20
2514 ALFAM1.xlsx        4068      IGER          0    21.60
2515 ALFAM1.xlsx        4069      IGER          0    21.50
2516 ALFAM1.xlsx        4070      IGER          0    19.60
2517 ALFAM1.xlsx        4071      IGER          0    20.50
2518 ALFAM1.xlsx        4072      IGER          0    20.90
2519 ALFAM1.xlsx        4073      IGER          0       NA
2520 ALFAM1.xlsx        4074      IGER          0       NA
2521 ALFAM1.xlsx        4075      IGER          0       NA
2522 ALFAM1.xlsx        4076      IGER          0       NA
2523 ALFAM1.xlsx        4077      IGER          0       NA
2524 ALFAM1.xlsx        4078      IGER          0    23.10
2525 ALFAM1.xlsx        4079      IGER          0    26.40
2526 ALFAM1.xlsx        4080      IGER          0    18.20
2527 ALFAM1.xlsx        4081      IGER          0    21.60
2528 ALFAM1.xlsx        4082      IGER          0    21.50
2529 ALFAM1.xlsx        4083      IGER          0    19.60
2530 ALFAM1.xlsx        4084      IGER          0    20.50
2531 ALFAM1.xlsx        4085      IGER          0    20.90
2532 ALFAM1.xlsx        4086      IGER          0       NA
2533 ALFAM1.xlsx        4087      IGER          0       NA
2534 ALFAM1.xlsx        4088      IGER          0       NA
2535 ALFAM1.xlsx        4089      IGER          0       NA
2536 ALFAM1.xlsx        4090      IGER          0       NA
2537 ALFAM1.xlsx        4091      IGER          0    23.10
2538 ALFAM1.xlsx        4092      IGER          0    26.40
2539 ALFAM1.xlsx        4093      IGER          0    18.20
2540 ALFAM1.xlsx        4094      IGER          0    21.60
2541 ALFAM1.xlsx        4095      IGER          0    21.50
2542 ALFAM1.xlsx        4096      IGER          0    19.60
2543 ALFAM1.xlsx        4097      IGER          0    20.50
2544 ALFAM1.xlsx        4098      IGER          0    20.90
2545 ALFAM1.xlsx        4099      IGER          0       NA
2546 ALFAM1.xlsx        4100      IGER          0       NA
2547 ALFAM1.xlsx        4101      IGER          0       NA
2548 ALFAM1.xlsx        4102      IGER          0       NA
2549 ALFAM1.xlsx        4103      IGER          0       NA
2550 ALFAM1.xlsx        4104      IGER          0    23.10
2551 ALFAM1.xlsx        4105      IGER          0    26.40
2552 ALFAM1.xlsx        4106      IGER          0    18.20
2553 ALFAM1.xlsx        4107      IGER          0    21.60
2554 ALFAM1.xlsx        4108      IGER          0    21.50
2555 ALFAM1.xlsx        4109      IGER          0    19.60
2556 ALFAM1.xlsx        4110      IGER          0    20.50
2557 ALFAM1.xlsx        4111      IGER          0    20.90
2558 ALFAM1.xlsx        4112      IGER          0       NA
2559 ALFAM1.xlsx        4113      IGER          0       NA
2560 ALFAM1.xlsx        4114      IGER          0       NA
2561 ALFAM1.xlsx        4115      IGER          0       NA
2562 ALFAM1.xlsx        4116      IGER          0       NA
2563 ALFAM1.xlsx        4117      IGER          0     8.62
2564 ALFAM1.xlsx        4118      IGER          0    11.28
2565 ALFAM1.xlsx        4119      IGER          0     8.53
2566 ALFAM1.xlsx        4120      IGER          0     8.26
2567 ALFAM1.xlsx        4121      IGER          0     7.26
2568 ALFAM1.xlsx        4122      IGER          0     6.22
2575 ALFAM1.xlsx        4129      IGER          0     8.62
2576 ALFAM1.xlsx        4130      IGER          0    11.28
2577 ALFAM1.xlsx        4131      IGER          0     8.53
2578 ALFAM1.xlsx        4132      IGER          0     8.26
2579 ALFAM1.xlsx        4133      IGER          0     7.26
2580 ALFAM1.xlsx        4134      IGER          0     6.22
2587 ALFAM1.xlsx        4141      IGER          0     8.62
2588 ALFAM1.xlsx        4142      IGER          0    11.28
2589 ALFAM1.xlsx        4143      IGER          0     8.53
2590 ALFAM1.xlsx        4144      IGER          0     8.26
2591 ALFAM1.xlsx        4145      IGER          0     7.26
2592 ALFAM1.xlsx        4146      IGER          0     6.22
2599 ALFAM1.xlsx        4153      IGER          0     8.62
2600 ALFAM1.xlsx        4154      IGER          0    11.28
2601 ALFAM1.xlsx        4155      IGER          0     8.53
2602 ALFAM1.xlsx        4156      IGER          0     8.26
2603 ALFAM1.xlsx        4157      IGER          0     7.26
2604 ALFAM1.xlsx        4158      IGER          0     6.22
2611 ALFAM1.xlsx        4165      IGER          0     8.62
2612 ALFAM1.xlsx        4166      IGER          0    11.28
2613 ALFAM1.xlsx        4167      IGER          0     8.53
2614 ALFAM1.xlsx        4168      IGER          0     8.26
2615 ALFAM1.xlsx        4169      IGER          0     7.26
2616 ALFAM1.xlsx        4170      IGER          0     6.22
2623 ALFAM1.xlsx        4177      IGER          0     8.62
2624 ALFAM1.xlsx        4178      IGER          0    11.28
2625 ALFAM1.xlsx        4179      IGER          0     8.53
2626 ALFAM1.xlsx        4180      IGER          0     8.26
2627 ALFAM1.xlsx        4181      IGER          0     7.26
2628 ALFAM1.xlsx        4182      IGER          0     6.22
2635 ALFAM1.xlsx        4189      IGER          0     8.62
2636 ALFAM1.xlsx        4190      IGER          0    11.28
2637 ALFAM1.xlsx        4191      IGER          0     8.53
2638 ALFAM1.xlsx        4192      IGER          0     8.26
2639 ALFAM1.xlsx        4193      IGER          0     7.26
2640 ALFAM1.xlsx        4194      IGER          0     6.22
2647 ALFAM1.xlsx        4201      IGER          0     8.62
2648 ALFAM1.xlsx        4202      IGER          0    11.28
2649 ALFAM1.xlsx        4203      IGER          0     8.53
2650 ALFAM1.xlsx        4204      IGER          0     8.26
2651 ALFAM1.xlsx        4205      IGER          0     7.26
2652 ALFAM1.xlsx        4206      IGER          0     6.22
2659 ALFAM1.xlsx        4213      IGER          0     8.62
2660 ALFAM1.xlsx        4214      IGER          0    11.28
2661 ALFAM1.xlsx        4215      IGER          0     8.53
2662 ALFAM1.xlsx        4216      IGER          0     8.26
2663 ALFAM1.xlsx        4217      IGER          0     7.26
2664 ALFAM1.xlsx        4218      IGER          0     6.22
2671 ALFAM1.xlsx        4225      IGER          0     1.34
2672 ALFAM1.xlsx        4226      IGER          0     0.19
2673 ALFAM1.xlsx        4227      IGER          0     2.06
2674 ALFAM1.xlsx        4228      IGER          0     0.88
2675 ALFAM1.xlsx        4229      IGER          0     1.90
2676 ALFAM1.xlsx        4230      IGER          0    -0.36
2677 ALFAM1.xlsx        4231      IGER          0     1.45
2678 ALFAM1.xlsx        4232      IGER          0     1.45
2679 ALFAM1.xlsx        4233      IGER          0     5.64
2681 ALFAM1.xlsx        4235      IGER          0     1.34
2682 ALFAM1.xlsx        4236      IGER          0     0.19
2683 ALFAM1.xlsx        4237      IGER          0     2.06
2684 ALFAM1.xlsx        4238      IGER          0     0.88
2685 ALFAM1.xlsx        4239      IGER          0     1.90
2686 ALFAM1.xlsx        4240      IGER          0    -0.36
2687 ALFAM1.xlsx        4241      IGER          0     1.45
2688 ALFAM1.xlsx        4242      IGER          0     1.45
2689 ALFAM1.xlsx        4243      IGER          0     5.64
2691 ALFAM1.xlsx        4245      IGER          0     1.34
2692 ALFAM1.xlsx        4246      IGER          0     0.19
2693 ALFAM1.xlsx        4247      IGER          0     2.06
2694 ALFAM1.xlsx        4248      IGER          0     0.88
2695 ALFAM1.xlsx        4249      IGER          0     1.90
2696 ALFAM1.xlsx        4250      IGER          0    -0.36
2697 ALFAM1.xlsx        4251      IGER          0     1.45
2698 ALFAM1.xlsx        4252      IGER          0     1.45
2699 ALFAM1.xlsx        4253      IGER          0     5.64
2701 ALFAM1.xlsx        4255      IGER          0     1.34
2702 ALFAM1.xlsx        4256      IGER          0     0.19
2703 ALFAM1.xlsx        4257      IGER          0     2.06
2704 ALFAM1.xlsx        4258      IGER          0     0.88
2705 ALFAM1.xlsx        4259      IGER          0     1.90
2706 ALFAM1.xlsx        4260      IGER          0    -0.36
2707 ALFAM1.xlsx        4261      IGER          0     1.45
2708 ALFAM1.xlsx        4262      IGER          0     1.45
2709 ALFAM1.xlsx        4263      IGER          0     5.64
2711 ALFAM1.xlsx        4265      IGER          0     1.34
2712 ALFAM1.xlsx        4266      IGER          0     0.19
2713 ALFAM1.xlsx        4267      IGER          0     2.06
2714 ALFAM1.xlsx        4268      IGER          0     0.88
2715 ALFAM1.xlsx        4269      IGER          0     1.90
2716 ALFAM1.xlsx        4270      IGER          0    -0.36
2717 ALFAM1.xlsx        4271      IGER          0     1.45
2718 ALFAM1.xlsx        4272      IGER          0     1.45
2719 ALFAM1.xlsx        4273      IGER          0     5.64
2721 ALFAM1.xlsx        4275      IGER          0     1.34
2722 ALFAM1.xlsx        4276      IGER          0     0.19
2723 ALFAM1.xlsx        4277      IGER          0     2.06
2724 ALFAM1.xlsx        4278      IGER          0     0.88
2725 ALFAM1.xlsx        4279      IGER          0     1.90
2726 ALFAM1.xlsx        4280      IGER          0    -0.36
2727 ALFAM1.xlsx        4281      IGER          0     1.45
2728 ALFAM1.xlsx        4282      IGER          0     1.45
2729 ALFAM1.xlsx        4283      IGER          0     5.64
2731 ALFAM1.xlsx        4285      IGER          0     1.34
2732 ALFAM1.xlsx        4286      IGER          0     0.19
2733 ALFAM1.xlsx        4287      IGER          0     2.06
2734 ALFAM1.xlsx        4288      IGER          0     0.88
2735 ALFAM1.xlsx        4289      IGER          0     1.90
2736 ALFAM1.xlsx        4290      IGER          0    -0.36
2737 ALFAM1.xlsx        4291      IGER          0     1.45
2738 ALFAM1.xlsx        4292      IGER          0     1.45
2739 ALFAM1.xlsx        4293      IGER          0     5.64
2741 ALFAM1.xlsx        4295      IGER          0     1.34
2742 ALFAM1.xlsx        4296      IGER          0     0.19
2743 ALFAM1.xlsx        4297      IGER          0     2.06
2744 ALFAM1.xlsx        4298      IGER          0     0.88
2745 ALFAM1.xlsx        4299      IGER          0     1.90
2746 ALFAM1.xlsx        4300      IGER          0    -0.36
2747 ALFAM1.xlsx        4301      IGER          0     1.45
2748 ALFAM1.xlsx        4302      IGER          0     1.45
2749 ALFAM1.xlsx        4303      IGER          0     5.64
2751 ALFAM1.xlsx        4305      IGER          0     1.34
2752 ALFAM1.xlsx        4306      IGER          0     0.19
2753 ALFAM1.xlsx        4307      IGER          0     2.06
2754 ALFAM1.xlsx        4308      IGER          0     0.88
2755 ALFAM1.xlsx        4309      IGER          0     1.90
2756 ALFAM1.xlsx        4310      IGER          0    -0.36
2757 ALFAM1.xlsx        4311      IGER          0     1.45
2758 ALFAM1.xlsx        4312      IGER          0     1.45
2759 ALFAM1.xlsx        4313      IGER          0     5.64
2761 ALFAM1.xlsx        4315      IGER          0    11.12
2762 ALFAM1.xlsx        4316      IGER          0    13.44
2763 ALFAM1.xlsx        4317      IGER          0     8.51
2764 ALFAM1.xlsx        4318      IGER          0     8.84
2765 ALFAM1.xlsx        4319      IGER          0     8.18
2766 ALFAM1.xlsx        4320      IGER          0     7.93
2767 ALFAM1.xlsx        4321      IGER          0     8.29
2768 ALFAM1.xlsx        4322      IGER          0     7.74
2769 ALFAM1.xlsx        4323      IGER          0     6.87
2770 ALFAM1.xlsx        4324      IGER          0     7.25
2771 ALFAM1.xlsx        4325      IGER          0     6.36
2772 ALFAM1.xlsx        4326      IGER          0    11.12
2773 ALFAM1.xlsx        4327      IGER          0    13.44
2774 ALFAM1.xlsx        4328      IGER          0     8.51
2775 ALFAM1.xlsx        4329      IGER          0     8.84
2776 ALFAM1.xlsx        4330      IGER          0     8.18
2777 ALFAM1.xlsx        4331      IGER          0     7.93
2778 ALFAM1.xlsx        4332      IGER          0     8.29
2779 ALFAM1.xlsx        4333      IGER          0     7.74
2780 ALFAM1.xlsx        4334      IGER          0     6.87
2781 ALFAM1.xlsx        4335      IGER          0     7.25
2782 ALFAM1.xlsx        4336      IGER          0     6.36
2783 ALFAM1.xlsx        4337      IGER          0    11.12
2784 ALFAM1.xlsx        4338      IGER          0    13.44
2785 ALFAM1.xlsx        4339      IGER          0     8.51
2786 ALFAM1.xlsx        4340      IGER          0     8.84
2787 ALFAM1.xlsx        4341      IGER          0     8.18
2788 ALFAM1.xlsx        4342      IGER          0     7.93
2789 ALFAM1.xlsx        4343      IGER          0     8.29
2790 ALFAM1.xlsx        4344      IGER          0     7.74
2791 ALFAM1.xlsx        4345      IGER          0     6.87
2792 ALFAM1.xlsx        4346      IGER          0     7.25
2793 ALFAM1.xlsx        4347      IGER          0     6.36
2794 ALFAM1.xlsx        4348      IGER          0    11.12
2795 ALFAM1.xlsx        4349      IGER          0    13.44
2796 ALFAM1.xlsx        4350      IGER          0     8.51
2797 ALFAM1.xlsx        4351      IGER          0     8.84
2798 ALFAM1.xlsx        4352      IGER          0     8.18
2799 ALFAM1.xlsx        4353      IGER          0     7.93
2800 ALFAM1.xlsx        4354      IGER          0     8.29
2801 ALFAM1.xlsx        4355      IGER          0     7.74
2802 ALFAM1.xlsx        4356      IGER          0     6.87
2803 ALFAM1.xlsx        4357      IGER          0     7.25
2804 ALFAM1.xlsx        4358      IGER          0     6.36
2805 ALFAM1.xlsx        4359      IGER          0    11.12
2806 ALFAM1.xlsx        4360      IGER          0    13.44
2807 ALFAM1.xlsx        4361      IGER          0     8.51
2808 ALFAM1.xlsx        4362      IGER          0     8.84
2809 ALFAM1.xlsx        4363      IGER          0     8.18
2810 ALFAM1.xlsx        4364      IGER          0     7.93
2811 ALFAM1.xlsx        4365      IGER          0     8.29
2812 ALFAM1.xlsx        4366      IGER          0     7.74
2813 ALFAM1.xlsx        4367      IGER          0     6.87
2814 ALFAM1.xlsx        4368      IGER          0     7.25
2815 ALFAM1.xlsx        4369      IGER          0     6.36
2816 ALFAM1.xlsx        4370      IGER          0    11.12
2817 ALFAM1.xlsx        4371      IGER          0    13.44
2818 ALFAM1.xlsx        4372      IGER          0     8.51
2819 ALFAM1.xlsx        4373      IGER          0     8.84
2820 ALFAM1.xlsx        4374      IGER          0     8.18
2821 ALFAM1.xlsx        4375      IGER          0     7.93
2822 ALFAM1.xlsx        4376      IGER          0     8.29
2823 ALFAM1.xlsx        4377      IGER          0     7.74
2824 ALFAM1.xlsx        4378      IGER          0     6.87
2825 ALFAM1.xlsx        4379      IGER          0     7.25
2826 ALFAM1.xlsx        4380      IGER          0     6.36
2827 ALFAM1.xlsx        4381      IGER          0    11.12
2828 ALFAM1.xlsx        4382      IGER          0    13.44
2829 ALFAM1.xlsx        4383      IGER          0     8.51
2830 ALFAM1.xlsx        4384      IGER          0     8.84
2831 ALFAM1.xlsx        4385      IGER          0     8.18
2832 ALFAM1.xlsx        4386      IGER          0     7.93
2833 ALFAM1.xlsx        4387      IGER          0     8.29
2834 ALFAM1.xlsx        4388      IGER          0     7.74
2835 ALFAM1.xlsx        4389      IGER          0     6.87
2836 ALFAM1.xlsx        4390      IGER          0     7.25
2837 ALFAM1.xlsx        4391      IGER          0     6.36
2838 ALFAM1.xlsx        4392      IGER          0    11.12
2839 ALFAM1.xlsx        4393      IGER          0    13.44
2840 ALFAM1.xlsx        4394      IGER          0     8.51
2841 ALFAM1.xlsx        4395      IGER          0     8.84
2842 ALFAM1.xlsx        4396      IGER          0     8.18
2843 ALFAM1.xlsx        4397      IGER          0     7.93
2844 ALFAM1.xlsx        4398      IGER          0     8.29
2845 ALFAM1.xlsx        4399      IGER          0     7.74
2846 ALFAM1.xlsx        4400      IGER          0     6.87
2847 ALFAM1.xlsx        4401      IGER          0     7.25
2848 ALFAM1.xlsx        4402      IGER          0     6.36
2849 ALFAM1.xlsx        4403      IGER          0    11.12
2850 ALFAM1.xlsx        4404      IGER          0    13.44
2851 ALFAM1.xlsx        4405      IGER          0     8.51
2852 ALFAM1.xlsx        4406      IGER          0     8.84
2853 ALFAM1.xlsx        4407      IGER          0     8.18
2854 ALFAM1.xlsx        4408      IGER          0     7.93
2855 ALFAM1.xlsx        4409      IGER          0     8.29
2856 ALFAM1.xlsx        4410      IGER          0     7.74
2857 ALFAM1.xlsx        4411      IGER          0     6.87
2858 ALFAM1.xlsx        4412      IGER          0     7.25
2859 ALFAM1.xlsx        4413      IGER          0     6.36
2860 ALFAM1.xlsx        4414      IGER          0    23.08
2861 ALFAM1.xlsx        4415      IGER          0    27.33
2862 ALFAM1.xlsx        4416      IGER          0    17.94
2863 ALFAM1.xlsx        4417      IGER          0    19.63
2864 ALFAM1.xlsx        4418      IGER          0    16.27
2865 ALFAM1.xlsx        4419      IGER          0    17.00
2866 ALFAM1.xlsx        4420      IGER          0    16.82
2867 ALFAM1.xlsx        4421      IGER          0    15.88
2868 ALFAM1.xlsx        4422      IGER          0    16.39
2869 ALFAM1.xlsx        4423      IGER          0    15.57
2870 ALFAM1.xlsx        4424      IGER          0    15.35
2871 ALFAM1.xlsx        4425      IGER          0    23.08
2872 ALFAM1.xlsx        4426      IGER          0    27.33
2873 ALFAM1.xlsx        4427      IGER          0    17.94
2874 ALFAM1.xlsx        4428      IGER          0    19.63
2875 ALFAM1.xlsx        4429      IGER          0    16.27
2876 ALFAM1.xlsx        4430      IGER          0    17.00
2877 ALFAM1.xlsx        4431      IGER          0    16.82
2878 ALFAM1.xlsx        4432      IGER          0    15.88
2879 ALFAM1.xlsx        4433      IGER          0    16.39
2880 ALFAM1.xlsx        4434      IGER          0    15.57
2881 ALFAM1.xlsx        4435      IGER          0    15.35
2882 ALFAM1.xlsx        4436      IGER          0    23.08
2883 ALFAM1.xlsx        4437      IGER          0    27.33
2884 ALFAM1.xlsx        4438      IGER          0    17.94
2885 ALFAM1.xlsx        4439      IGER          0    19.63
2886 ALFAM1.xlsx        4440      IGER          0    16.27
2887 ALFAM1.xlsx        4441      IGER          0    17.00
2888 ALFAM1.xlsx        4442      IGER          0    16.82
2889 ALFAM1.xlsx        4443      IGER          0    15.88
2890 ALFAM1.xlsx        4444      IGER          0    16.39
2891 ALFAM1.xlsx        4445      IGER          0    15.57
2892 ALFAM1.xlsx        4446      IGER          0    15.35
2893 ALFAM1.xlsx        4447      IGER          0    23.08
2894 ALFAM1.xlsx        4448      IGER          0    27.33
2895 ALFAM1.xlsx        4449      IGER          0    17.94
2896 ALFAM1.xlsx        4450      IGER          0    19.63
2897 ALFAM1.xlsx        4451      IGER          0    16.27
2898 ALFAM1.xlsx        4452      IGER          0    17.00
2899 ALFAM1.xlsx        4453      IGER          0    16.82
2900 ALFAM1.xlsx        4454      IGER          0    15.88
2901 ALFAM1.xlsx        4455      IGER          0    16.39
2902 ALFAM1.xlsx        4456      IGER          0    15.57
2903 ALFAM1.xlsx        4457      IGER          0    15.35
2904 ALFAM1.xlsx        4458      IGER          0    23.08
2905 ALFAM1.xlsx        4459      IGER          0    27.33
2906 ALFAM1.xlsx        4460      IGER          0    17.94
2907 ALFAM1.xlsx        4461      IGER          0    19.63
2908 ALFAM1.xlsx        4462      IGER          0    16.27
2909 ALFAM1.xlsx        4463      IGER          0    17.00
2910 ALFAM1.xlsx        4464      IGER          0    16.82
2911 ALFAM1.xlsx        4465      IGER          0    15.88
2912 ALFAM1.xlsx        4466      IGER          0    16.39
2913 ALFAM1.xlsx        4467      IGER          0    15.57
2914 ALFAM1.xlsx        4468      IGER          0    15.35
2915 ALFAM1.xlsx        4469      IGER          0    23.08
2916 ALFAM1.xlsx        4470      IGER          0    27.33
2917 ALFAM1.xlsx        4471      IGER          0    17.94
2918 ALFAM1.xlsx        4472      IGER          0    19.63
2919 ALFAM1.xlsx        4473      IGER          0    16.27
2920 ALFAM1.xlsx        4474      IGER          0    17.00
2921 ALFAM1.xlsx        4475      IGER          0    16.82
2922 ALFAM1.xlsx        4476      IGER          0    15.88
2923 ALFAM1.xlsx        4477      IGER          0    16.39
2924 ALFAM1.xlsx        4478      IGER          0    15.57
2925 ALFAM1.xlsx        4479      IGER          0    15.35
2926 ALFAM1.xlsx        4480      IGER          0    23.08
2927 ALFAM1.xlsx        4481      IGER          0    27.33
2928 ALFAM1.xlsx        4482      IGER          0    17.94
2929 ALFAM1.xlsx        4483      IGER          0    19.63
2930 ALFAM1.xlsx        4484      IGER          0    16.27
2931 ALFAM1.xlsx        4485      IGER          0    17.00
2932 ALFAM1.xlsx        4486      IGER          0    16.82
2933 ALFAM1.xlsx        4487      IGER          0    15.88
2934 ALFAM1.xlsx        4488      IGER          0    16.39
2935 ALFAM1.xlsx        4489      IGER          0    15.57
2936 ALFAM1.xlsx        4490      IGER          0    15.35
2937 ALFAM1.xlsx        4491      IGER          0    23.08
2938 ALFAM1.xlsx        4492      IGER          0    27.33
2939 ALFAM1.xlsx        4493      IGER          0    17.94
2940 ALFAM1.xlsx        4494      IGER          0    19.63
2941 ALFAM1.xlsx        4495      IGER          0    16.27
2942 ALFAM1.xlsx        4496      IGER          0    17.00
2943 ALFAM1.xlsx        4497      IGER          0    16.82
2944 ALFAM1.xlsx        4498      IGER          0    15.88
2945 ALFAM1.xlsx        4499      IGER          0    16.39
2946 ALFAM1.xlsx        4500      IGER          0    15.57
2947 ALFAM1.xlsx        4501      IGER          0    15.35
2948 ALFAM1.xlsx        4502      IGER          0    23.08
2949 ALFAM1.xlsx        4503      IGER          0    27.33
2950 ALFAM1.xlsx        4504      IGER          0    17.94
2951 ALFAM1.xlsx        4505      IGER          0    19.63
2952 ALFAM1.xlsx        4506      IGER          0    16.27
2953 ALFAM1.xlsx        4507      IGER          0    17.00
2954 ALFAM1.xlsx        4508      IGER          0    16.82
2955 ALFAM1.xlsx        4509      IGER          0    15.88
2956 ALFAM1.xlsx        4510      IGER          0    16.39
2957 ALFAM1.xlsx        4511      IGER          0    15.57
2958 ALFAM1.xlsx        4512      IGER          0    15.35
2959 ALFAM1.xlsx        4513      IGER          0     7.76
2960 ALFAM1.xlsx        4514      IGER          0     6.16
2961 ALFAM1.xlsx        4515      IGER          0     3.11
2962 ALFAM1.xlsx        4516      IGER          0     4.72
2963 ALFAM1.xlsx        4517      IGER          0     3.30
2964 ALFAM1.xlsx        4518      IGER          0     5.35
2965 ALFAM1.xlsx        4519      IGER          0     5.69
2966 ALFAM1.xlsx        4520      IGER          0     4.33
2967 ALFAM1.xlsx        4521      IGER          0     7.76
2968 ALFAM1.xlsx        4522      IGER          0     6.16
2969 ALFAM1.xlsx        4523      IGER          0     3.11
2970 ALFAM1.xlsx        4524      IGER          0     4.72
2971 ALFAM1.xlsx        4525      IGER          0     3.30
2972 ALFAM1.xlsx        4526      IGER          0     5.35
2973 ALFAM1.xlsx        4527      IGER          0     5.69
2974 ALFAM1.xlsx        4528      IGER          0     4.33
2975 ALFAM1.xlsx        4529      IGER          0     7.76
2976 ALFAM1.xlsx        4530      IGER          0     6.16
2977 ALFAM1.xlsx        4531      IGER          0     3.11
2978 ALFAM1.xlsx        4532      IGER          0     4.72
2979 ALFAM1.xlsx        4533      IGER          0     3.30
2980 ALFAM1.xlsx        4534      IGER          0     5.35
2981 ALFAM1.xlsx        4535      IGER          0     5.69
2982 ALFAM1.xlsx        4536      IGER          0     4.33
2983 ALFAM1.xlsx        4537      IGER          0     7.76
2984 ALFAM1.xlsx        4538      IGER          0     6.16
2985 ALFAM1.xlsx        4539      IGER          0     3.11
2986 ALFAM1.xlsx        4540      IGER          0     4.72
2987 ALFAM1.xlsx        4541      IGER          0     3.30
2988 ALFAM1.xlsx        4542      IGER          0     5.35
2989 ALFAM1.xlsx        4543      IGER          0     5.69
2990 ALFAM1.xlsx        4544      IGER          0     4.33
2991 ALFAM1.xlsx        4545      IGER          0     7.76
2992 ALFAM1.xlsx        4546      IGER          0     6.16
2993 ALFAM1.xlsx        4547      IGER          0     3.11
2994 ALFAM1.xlsx        4548      IGER          0     4.72
2995 ALFAM1.xlsx        4549      IGER          0     3.30
2996 ALFAM1.xlsx        4550      IGER          0     5.35
2997 ALFAM1.xlsx        4551      IGER          0     5.69
2998 ALFAM1.xlsx        4552      IGER          0     4.33
2999 ALFAM1.xlsx        4553      IGER          0     7.76
3000 ALFAM1.xlsx        4554      IGER          0     6.16
3001 ALFAM1.xlsx        4555      IGER          0     3.11
3002 ALFAM1.xlsx        4556      IGER          0     4.72
3003 ALFAM1.xlsx        4557      IGER          0     3.30
3004 ALFAM1.xlsx        4558      IGER          0     5.35
3005 ALFAM1.xlsx        4559      IGER          0     5.69
3006 ALFAM1.xlsx        4560      IGER          0     4.33
3007 ALFAM1.xlsx        4561      IGER          0     7.76
3008 ALFAM1.xlsx        4562      IGER          0     6.16
3009 ALFAM1.xlsx        4563      IGER          0     3.11
3010 ALFAM1.xlsx        4564      IGER          0     4.72
3011 ALFAM1.xlsx        4565      IGER          0     3.30
3012 ALFAM1.xlsx        4566      IGER          0     5.35
3013 ALFAM1.xlsx        4567      IGER          0     5.69
3014 ALFAM1.xlsx        4568      IGER          0     4.33
3015 ALFAM1.xlsx        4569      IGER          0     7.76
3016 ALFAM1.xlsx        4570      IGER          0     6.16
3017 ALFAM1.xlsx        4571      IGER          0     3.11
3018 ALFAM1.xlsx        4572      IGER          0     4.72
3019 ALFAM1.xlsx        4573      IGER          0     3.30
3020 ALFAM1.xlsx        4574      IGER          0     5.35
3021 ALFAM1.xlsx        4575      IGER          0     5.69
3022 ALFAM1.xlsx        4576      IGER          0     4.33
3023 ALFAM1.xlsx        4577      IGER          0     7.76
3024 ALFAM1.xlsx        4578      IGER          0     6.16
3025 ALFAM1.xlsx        4579      IGER          0     3.11
3026 ALFAM1.xlsx        4580      IGER          0     4.72
3027 ALFAM1.xlsx        4581      IGER          0     3.30
3028 ALFAM1.xlsx        4582      IGER          0     5.35
3029 ALFAM1.xlsx        4583      IGER          0     5.69
3030 ALFAM1.xlsx        4584      IGER          0     4.33
3031 ALFAM1.xlsx        4585      IGER          0     5.59
3032 ALFAM1.xlsx        4586      IGER          0     6.65
3033 ALFAM1.xlsx        4587      IGER          0     1.62
3034 ALFAM1.xlsx        4588      IGER          0     5.72
3035 ALFAM1.xlsx        4589      IGER          0     5.59
3036 ALFAM1.xlsx        4590      IGER          0     6.65
3037 ALFAM1.xlsx        4591      IGER          0     1.62
3038 ALFAM1.xlsx        4592      IGER          0     5.72
3039 ALFAM1.xlsx        4593      IGER          0     5.59
3040 ALFAM1.xlsx        4594      IGER          0     6.65
3041 ALFAM1.xlsx        4595      IGER          0     1.62
3042 ALFAM1.xlsx        4596      IGER          0     5.72
3043 ALFAM1.xlsx        4597      IGER          0     5.59
3044 ALFAM1.xlsx        4598      IGER          0     6.65
3045 ALFAM1.xlsx        4599      IGER          0     1.62
3046 ALFAM1.xlsx        4600      IGER          0     5.72
3047 ALFAM1.xlsx        4601      IGER          0     5.59
3048 ALFAM1.xlsx        4602      IGER          0     6.65
3049 ALFAM1.xlsx        4603      IGER          0     1.62
3050 ALFAM1.xlsx        4604      IGER          0     5.72
3051 ALFAM1.xlsx        4605      IGER          0     5.59
3052 ALFAM1.xlsx        4606      IGER          0     6.65
3053 ALFAM1.xlsx        4607      IGER          0     1.62
3054 ALFAM1.xlsx        4608      IGER          0     5.72
3055 ALFAM1.xlsx        4609      IGER          0     5.59
3056 ALFAM1.xlsx        4610      IGER          0     6.65
3057 ALFAM1.xlsx        4611      IGER          0     1.62
3058 ALFAM1.xlsx        4612      IGER          0     5.72
3059 ALFAM1.xlsx        4613      IGER          0     5.59
3060 ALFAM1.xlsx        4614      IGER          0     6.65
3061 ALFAM1.xlsx        4615      IGER          0     1.62
3062 ALFAM1.xlsx        4616      IGER          0     5.72
3063 ALFAM1.xlsx        4617      IGER          0     5.59
3064 ALFAM1.xlsx        4618      IGER          0     6.65
3065 ALFAM1.xlsx        4619      IGER          0     1.62
3066 ALFAM1.xlsx        4620      IGER          0     5.72
3157 ALFAM1.xlsx        4711      IGER          0    12.20
3158 ALFAM1.xlsx        4712      IGER          0    13.86
3159 ALFAM1.xlsx        4713      IGER          0    12.81
3160 ALFAM1.xlsx        4714      IGER          0    15.57
3161 ALFAM1.xlsx        4715      IGER          0    15.53
3162 ALFAM1.xlsx        4716      IGER          0    17.01
3163 ALFAM1.xlsx        4765      IGER          0    12.20
3164 ALFAM1.xlsx        4766      IGER          0    13.86
3165 ALFAM1.xlsx        4767      IGER          0    12.81
3166 ALFAM1.xlsx        4768      IGER          0    15.57
3167 ALFAM1.xlsx        4769      IGER          0    15.53
3168 ALFAM1.xlsx        4770      IGER          0    17.01
3169 ALFAM1.xlsx        4717      IGER          0    12.20
3170 ALFAM1.xlsx        4718      IGER          0    13.86
3171 ALFAM1.xlsx        4719      IGER          0    12.81
3172 ALFAM1.xlsx        4720      IGER          0    15.57
3173 ALFAM1.xlsx        4721      IGER          0    15.53
3174 ALFAM1.xlsx        4722      IGER          0    17.01
3175 ALFAM1.xlsx        4723      IGER          0    12.20
3176 ALFAM1.xlsx        4724      IGER          0    13.86
3177 ALFAM1.xlsx        4725      IGER          0    12.81
3178 ALFAM1.xlsx        4726      IGER          0    15.57
3179 ALFAM1.xlsx        4727      IGER          0    15.53
3180 ALFAM1.xlsx        4728      IGER          0    17.01
3181 ALFAM1.xlsx        4729      IGER          0    12.20
3182 ALFAM1.xlsx        4730      IGER          0    13.86
3183 ALFAM1.xlsx        4731      IGER          0    12.81
3184 ALFAM1.xlsx        4732      IGER          0    15.57
3185 ALFAM1.xlsx        4733      IGER          0    15.53
3186 ALFAM1.xlsx        4734      IGER          0    17.01
3187 ALFAM1.xlsx        4735      IGER          0    12.20
3188 ALFAM1.xlsx        4736      IGER          0    13.86
3189 ALFAM1.xlsx        4737      IGER          0    12.81
3190 ALFAM1.xlsx        4738      IGER          0    15.57
3191 ALFAM1.xlsx        4739      IGER          0    15.53
3192 ALFAM1.xlsx        4740      IGER          0    17.01
3193 ALFAM1.xlsx        4741      IGER          0    12.20
3194 ALFAM1.xlsx        4742      IGER          0    13.86
3195 ALFAM1.xlsx        4743      IGER          0    12.81
3196 ALFAM1.xlsx        4744      IGER          0    15.57
3197 ALFAM1.xlsx        4745      IGER          0    15.53
3198 ALFAM1.xlsx        4746      IGER          0    17.01
3199 ALFAM1.xlsx        4747      IGER          0    12.20
3200 ALFAM1.xlsx        4748      IGER          0    13.86
3201 ALFAM1.xlsx        4749      IGER          0    12.81
3202 ALFAM1.xlsx        4750      IGER          0    15.57
3203 ALFAM1.xlsx        4751      IGER          0    15.53
3204 ALFAM1.xlsx        4752      IGER          0    17.01
3205 ALFAM1.xlsx        4753      IGER          0    12.20
3206 ALFAM1.xlsx        4754      IGER          0    13.86
3207 ALFAM1.xlsx        4755      IGER          0    12.81
3208 ALFAM1.xlsx        4756      IGER          0    15.57
3209 ALFAM1.xlsx        4757      IGER          0    15.53
3210 ALFAM1.xlsx        4758      IGER          0    17.01
3211 ALFAM1.xlsx        4759      IGER          0    12.20
3212 ALFAM1.xlsx        4760      IGER          0    13.86
3213 ALFAM1.xlsx        4761      IGER          0    12.81
3214 ALFAM1.xlsx        4762      IGER          0    15.57
3215 ALFAM1.xlsx        4763      IGER          0    15.53
3216 ALFAM1.xlsx        4764      IGER          0    17.01
3217 ALFAM1.xlsx        4771      IGER          0    11.40
3218 ALFAM1.xlsx        4772      IGER          0    11.40
3219 ALFAM1.xlsx        4773      IGER          0    11.40
3220 ALFAM1.xlsx        4774      IGER          0    11.40
3221 ALFAM1.xlsx        4775      IGER          0    11.40
3222 ALFAM1.xlsx        4776      IGER          0    11.40
3223 ALFAM1.xlsx        4825      IGER          0    11.40
3224 ALFAM1.xlsx        4826      IGER          0    11.40
3225 ALFAM1.xlsx        4827      IGER          0    11.40
3226 ALFAM1.xlsx        4828      IGER          0    11.40
3227 ALFAM1.xlsx        4829      IGER          0    11.40
3228 ALFAM1.xlsx        4830      IGER          0    11.40
3229 ALFAM1.xlsx        4777      IGER          0    11.40
3230 ALFAM1.xlsx        4778      IGER          0    11.40
3231 ALFAM1.xlsx        4779      IGER          0    11.40
3232 ALFAM1.xlsx        4780      IGER          0    11.40
3233 ALFAM1.xlsx        4781      IGER          0    11.40
3234 ALFAM1.xlsx        4782      IGER          0    11.40
3235 ALFAM1.xlsx        4783      IGER          0    11.40
3236 ALFAM1.xlsx        4784      IGER          0    11.40
3237 ALFAM1.xlsx        4785      IGER          0    11.40
3238 ALFAM1.xlsx        4786      IGER          0    11.40
3239 ALFAM1.xlsx        4787      IGER          0    11.40
3240 ALFAM1.xlsx        4788      IGER          0    11.40
3241 ALFAM1.xlsx        4789      IGER          0    11.40
3242 ALFAM1.xlsx        4790      IGER          0    11.40
3243 ALFAM1.xlsx        4791      IGER          0    11.40
3244 ALFAM1.xlsx        4792      IGER          0    11.40
3245 ALFAM1.xlsx        4793      IGER          0    11.40
3246 ALFAM1.xlsx        4794      IGER          0    11.40
3247 ALFAM1.xlsx        4795      IGER          0    11.40
3248 ALFAM1.xlsx        4796      IGER          0    11.40
3249 ALFAM1.xlsx        4797      IGER          0    11.40
3250 ALFAM1.xlsx        4798      IGER          0    11.40
3251 ALFAM1.xlsx        4799      IGER          0    11.40
3252 ALFAM1.xlsx        4800      IGER          0    11.40
3253 ALFAM1.xlsx        4801      IGER          0    11.40
3254 ALFAM1.xlsx        4802      IGER          0    11.40
3255 ALFAM1.xlsx        4803      IGER          0    11.40
3256 ALFAM1.xlsx        4804      IGER          0    11.40
3257 ALFAM1.xlsx        4805      IGER          0    11.40
3258 ALFAM1.xlsx        4806      IGER          0    11.40
3259 ALFAM1.xlsx        4807      IGER          0    11.40
3260 ALFAM1.xlsx        4808      IGER          0    11.40
3261 ALFAM1.xlsx        4809      IGER          0    11.40
3262 ALFAM1.xlsx        4810      IGER          0    11.40
3263 ALFAM1.xlsx        4811      IGER          0    11.40
3264 ALFAM1.xlsx        4812      IGER          0    11.40
3265 ALFAM1.xlsx        4813      IGER          0    11.40
3266 ALFAM1.xlsx        4814      IGER          0    11.40
3267 ALFAM1.xlsx        4815      IGER          0    11.40
3268 ALFAM1.xlsx        4816      IGER          0    11.40
3269 ALFAM1.xlsx        4817      IGER          0    11.40
3270 ALFAM1.xlsx        4818      IGER          0    11.40
3271 ALFAM1.xlsx        4819      IGER          0    11.40
3272 ALFAM1.xlsx        4820      IGER          0    11.40
3273 ALFAM1.xlsx        4821      IGER          0    11.40
3274 ALFAM1.xlsx        4822      IGER          0    11.40
3275 ALFAM1.xlsx        4823      IGER          0    11.40
3276 ALFAM1.xlsx        4824      IGER          0    11.40
3277 ALFAM1.xlsx        4831      IGER          0    13.60
3278 ALFAM1.xlsx        4832      IGER          0    13.60
3279 ALFAM1.xlsx        4833      IGER          0    13.60
3280 ALFAM1.xlsx        4834      IGER          0    13.60
3281 ALFAM1.xlsx        4835      IGER          0    13.60
3282 ALFAM1.xlsx        4836      IGER          0    13.60
3283 ALFAM1.xlsx        4837      IGER          0    13.60
3284 ALFAM1.xlsx        4838      IGER          0    13.60
3285 ALFAM1.xlsx        4839      IGER          0    13.60
3286 ALFAM1.xlsx        4840      IGER          0    13.60
3287 ALFAM1.xlsx        4841      IGER          0    13.60
3288 ALFAM1.xlsx        4842      IGER          0    13.60
3289 ALFAM1.xlsx        4843      IGER          0    13.60
3290 ALFAM1.xlsx        4844      IGER          0    13.60
3291 ALFAM1.xlsx        4845      IGER          0    13.60
3292 ALFAM1.xlsx        4846      IGER          0    13.60
3293 ALFAM1.xlsx        4847      IGER          0    13.60
3294 ALFAM1.xlsx        4848      IGER          0    13.60
3295 ALFAM1.xlsx        4849      IGER          0    13.60
3296 ALFAM1.xlsx        4850      IGER          0    13.60
3297 ALFAM1.xlsx        4851      IGER          0    13.60
3298 ALFAM1.xlsx        4852      IGER          0    13.60
3299 ALFAM1.xlsx        4853      IGER          0    13.60
3300 ALFAM1.xlsx        4854      IGER          0    13.60
3301 ALFAM1.xlsx        4855      IGER          0    13.60
3302 ALFAM1.xlsx        4856      IGER          0    13.60
3303 ALFAM1.xlsx        4857      IGER          0    13.60
3304 ALFAM1.xlsx        4858      IGER          0    13.60
3305 ALFAM1.xlsx        4859      IGER          0    13.60
3306 ALFAM1.xlsx        4860      IGER          0    13.60
3307 ALFAM1.xlsx        4861      IGER          0    13.60
3308 ALFAM1.xlsx        4862      IGER          0    13.60
3309 ALFAM1.xlsx        4863      IGER          0    13.60
3310 ALFAM1.xlsx        4864      IGER          0    13.60
3311 ALFAM1.xlsx        4865      IGER          0    13.60
3312 ALFAM1.xlsx        4866      IGER          0    13.60
3313 ALFAM1.xlsx        4867      IGER          0    13.60
3314 ALFAM1.xlsx        4868      IGER          0    13.60
3315 ALFAM1.xlsx        4869      IGER          0    13.60
3316 ALFAM1.xlsx        4870      IGER          0    13.60
3317 ALFAM1.xlsx        4871      IGER          0    13.60
3318 ALFAM1.xlsx        4872      IGER          0    13.60
3319 ALFAM1.xlsx        4873      IGER          0    13.60
3320 ALFAM1.xlsx        4874      IGER          0    13.60
3321 ALFAM1.xlsx        4875      IGER          0    13.60
3322 ALFAM1.xlsx        4876      IGER          0    13.60
3323 ALFAM1.xlsx        4877      IGER          0    13.60
3324 ALFAM1.xlsx        4878      IGER          0    13.60
3325 ALFAM1.xlsx        4879      IGER          0    13.60
3326 ALFAM1.xlsx        4880      IGER          0    13.60
3327 ALFAM1.xlsx        4881      IGER          0    13.60
3328 ALFAM1.xlsx        4882      IGER          0    13.60
3329 ALFAM1.xlsx        4883      IGER          0    13.60
3330 ALFAM1.xlsx        4884      IGER          0    13.60
3331 ALFAM1.xlsx        4885      IGER          0    16.00
3332 ALFAM1.xlsx        4886      IGER          0    16.00
3333 ALFAM1.xlsx        4887      IGER          0    16.00
3334 ALFAM1.xlsx        4888      IGER          0    16.00
3335 ALFAM1.xlsx        4889      IGER          0    16.00
3336 ALFAM1.xlsx        4890      IGER          0    16.00
3337 ALFAM1.xlsx        4891      IGER          0    16.00
3338 ALFAM1.xlsx        4892      IGER          0    16.00
3339 ALFAM1.xlsx        4893      IGER          0    16.00
3340 ALFAM1.xlsx        4894      IGER          0    16.00
3341 ALFAM1.xlsx        4895      IGER          0    16.00
3342 ALFAM1.xlsx        4896      IGER          0    16.00
3343 ALFAM1.xlsx        4897      IGER          0    16.00
3344 ALFAM1.xlsx        4898      IGER          0    16.00
3345 ALFAM1.xlsx        4899      IGER          0    16.00
3346 ALFAM1.xlsx        4900      IGER          0    16.00
3347 ALFAM1.xlsx        4901      IGER          0    16.00
3348 ALFAM1.xlsx        4902      IGER          0    16.00
3349 ALFAM1.xlsx        4903      IGER          0    16.00
3350 ALFAM1.xlsx        4904      IGER          0    16.00
3351 ALFAM1.xlsx        4905      IGER          0    16.00
3352 ALFAM1.xlsx        4906      IGER          0    16.00
3353 ALFAM1.xlsx        4907      IGER          0    16.00
3354 ALFAM1.xlsx        4908      IGER          0    16.00
3355 ALFAM1.xlsx        4909      IGER          0    16.00
3356 ALFAM1.xlsx        4910      IGER          0    16.00
3357 ALFAM1.xlsx        4911      IGER          0    16.00
3358 ALFAM1.xlsx        4912      IGER          0    16.00
3359 ALFAM1.xlsx        4913      IGER          0    16.00
3360 ALFAM1.xlsx        4914      IGER          0    16.00
3361 ALFAM1.xlsx        4915      IGER          0    16.00
3362 ALFAM1.xlsx        4916      IGER          0    16.00
3363 ALFAM1.xlsx        4917      IGER          0    16.00
3364 ALFAM1.xlsx        4918      IGER          0    16.00
3365 ALFAM1.xlsx        4919      IGER          0    16.00
3366 ALFAM1.xlsx        4920      IGER          0    16.00
3367 ALFAM1.xlsx        4921      IGER          0    16.00
3368 ALFAM1.xlsx        4922      IGER          0    16.00
3369 ALFAM1.xlsx        4923      IGER          0    16.00
3370 ALFAM1.xlsx        4924      IGER          0    16.00
3371 ALFAM1.xlsx        4925      IGER          0    16.00
3372 ALFAM1.xlsx        4926      IGER          0    16.00
3373 ALFAM1.xlsx        4927      IGER          0    16.00
3374 ALFAM1.xlsx        4928      IGER          0    16.00
3375 ALFAM1.xlsx        4929      IGER          0    16.00
3376 ALFAM1.xlsx        4930      IGER          0    16.00
3377 ALFAM1.xlsx        4931      IGER          0    16.00
3378 ALFAM1.xlsx        4932      IGER          0    16.00
3379 ALFAM1.xlsx        4933      IGER          0    16.00
3380 ALFAM1.xlsx        4934      IGER          0    16.00
3381 ALFAM1.xlsx        4935      IGER          0    16.00
3382 ALFAM1.xlsx        4936      IGER          0    16.00
3383 ALFAM1.xlsx        4937      IGER          0    16.00
3384 ALFAM1.xlsx        4938      IGER          0    16.00
3481 ALFAM1.xlsx        5035      IGER          0    19.20
3482 ALFAM1.xlsx        5036      IGER          0    20.20
3483 ALFAM1.xlsx        5037      IGER          0    11.90
3487 ALFAM1.xlsx        5041      IGER          0    19.20
3488 ALFAM1.xlsx        5042      IGER          0    20.20
3489 ALFAM1.xlsx        5043      IGER          0    11.90
3493 ALFAM1.xlsx        5047      IGER          0    19.20
3494 ALFAM1.xlsx        5048      IGER          0    20.20
3495 ALFAM1.xlsx        5049      IGER          0    11.90
3499 ALFAM1.xlsx        5053      IGER          0    19.20
3500 ALFAM1.xlsx        5054      IGER          0    20.20
3501 ALFAM1.xlsx        5055      IGER          0    11.90
3505 ALFAM1.xlsx        5059      IGER          0    19.20
3506 ALFAM1.xlsx        5060      IGER          0    20.20
3507 ALFAM1.xlsx        5061      IGER          0    11.90
3511 ALFAM1.xlsx        5065      IGER          0    19.20
3512 ALFAM1.xlsx        5066      IGER          0    20.20
3513 ALFAM1.xlsx        5067      IGER          0    11.90
3517 ALFAM1.xlsx        5071      IGER          0    19.20
3518 ALFAM1.xlsx        5072      IGER          0    20.20
3519 ALFAM1.xlsx        5073      IGER          0    11.90
3523 ALFAM1.xlsx        5077      IGER          0    19.20
3524 ALFAM1.xlsx        5078      IGER          0    20.20
3525 ALFAM1.xlsx        5079      IGER          0    11.90
3529 ALFAM1.xlsx        5083      IGER          0    13.32
3530 ALFAM1.xlsx        5084      IGER          0    12.17
3531 ALFAM1.xlsx        5085      IGER          0    14.01
3532 ALFAM1.xlsx        5086      IGER          0    12.38
3533 ALFAM1.xlsx        5087      IGER          0    12.33
3534 ALFAM1.xlsx        5088      IGER          0    11.20
3535 ALFAM1.xlsx        5089      IGER          0    13.32
3536 ALFAM1.xlsx        5090      IGER          0    12.17
3537 ALFAM1.xlsx        5091      IGER          0    14.01
3538 ALFAM1.xlsx        5092      IGER          0    12.38
3539 ALFAM1.xlsx        5093      IGER          0    12.33
3540 ALFAM1.xlsx        5094      IGER          0    11.20
3541 ALFAM1.xlsx        5095      IGER          0    13.32
3542 ALFAM1.xlsx        5096      IGER          0    12.17
3543 ALFAM1.xlsx        5097      IGER          0    14.01
3544 ALFAM1.xlsx        5098      IGER          0    12.38
3545 ALFAM1.xlsx        5099      IGER          0    12.33
3546 ALFAM1.xlsx        5100      IGER          0    11.20
3547 ALFAM1.xlsx        5101      IGER          0    13.32
3548 ALFAM1.xlsx        5102      IGER          0    12.17
3549 ALFAM1.xlsx        5103      IGER          0    14.01
3550 ALFAM1.xlsx        5104      IGER          0    12.38
3551 ALFAM1.xlsx        5105      IGER          0    12.33
3552 ALFAM1.xlsx        5106      IGER          0    11.20
3553 ALFAM1.xlsx        5107      IGER          0    13.32
3554 ALFAM1.xlsx        5108      IGER          0    12.17
3555 ALFAM1.xlsx        5109      IGER          0    14.01
3556 ALFAM1.xlsx        5110      IGER          0    12.38
3557 ALFAM1.xlsx        5111      IGER          0    12.33
3558 ALFAM1.xlsx        5112      IGER          0    11.20
3559 ALFAM1.xlsx        5113      IGER          0    13.32
3560 ALFAM1.xlsx        5114      IGER          0    12.17
3561 ALFAM1.xlsx        5115      IGER          0    14.01
3562 ALFAM1.xlsx        5116      IGER          0    12.38
3563 ALFAM1.xlsx        5117      IGER          0    12.33
3564 ALFAM1.xlsx        5118      IGER          0    11.20
3565 ALFAM1.xlsx        5119      IGER          0    13.32
3566 ALFAM1.xlsx        5120      IGER          0    12.17
3567 ALFAM1.xlsx        5121      IGER          0    14.01
3568 ALFAM1.xlsx        5122      IGER          0    12.38
3569 ALFAM1.xlsx        5123      IGER          0    12.33
3570 ALFAM1.xlsx        5124      IGER          0    11.20
3571 ALFAM1.xlsx        5125      IGER          0    13.32
3572 ALFAM1.xlsx        5126      IGER          0    12.17
3573 ALFAM1.xlsx        5127      IGER          0    14.01
3574 ALFAM1.xlsx        5128      IGER          0    12.38
3575 ALFAM1.xlsx        5129      IGER          0    12.33
3576 ALFAM1.xlsx        5130      IGER          0    11.20

> unique(x[,c('file', 'institute', 'air.temp.z')])
            file institute air.temp.z
1870 ALFAM1.xlsx      IGER          0

> # Not sure, but there they are all in ALFAM1. Leaving as-is
> 
> # Measurement techniques
> # There should be zero NAs!
> as.character(unique(d$meas .... [TRUNCATED] 
 [1] "wt"        "micro met" "chamber"   "ihf"       "zinst"     "cps"      
 [7] "bls"       "agm"       "fides"     "ec"       

> table(d$meas.tech, exclude = NULL)

      agm       bls   chamber       cps        ec     fides       ihf micro met 
    10345      3335       393      2316       505       401      4250       196 
       wt     zinst 
     8026      1140 

> sum(is.na(d$meas.tech))
[1] 0

> ## Fixed now
> ## agm has a space after it in some cases
> #x <- unique(d[, c('file','institute','meas.tech')])
> #subset(x, meas.tech=='agm ')
> ## .... [TRUNCATED] 

> x <- x[order(x$file,x$row.in.file),]

> dim(x)
[1] 255 110

> x[,c('file','row.in.file', 't.start', 't.end', 'app.start', 'ct', 'field','plot', 'tan.app', 'j.NH3')]
                               file row.in.file             t.start
25868 ALFAM2_PoValley-Italy_v7.xlsx          10 2009-09-23 14:00:00
25869 ALFAM2_PoValley-Italy_v7.xlsx          11 2009-09-23 15:00:00
25870 ALFAM2_PoValley-Italy_v7.xlsx          12 2009-09-23 16:00:00
25871 ALFAM2_PoValley-Italy_v7.xlsx          13 2009-09-23 17:00:00
25872 ALFAM2_PoValley-Italy_v7.xlsx          14 2009-09-23 18:00:00
25873 ALFAM2_PoValley-Italy_v7.xlsx          15 2009-09-23 19:00:00
25874 ALFAM2_PoValley-Italy_v7.xlsx          16 2009-09-23 20:00:00
25875 ALFAM2_PoValley-Italy_v7.xlsx          17 2009-09-23 21:00:00
25876 ALFAM2_PoValley-Italy_v7.xlsx          18 2009-09-23 22:00:00
25877 ALFAM2_PoValley-Italy_v7.xlsx          19 2009-09-23 23:00:00
25878 ALFAM2_PoValley-Italy_v7.xlsx          20 2009-09-24 00:00:00
25879 ALFAM2_PoValley-Italy_v7.xlsx          21 2009-09-24 01:00:00
25880 ALFAM2_PoValley-Italy_v7.xlsx          22 2009-09-24 02:00:00
25881 ALFAM2_PoValley-Italy_v7.xlsx          23 2009-09-24 03:00:00
25882 ALFAM2_PoValley-Italy_v7.xlsx          24 2009-09-24 04:00:00
25883 ALFAM2_PoValley-Italy_v7.xlsx          25 2009-09-24 05:00:00
25884 ALFAM2_PoValley-Italy_v7.xlsx          26 2009-09-24 06:00:00
25885 ALFAM2_PoValley-Italy_v7.xlsx          27 2009-09-24 07:00:00
26497 ALFAM2_PoValley-Italy_v7.xlsx         195 2010-03-14 14:00:00
26498 ALFAM2_PoValley-Italy_v7.xlsx         196 2010-03-14 15:00:00
26499 ALFAM2_PoValley-Italy_v7.xlsx         197 2010-03-14 16:00:00
26500 ALFAM2_PoValley-Italy_v7.xlsx         198 2010-03-14 17:00:00
26501 ALFAM2_PoValley-Italy_v7.xlsx         199 2010-03-14 18:00:00
26502 ALFAM2_PoValley-Italy_v7.xlsx         200 2010-03-14 19:00:00
26503 ALFAM2_PoValley-Italy_v7.xlsx         201 2010-03-14 20:00:00
26504 ALFAM2_PoValley-Italy_v7.xlsx         202 2010-03-14 21:00:00
26505 ALFAM2_PoValley-Italy_v7.xlsx         203 2010-03-14 22:00:00
26506 ALFAM2_PoValley-Italy_v7.xlsx         204 2010-03-14 23:00:00
26507 ALFAM2_PoValley-Italy_v7.xlsx         205 2010-03-15 00:00:00
26508 ALFAM2_PoValley-Italy_v7.xlsx         206 2010-03-15 01:00:00
26509 ALFAM2_PoValley-Italy_v7.xlsx         207 2010-03-15 02:00:00
26510 ALFAM2_PoValley-Italy_v7.xlsx         208 2010-03-15 03:00:00
26511 ALFAM2_PoValley-Italy_v7.xlsx         209 2010-03-15 04:00:00
26512 ALFAM2_PoValley-Italy_v7.xlsx         210 2010-03-15 05:00:00
26513 ALFAM2_PoValley-Italy_v7.xlsx         211 2010-03-15 06:00:00
26514 ALFAM2_PoValley-Italy_v7.xlsx         212 2010-03-15 07:00:00
26515 ALFAM2_PoValley-Italy_v7.xlsx         213 2010-03-15 08:00:00
26516 ALFAM2_PoValley-Italy_v7.xlsx         214 2010-03-15 09:00:00
26517 ALFAM2_PoValley-Italy_v7.xlsx         215 2010-03-15 10:00:00
26518 ALFAM2_PoValley-Italy_v7.xlsx         216 2010-03-15 11:00:00
26519 ALFAM2_PoValley-Italy_v7.xlsx         217 2010-03-15 12:00:00
26520 ALFAM2_PoValley-Italy_v7.xlsx         218 2010-03-15 13:00:00
26521 ALFAM2_PoValley-Italy_v7.xlsx         219 2010-03-15 14:00:00
26522 ALFAM2_PoValley-Italy_v7.xlsx         220 2010-03-15 15:00:00
26523 ALFAM2_PoValley-Italy_v7.xlsx         221 2010-03-15 16:00:00
26524 ALFAM2_PoValley-Italy_v7.xlsx         222 2010-03-15 17:00:00
26525 ALFAM2_PoValley-Italy_v7.xlsx         223 2010-03-15 18:00:00
26526 ALFAM2_PoValley-Italy_v7.xlsx         224 2010-03-15 19:00:00
26527 ALFAM2_PoValley-Italy_v7.xlsx         225 2010-03-15 20:00:00
26528 ALFAM2_PoValley-Italy_v7.xlsx         226 2010-03-15 21:00:00
26529 ALFAM2_PoValley-Italy_v7.xlsx         227 2010-03-15 22:00:00
26530 ALFAM2_PoValley-Italy_v7.xlsx         228 2010-03-15 23:00:00
26531 ALFAM2_PoValley-Italy_v7.xlsx         229 2010-03-16 00:00:00
26532 ALFAM2_PoValley-Italy_v7.xlsx         230 2010-03-16 01:00:00
26533 ALFAM2_PoValley-Italy_v7.xlsx         231 2010-03-16 02:00:00
26534 ALFAM2_PoValley-Italy_v7.xlsx         232 2010-03-16 03:00:00
26535 ALFAM2_PoValley-Italy_v7.xlsx         233 2010-03-16 04:00:00
26536 ALFAM2_PoValley-Italy_v7.xlsx         234 2010-03-16 05:00:00
26537 ALFAM2_PoValley-Italy_v7.xlsx         235 2010-03-16 06:00:00
26538 ALFAM2_PoValley-Italy_v7.xlsx         236 2010-03-16 07:00:00
26539 ALFAM2_PoValley-Italy_v7.xlsx         237 2010-03-16 08:00:00
26540 ALFAM2_PoValley-Italy_v7.xlsx         238 2010-03-16 09:00:00
26541 ALFAM2_PoValley-Italy_v7.xlsx         239 2010-03-16 10:00:00
26542 ALFAM2_PoValley-Italy_v7.xlsx         240 2010-03-16 11:00:00
26543 ALFAM2_PoValley-Italy_v7.xlsx         241 2010-03-16 12:00:00
26544 ALFAM2_PoValley-Italy_v7.xlsx         242 2010-03-16 13:00:00
26545 ALFAM2_PoValley-Italy_v7.xlsx         243 2010-03-16 14:00:00
26546 ALFAM2_PoValley-Italy_v7.xlsx         244 2010-03-16 15:00:00
26547 ALFAM2_PoValley-Italy_v7.xlsx         245 2010-03-16 16:00:00
26548 ALFAM2_PoValley-Italy_v7.xlsx         246 2010-03-16 17:00:00
26549 ALFAM2_PoValley-Italy_v7.xlsx         247 2010-03-16 18:00:00
26550 ALFAM2_PoValley-Italy_v7.xlsx         248 2010-03-16 19:00:00
26551 ALFAM2_PoValley-Italy_v7.xlsx         249 2010-03-16 20:00:00
26552 ALFAM2_PoValley-Italy_v7.xlsx         250 2010-03-16 21:00:00
26553 ALFAM2_PoValley-Italy_v7.xlsx         251 2010-03-16 22:00:00
26554 ALFAM2_PoValley-Italy_v7.xlsx         252 2010-03-16 23:00:00
26555 ALFAM2_PoValley-Italy_v7.xlsx         253 2010-03-17 00:00:00
26556 ALFAM2_PoValley-Italy_v7.xlsx         254 2010-03-17 01:00:00
26557 ALFAM2_PoValley-Italy_v7.xlsx         255 2010-03-17 02:00:00
26558 ALFAM2_PoValley-Italy_v7.xlsx         256 2010-03-17 03:00:00
26559 ALFAM2_PoValley-Italy_v7.xlsx         257 2010-03-17 04:00:00
26560 ALFAM2_PoValley-Italy_v7.xlsx         258 2010-03-17 05:00:00
26561 ALFAM2_PoValley-Italy_v7.xlsx         259 2010-03-17 06:00:00
26562 ALFAM2_PoValley-Italy_v7.xlsx         260 2010-03-17 07:00:00
27824 ALFAM2_PoValley-Italy_v7.xlsx         552 2011-10-09 17:30:00
27825 ALFAM2_PoValley-Italy_v7.xlsx         553 2011-10-09 18:00:00
27826 ALFAM2_PoValley-Italy_v7.xlsx         554 2011-10-09 18:30:00
27827 ALFAM2_PoValley-Italy_v7.xlsx         555 2011-10-09 19:00:00
27828 ALFAM2_PoValley-Italy_v7.xlsx         556 2011-10-09 19:30:00
27829 ALFAM2_PoValley-Italy_v7.xlsx         557 2011-10-09 20:00:00
27830 ALFAM2_PoValley-Italy_v7.xlsx         558 2011-10-09 20:30:00
27831 ALFAM2_PoValley-Italy_v7.xlsx         559 2011-10-09 21:00:00
27832 ALFAM2_PoValley-Italy_v7.xlsx         560 2011-10-09 21:30:00
27833 ALFAM2_PoValley-Italy_v7.xlsx         561 2011-10-09 22:00:00
27834 ALFAM2_PoValley-Italy_v7.xlsx         562 2011-10-09 22:30:00
27835 ALFAM2_PoValley-Italy_v7.xlsx         563 2011-10-09 23:00:00
27836 ALFAM2_PoValley-Italy_v7.xlsx         564 2011-10-09 23:30:00
27837 ALFAM2_PoValley-Italy_v7.xlsx         565 2011-10-10 00:00:00
27838 ALFAM2_PoValley-Italy_v7.xlsx         566 2011-10-10 00:30:00
27839 ALFAM2_PoValley-Italy_v7.xlsx         567 2011-10-10 01:00:00
27840 ALFAM2_PoValley-Italy_v7.xlsx         568 2011-10-10 01:30:00
27841 ALFAM2_PoValley-Italy_v7.xlsx         569 2011-10-10 02:00:00
27842 ALFAM2_PoValley-Italy_v7.xlsx         570 2011-10-10 02:30:00
27843 ALFAM2_PoValley-Italy_v7.xlsx         571 2011-10-10 03:00:00
27844 ALFAM2_PoValley-Italy_v7.xlsx         572 2011-10-10 03:30:00
27845 ALFAM2_PoValley-Italy_v7.xlsx         573 2011-10-10 04:00:00
27846 ALFAM2_PoValley-Italy_v7.xlsx         574 2011-10-10 04:30:00
27847 ALFAM2_PoValley-Italy_v7.xlsx         575 2011-10-10 05:00:00
27848 ALFAM2_PoValley-Italy_v7.xlsx         576 2011-10-10 05:30:00
27849 ALFAM2_PoValley-Italy_v7.xlsx         577 2011-10-10 06:00:00
27850 ALFAM2_PoValley-Italy_v7.xlsx         578 2011-10-10 06:30:00
27851 ALFAM2_PoValley-Italy_v7.xlsx         579 2011-10-10 07:00:00
27852 ALFAM2_PoValley-Italy_v7.xlsx         580 2011-10-10 07:30:00
27853 ALFAM2_PoValley-Italy_v7.xlsx         581 2011-10-10 08:00:00
27854 ALFAM2_PoValley-Italy_v7.xlsx         582 2011-10-10 08:30:00
27452 ALFAM2_PoValley-Italy_v7.xlsx         923 2011-10-09 17:00:00
27453 ALFAM2_PoValley-Italy_v7.xlsx         924 2011-10-09 17:30:00
27454 ALFAM2_PoValley-Italy_v7.xlsx         925 2011-10-09 18:00:00
27455 ALFAM2_PoValley-Italy_v7.xlsx         926 2011-10-09 18:30:00
27456 ALFAM2_PoValley-Italy_v7.xlsx         927 2011-10-09 19:00:00
27457 ALFAM2_PoValley-Italy_v7.xlsx         928 2011-10-09 19:30:00
27458 ALFAM2_PoValley-Italy_v7.xlsx         929 2011-10-09 20:00:00
27459 ALFAM2_PoValley-Italy_v7.xlsx         930 2011-10-09 20:30:00
27460 ALFAM2_PoValley-Italy_v7.xlsx         931 2011-10-09 21:00:00
27461 ALFAM2_PoValley-Italy_v7.xlsx         932 2011-10-09 21:30:00
27462 ALFAM2_PoValley-Italy_v7.xlsx         933 2011-10-09 22:00:00
27463 ALFAM2_PoValley-Italy_v7.xlsx         934 2011-10-09 22:30:00
27464 ALFAM2_PoValley-Italy_v7.xlsx         935 2011-10-09 23:00:00
27465 ALFAM2_PoValley-Italy_v7.xlsx         936 2011-10-09 23:30:00
27466 ALFAM2_PoValley-Italy_v7.xlsx         937 2011-10-10 00:00:00
27467 ALFAM2_PoValley-Italy_v7.xlsx         938 2011-10-10 00:30:00
27468 ALFAM2_PoValley-Italy_v7.xlsx         939 2011-10-10 01:00:00
27469 ALFAM2_PoValley-Italy_v7.xlsx         940 2011-10-10 01:30:00
27470 ALFAM2_PoValley-Italy_v7.xlsx         941 2011-10-10 02:00:00
27471 ALFAM2_PoValley-Italy_v7.xlsx         942 2011-10-10 02:30:00
27472 ALFAM2_PoValley-Italy_v7.xlsx         943 2011-10-10 03:00:00
27473 ALFAM2_PoValley-Italy_v7.xlsx         944 2011-10-10 03:30:00
27474 ALFAM2_PoValley-Italy_v7.xlsx         945 2011-10-10 04:00:00
27475 ALFAM2_PoValley-Italy_v7.xlsx         946 2011-10-10 04:30:00
27476 ALFAM2_PoValley-Italy_v7.xlsx         947 2011-10-10 05:00:00
27477 ALFAM2_PoValley-Italy_v7.xlsx         948 2011-10-10 05:30:00
27478 ALFAM2_PoValley-Italy_v7.xlsx         949 2011-10-10 06:00:00
27479 ALFAM2_PoValley-Italy_v7.xlsx         950 2011-10-10 06:30:00
27480 ALFAM2_PoValley-Italy_v7.xlsx         951 2011-10-10 07:00:00
27481 ALFAM2_PoValley-Italy_v7.xlsx         952 2011-10-10 07:30:00
27482 ALFAM2_PoValley-Italy_v7.xlsx         953 2011-10-10 08:00:00
27483 ALFAM2_PoValley-Italy_v7.xlsx         954 2011-10-10 08:30:00
26854 ALFAM2_PoValley-Italy_v7.xlsx        1295 2011-04-06 20:00:00
26855 ALFAM2_PoValley-Italy_v7.xlsx        1296 2011-04-06 20:30:00
26856 ALFAM2_PoValley-Italy_v7.xlsx        1297 2011-04-06 21:00:00
26857 ALFAM2_PoValley-Italy_v7.xlsx        1298 2011-04-06 21:30:00
26858 ALFAM2_PoValley-Italy_v7.xlsx        1299 2011-04-06 22:00:00
26859 ALFAM2_PoValley-Italy_v7.xlsx        1300 2011-04-06 22:30:00
26860 ALFAM2_PoValley-Italy_v7.xlsx        1301 2011-04-06 23:00:00
26861 ALFAM2_PoValley-Italy_v7.xlsx        1302 2011-04-06 23:30:00
26862 ALFAM2_PoValley-Italy_v7.xlsx        1303 2011-04-07 00:00:00
26863 ALFAM2_PoValley-Italy_v7.xlsx        1304 2011-04-07 00:30:00
26864 ALFAM2_PoValley-Italy_v7.xlsx        1305 2011-04-07 01:00:00
26865 ALFAM2_PoValley-Italy_v7.xlsx        1306 2011-04-07 01:30:00
26866 ALFAM2_PoValley-Italy_v7.xlsx        1307 2011-04-07 02:00:00
26867 ALFAM2_PoValley-Italy_v7.xlsx        1308 2011-04-07 02:30:00
26868 ALFAM2_PoValley-Italy_v7.xlsx        1309 2011-04-07 03:00:00
26869 ALFAM2_PoValley-Italy_v7.xlsx        1310 2011-04-07 03:30:00
26870 ALFAM2_PoValley-Italy_v7.xlsx        1311 2011-04-07 04:00:00
26871 ALFAM2_PoValley-Italy_v7.xlsx        1312 2011-04-07 04:30:00
26872 ALFAM2_PoValley-Italy_v7.xlsx        1313 2011-04-07 05:00:00
26873 ALFAM2_PoValley-Italy_v7.xlsx        1314 2011-04-07 05:30:00
26874 ALFAM2_PoValley-Italy_v7.xlsx        1315 2011-04-07 06:00:00
26875 ALFAM2_PoValley-Italy_v7.xlsx        1316 2011-04-07 06:30:00
26876 ALFAM2_PoValley-Italy_v7.xlsx        1317 2011-04-07 07:00:00
26877 ALFAM2_PoValley-Italy_v7.xlsx        1318 2011-04-07 07:30:00
26878 ALFAM2_PoValley-Italy_v7.xlsx        1319 2011-04-07 08:00:00
27169 ALFAM2_PoValley-Italy_v7.xlsx        1610 2011-04-06 20:00:00
27170 ALFAM2_PoValley-Italy_v7.xlsx        1611 2011-04-06 20:30:00
27171 ALFAM2_PoValley-Italy_v7.xlsx        1612 2011-04-06 21:00:00
27172 ALFAM2_PoValley-Italy_v7.xlsx        1613 2011-04-06 21:30:00
27173 ALFAM2_PoValley-Italy_v7.xlsx        1614 2011-04-06 22:00:00
27174 ALFAM2_PoValley-Italy_v7.xlsx        1615 2011-04-06 22:30:00
27175 ALFAM2_PoValley-Italy_v7.xlsx        1616 2011-04-06 23:00:00
27176 ALFAM2_PoValley-Italy_v7.xlsx        1617 2011-04-06 23:30:00
27177 ALFAM2_PoValley-Italy_v7.xlsx        1618 2011-04-07 00:00:00
27178 ALFAM2_PoValley-Italy_v7.xlsx        1619 2011-04-07 00:30:00
27179 ALFAM2_PoValley-Italy_v7.xlsx        1620 2011-04-07 01:00:00
27180 ALFAM2_PoValley-Italy_v7.xlsx        1621 2011-04-07 01:30:00
27181 ALFAM2_PoValley-Italy_v7.xlsx        1622 2011-04-07 02:00:00
27182 ALFAM2_PoValley-Italy_v7.xlsx        1623 2011-04-07 02:30:00
27183 ALFAM2_PoValley-Italy_v7.xlsx        1624 2011-04-07 03:00:00
27184 ALFAM2_PoValley-Italy_v7.xlsx        1625 2011-04-07 03:30:00
27185 ALFAM2_PoValley-Italy_v7.xlsx        1626 2011-04-07 04:00:00
27186 ALFAM2_PoValley-Italy_v7.xlsx        1627 2011-04-07 04:30:00
27187 ALFAM2_PoValley-Italy_v7.xlsx        1628 2011-04-07 05:00:00
27188 ALFAM2_PoValley-Italy_v7.xlsx        1629 2011-04-07 05:30:00
27189 ALFAM2_PoValley-Italy_v7.xlsx        1630 2011-04-07 06:00:00
27190 ALFAM2_PoValley-Italy_v7.xlsx        1631 2011-04-07 06:30:00
27191 ALFAM2_PoValley-Italy_v7.xlsx        1632 2011-04-07 07:00:00
27192 ALFAM2_PoValley-Italy_v7.xlsx        1633 2011-04-07 07:30:00
27193 ALFAM2_PoValley-Italy_v7.xlsx        1634 2011-04-07 08:00:00
26053 ALFAM2_PoValley-Italy_v7.xlsx        1893 2009-03-26 18:30:00
26054 ALFAM2_PoValley-Italy_v7.xlsx        1894 2009-03-26 19:00:00
26055 ALFAM2_PoValley-Italy_v7.xlsx        1895 2009-03-26 19:30:00
26056 ALFAM2_PoValley-Italy_v7.xlsx        1896 2009-03-26 20:00:00
26057 ALFAM2_PoValley-Italy_v7.xlsx        1897 2009-03-26 20:30:00
26058 ALFAM2_PoValley-Italy_v7.xlsx        1898 2009-03-26 21:00:00
26059 ALFAM2_PoValley-Italy_v7.xlsx        1899 2009-03-26 21:30:00
26060 ALFAM2_PoValley-Italy_v7.xlsx        1900 2009-03-26 22:00:00
26061 ALFAM2_PoValley-Italy_v7.xlsx        1901 2009-03-26 22:30:00
26062 ALFAM2_PoValley-Italy_v7.xlsx        1902 2009-03-26 23:00:00
26063 ALFAM2_PoValley-Italy_v7.xlsx        1903 2009-03-26 23:30:00
26064 ALFAM2_PoValley-Italy_v7.xlsx        1904 2009-03-27 00:00:00
26065 ALFAM2_PoValley-Italy_v7.xlsx        1905 2009-03-27 00:30:00
26066 ALFAM2_PoValley-Italy_v7.xlsx        1906 2009-03-27 01:00:00
26067 ALFAM2_PoValley-Italy_v7.xlsx        1907 2009-03-27 01:30:00
26068 ALFAM2_PoValley-Italy_v7.xlsx        1908 2009-03-27 02:00:00
26069 ALFAM2_PoValley-Italy_v7.xlsx        1909 2009-03-27 02:30:00
26070 ALFAM2_PoValley-Italy_v7.xlsx        1910 2009-03-27 03:00:00
26071 ALFAM2_PoValley-Italy_v7.xlsx        1911 2009-03-27 03:30:00
26072 ALFAM2_PoValley-Italy_v7.xlsx        1912 2009-03-27 04:00:00
26073 ALFAM2_PoValley-Italy_v7.xlsx        1913 2009-03-27 04:30:00
26074 ALFAM2_PoValley-Italy_v7.xlsx        1914 2009-03-27 05:00:00
26075 ALFAM2_PoValley-Italy_v7.xlsx        1915 2009-03-27 05:30:00
26076 ALFAM2_PoValley-Italy_v7.xlsx        1916 2009-03-27 06:00:00
26077 ALFAM2_PoValley-Italy_v7.xlsx        1917 2009-03-27 06:30:00
26078 ALFAM2_PoValley-Italy_v7.xlsx        1918 2009-03-27 07:00:00
26079 ALFAM2_PoValley-Italy_v7.xlsx        1919 2009-03-27 07:30:00
26275 ALFAM2_PoValley-Italy_v7.xlsx        2115 2009-03-26 18:30:00
26276 ALFAM2_PoValley-Italy_v7.xlsx        2116 2009-03-26 19:00:00
26277 ALFAM2_PoValley-Italy_v7.xlsx        2117 2009-03-26 19:30:00
26278 ALFAM2_PoValley-Italy_v7.xlsx        2118 2009-03-26 20:00:00
26279 ALFAM2_PoValley-Italy_v7.xlsx        2119 2009-03-26 20:30:00
26280 ALFAM2_PoValley-Italy_v7.xlsx        2120 2009-03-26 21:00:00
26281 ALFAM2_PoValley-Italy_v7.xlsx        2121 2009-03-26 21:30:00
26282 ALFAM2_PoValley-Italy_v7.xlsx        2122 2009-03-26 22:00:00
26283 ALFAM2_PoValley-Italy_v7.xlsx        2123 2009-03-26 22:30:00
26284 ALFAM2_PoValley-Italy_v7.xlsx        2124 2009-03-26 23:00:00
26285 ALFAM2_PoValley-Italy_v7.xlsx        2125 2009-03-26 23:30:00
26286 ALFAM2_PoValley-Italy_v7.xlsx        2126 2009-03-27 00:00:00
26287 ALFAM2_PoValley-Italy_v7.xlsx        2127 2009-03-27 00:30:00
26288 ALFAM2_PoValley-Italy_v7.xlsx        2128 2009-03-27 01:00:00
26289 ALFAM2_PoValley-Italy_v7.xlsx        2129 2009-03-27 01:30:00
26290 ALFAM2_PoValley-Italy_v7.xlsx        2130 2009-03-27 02:00:00
26291 ALFAM2_PoValley-Italy_v7.xlsx        2131 2009-03-27 02:30:00
26292 ALFAM2_PoValley-Italy_v7.xlsx        2132 2009-03-27 03:00:00
26293 ALFAM2_PoValley-Italy_v7.xlsx        2133 2009-03-27 03:30:00
26294 ALFAM2_PoValley-Italy_v7.xlsx        2134 2009-03-27 04:00:00
26295 ALFAM2_PoValley-Italy_v7.xlsx        2135 2009-03-27 04:30:00
26296 ALFAM2_PoValley-Italy_v7.xlsx        2136 2009-03-27 05:00:00
26297 ALFAM2_PoValley-Italy_v7.xlsx        2137 2009-03-27 05:30:00
26298 ALFAM2_PoValley-Italy_v7.xlsx        2138 2009-03-27 06:00:00
26299 ALFAM2_PoValley-Italy_v7.xlsx        2139 2009-03-27 06:30:00
26300 ALFAM2_PoValley-Italy_v7.xlsx        2140 2009-03-27 07:00:00
26301 ALFAM2_PoValley-Italy_v7.xlsx        2141 2009-03-27 07:30:00
14478    ALFAM2_Switzerland_v2.xlsx         548 2013-07-10 10:45:00
14101    ALFAM2_Switzerland_v2.xlsx         637 2011-09-20 10:48:00
14174    ALFAM2_Switzerland_v2.xlsx         710 2012-05-10 09:27:00
14581    ALFAM2_Switzerland_v2.xlsx         773 2013-07-05 12:13:00
                    t.end           app.start        ct     field plot tan.app
25868 2009-09-23 15:00:00 2009-09-24 08:00:00   1.00000 Bigarello    1 137.000
25869 2009-09-23 16:00:00 2009-09-24 08:00:00   3.00000 Bigarello    1 137.000
25870 2009-09-23 17:00:00 2009-09-24 08:00:00   4.00000 Bigarello    1 137.000
25871 2009-09-23 18:00:00 2009-09-24 08:00:00   5.00000 Bigarello    1 137.000
25872 2009-09-23 19:00:00 2009-09-24 08:00:00   2.00000 Bigarello    1 137.000
25873 2009-09-23 20:00:00 2009-09-24 08:00:00  12.00000 Bigarello    1 137.000
25874 2009-09-23 21:00:00 2009-09-24 08:00:00  13.00000 Bigarello    1 137.000
25875 2009-09-23 22:00:00 2009-09-24 08:00:00  14.00000 Bigarello    1 137.000
25876 2009-09-23 23:00:00 2009-09-24 08:00:00  15.00000 Bigarello    1 137.000
25877 2009-09-24 00:00:00 2009-09-24 08:00:00  16.00000 Bigarello    1 137.000
25878 2009-09-24 01:00:00 2009-09-24 08:00:00  17.00000 Bigarello    1 137.000
25879 2009-09-24 02:00:00 2009-09-24 08:00:00  18.00000 Bigarello    1 137.000
25880 2009-09-24 03:00:00 2009-09-24 08:00:00   6.00000 Bigarello    1 137.000
25881 2009-09-24 04:00:00 2009-09-24 08:00:00   7.00000 Bigarello    1 137.000
25882 2009-09-24 05:00:00 2009-09-24 08:00:00   8.00000 Bigarello    1 137.000
25883 2009-09-24 06:00:00 2009-09-24 08:00:00   9.00000 Bigarello    1 137.000
25884 2009-09-24 07:00:00 2009-09-24 08:00:00  10.00000 Bigarello    1 137.000
25885 2009-09-24 08:00:00 2009-09-24 08:00:00  11.00000 Bigarello    1 137.000
26497 2010-03-14 15:00:00 2010-03-17 08:00:00   1.00000 Cornaredo    1  91.800
26498 2010-03-14 16:00:00 2010-03-17 08:00:00   2.00000 Cornaredo    1  91.800
26499 2010-03-14 17:00:00 2010-03-17 08:00:00   3.00000 Cornaredo    1  91.800
26500 2010-03-14 18:00:00 2010-03-17 08:00:00   4.00000 Cornaredo    1  91.800
26501 2010-03-14 19:00:00 2010-03-17 08:00:00   5.00000 Cornaredo    1  91.800
26502 2010-03-14 20:00:00 2010-03-17 08:00:00   6.00000 Cornaredo    1  91.800
26503 2010-03-14 21:00:00 2010-03-17 08:00:00   7.00000 Cornaredo    1  91.800
26504 2010-03-14 22:00:00 2010-03-17 08:00:00   8.00000 Cornaredo    1  91.800
26505 2010-03-14 23:00:00 2010-03-17 08:00:00   9.00000 Cornaredo    1  91.800
26506 2010-03-15 00:00:00 2010-03-17 08:00:00  10.00000 Cornaredo    1  91.800
26507 2010-03-15 01:00:00 2010-03-17 08:00:00  11.00000 Cornaredo    1  91.800
26508 2010-03-15 02:00:00 2010-03-17 08:00:00  12.00000 Cornaredo    1  91.800
26509 2010-03-15 03:00:00 2010-03-17 08:00:00  13.00000 Cornaredo    1  91.800
26510 2010-03-15 04:00:00 2010-03-17 08:00:00  14.00000 Cornaredo    1  91.800
26511 2010-03-15 05:00:00 2010-03-17 08:00:00  15.00000 Cornaredo    1  91.800
26512 2010-03-15 06:00:00 2010-03-17 08:00:00  16.00000 Cornaredo    1  91.800
26513 2010-03-15 07:00:00 2010-03-17 08:00:00  17.00000 Cornaredo    1  91.800
26514 2010-03-15 08:00:00 2010-03-17 08:00:00  18.00000 Cornaredo    1  91.800
26515 2010-03-15 09:00:00 2010-03-17 08:00:00  19.00000 Cornaredo    1  91.800
26516 2010-03-15 10:00:00 2010-03-17 08:00:00  20.00000 Cornaredo    1  91.800
26517 2010-03-15 11:00:00 2010-03-17 08:00:00  21.00000 Cornaredo    1  91.800
26518 2010-03-15 12:00:00 2010-03-17 08:00:00  22.00000 Cornaredo    1  91.800
26519 2010-03-15 13:00:00 2010-03-17 08:00:00  23.00000 Cornaredo    1  91.800
26520 2010-03-15 14:00:00 2010-03-17 08:00:00  24.00000 Cornaredo    1  91.800
26521 2010-03-15 15:00:00 2010-03-17 08:00:00  25.00000 Cornaredo    1  91.800
26522 2010-03-15 16:00:00 2010-03-17 08:00:00  26.00000 Cornaredo    1  91.800
26523 2010-03-15 17:00:00 2010-03-17 08:00:00  27.00000 Cornaredo    1  91.800
26524 2010-03-15 18:00:00 2010-03-17 08:00:00  28.00000 Cornaredo    1  91.800
26525 2010-03-15 19:00:00 2010-03-17 08:00:00  29.00000 Cornaredo    1  91.800
26526 2010-03-15 20:00:00 2010-03-17 08:00:00  30.00000 Cornaredo    1  91.800
26527 2010-03-15 21:00:00 2010-03-17 08:00:00  31.00000 Cornaredo    1  91.800
26528 2010-03-15 22:00:00 2010-03-17 08:00:00  32.00000 Cornaredo    1  91.800
26529 2010-03-15 23:00:00 2010-03-17 08:00:00  33.00000 Cornaredo    1  91.800
26530 2010-03-16 00:00:00 2010-03-17 08:00:00  34.00000 Cornaredo    1  91.800
26531 2010-03-16 01:00:00 2010-03-17 08:00:00  35.00000 Cornaredo    1  91.800
26532 2010-03-16 02:00:00 2010-03-17 08:00:00  36.00000 Cornaredo    1  91.800
26533 2010-03-16 03:00:00 2010-03-17 08:00:00  37.00000 Cornaredo    1  91.800
26534 2010-03-16 04:00:00 2010-03-17 08:00:00  38.00000 Cornaredo    1  91.800
26535 2010-03-16 05:00:00 2010-03-17 08:00:00  39.00000 Cornaredo    1  91.800
26536 2010-03-16 06:00:00 2010-03-17 08:00:00  40.00000 Cornaredo    1  91.800
26537 2010-03-16 07:00:00 2010-03-17 08:00:00  41.00000 Cornaredo    1  91.800
26538 2010-03-16 08:00:00 2010-03-17 08:00:00  42.00000 Cornaredo    1  91.800
26539 2010-03-16 09:00:00 2010-03-17 08:00:00  43.00000 Cornaredo    1  91.800
26540 2010-03-16 10:00:00 2010-03-17 08:00:00  44.00000 Cornaredo    1  91.800
26541 2010-03-16 11:00:00 2010-03-17 08:00:00  45.00000 Cornaredo    1  91.800
26542 2010-03-16 12:00:00 2010-03-17 08:00:00  46.00000 Cornaredo    1  91.800
26543 2010-03-16 13:00:00 2010-03-17 08:00:00  47.00000 Cornaredo    1  91.800
26544 2010-03-16 14:00:00 2010-03-17 08:00:00  48.00000 Cornaredo    1  91.800
26545 2010-03-16 15:00:00 2010-03-17 08:00:00  49.00000 Cornaredo    1  91.800
26546 2010-03-16 16:00:00 2010-03-17 08:00:00  50.00000 Cornaredo    1  91.800
26547 2010-03-16 17:00:00 2010-03-17 08:00:00  51.00000 Cornaredo    1  91.800
26548 2010-03-16 18:00:00 2010-03-17 08:00:00  52.00000 Cornaredo    1  91.800
26549 2010-03-16 19:00:00 2010-03-17 08:00:00  53.00000 Cornaredo    1  91.800
26550 2010-03-16 20:00:00 2010-03-17 08:00:00  54.00000 Cornaredo    1  91.800
26551 2010-03-16 21:00:00 2010-03-17 08:00:00  55.00000 Cornaredo    1  91.800
26552 2010-03-16 22:00:00 2010-03-17 08:00:00  56.00000 Cornaredo    1  91.800
26553 2010-03-16 23:00:00 2010-03-17 08:00:00  57.00000 Cornaredo    1  91.800
26554 2010-03-17 00:00:00 2010-03-17 08:00:00  58.00000 Cornaredo    1  91.800
26555 2010-03-17 01:00:00 2010-03-17 08:00:00  59.00000 Cornaredo    1  91.800
26556 2010-03-17 02:00:00 2010-03-17 08:00:00  60.00000 Cornaredo    1  91.800
26557 2010-03-17 03:00:00 2010-03-17 08:00:00  61.00000 Cornaredo    1  91.800
26558 2010-03-17 04:00:00 2010-03-17 08:00:00  62.00000 Cornaredo    1  91.800
26559 2010-03-17 05:00:00 2010-03-17 08:00:00  63.00000 Cornaredo    1  91.800
26560 2010-03-17 06:00:00 2010-03-17 08:00:00  64.00000 Cornaredo    1  91.800
26561 2010-03-17 07:00:00 2010-03-17 08:00:00  65.00000 Cornaredo    1  91.800
26562 2010-03-17 08:00:00 2010-03-17 08:00:00  66.00000 Cornaredo    1  91.800
27824 2011-10-09 18:00:00 2011-10-10 09:00:00   1.00000 Bigarello    1  68.092
27825 2011-10-09 18:30:00 2011-10-10 09:00:00   1.50000 Bigarello    1  68.092
27826 2011-10-09 19:00:00 2011-10-10 09:00:00   2.00000 Bigarello    1  68.092
27827 2011-10-09 19:30:00 2011-10-10 09:00:00   0.50000 Bigarello    1  68.092
27828 2011-10-09 20:00:00 2011-10-10 09:00:00  12.50000 Bigarello    1  68.092
27829 2011-10-09 20:30:00 2011-10-10 09:00:00  13.00000 Bigarello    1  68.092
27830 2011-10-09 21:00:00 2011-10-10 09:00:00  13.50000 Bigarello    1  68.092
27831 2011-10-09 21:30:00 2011-10-10 09:00:00  14.00000 Bigarello    1  68.092
27832 2011-10-09 22:00:00 2011-10-10 09:00:00  14.50000 Bigarello    1  68.092
27833 2011-10-09 22:30:00 2011-10-10 09:00:00  15.00000 Bigarello    1  68.092
27834 2011-10-09 23:00:00 2011-10-10 09:00:00  15.50000 Bigarello    1  68.092
27835 2011-10-09 23:30:00 2011-10-10 09:00:00  16.00000 Bigarello    1  68.092
27836 2011-10-10 00:00:00 2011-10-10 09:00:00  16.50000 Bigarello    1  68.092
27837 2011-10-10 00:30:00 2011-10-10 09:00:00  17.00000 Bigarello    1  68.092
27838 2011-10-10 01:00:00 2011-10-10 09:00:00  17.50000 Bigarello    1  68.092
27839 2011-10-10 01:30:00 2011-10-10 09:00:00  18.00000 Bigarello    1  68.092
27840 2011-10-10 02:00:00 2011-10-10 09:00:00  18.50000 Bigarello    1  68.092
27841 2011-10-10 02:30:00 2011-10-10 09:00:00  19.00000 Bigarello    1  68.092
27842 2011-10-10 03:00:00 2011-10-10 09:00:00  19.50000 Bigarello    1  68.092
27843 2011-10-10 03:30:00 2011-10-10 09:00:00  20.00000 Bigarello    1  68.092
27844 2011-10-10 04:00:00 2011-10-10 09:00:00  20.50000 Bigarello    1  68.092
27845 2011-10-10 04:30:00 2011-10-10 09:00:00  21.00000 Bigarello    1  68.092
27846 2011-10-10 05:00:00 2011-10-10 09:00:00  21.50000 Bigarello    1  68.092
27847 2011-10-10 05:30:00 2011-10-10 09:00:00  22.00000 Bigarello    1  68.092
27848 2011-10-10 06:00:00 2011-10-10 09:00:00   2.50000 Bigarello    1  68.092
27849 2011-10-10 06:30:00 2011-10-10 09:00:00   3.00000 Bigarello    1  68.092
27850 2011-10-10 07:00:00 2011-10-10 09:00:00   3.50000 Bigarello    1  68.092
27851 2011-10-10 07:30:00 2011-10-10 09:00:00   4.00000 Bigarello    1  68.092
27852 2011-10-10 08:00:00 2011-10-10 09:00:00   4.50000 Bigarello    1  68.092
27853 2011-10-10 08:30:00 2011-10-10 09:00:00   5.00000 Bigarello    1  68.092
27854 2011-10-10 09:00:00 2011-10-10 09:00:00   5.50000 Bigarello    1  68.092
27452 2011-10-09 17:30:00 2011-10-10 09:00:00  10.50000 Bigarello    1  66.128
27453 2011-10-09 18:00:00 2011-10-10 09:00:00  11.00000 Bigarello    1  66.128
27454 2011-10-09 18:30:00 2011-10-10 09:00:00  11.50000 Bigarello    1  66.128
27455 2011-10-09 19:00:00 2011-10-10 09:00:00  12.00000 Bigarello    1  66.128
27456 2011-10-09 19:30:00 2011-10-10 09:00:00  12.50000 Bigarello    1  66.128
27457 2011-10-09 20:00:00 2011-10-10 09:00:00  13.00000 Bigarello    1  66.128
27458 2011-10-09 20:30:00 2011-10-10 09:00:00  13.50000 Bigarello    1  66.128
27459 2011-10-09 21:00:00 2011-10-10 09:00:00  14.00000 Bigarello    1  66.128
27460 2011-10-09 21:30:00 2011-10-10 09:00:00  14.50000 Bigarello    1  66.128
27461 2011-10-09 22:00:00 2011-10-10 09:00:00  15.00000 Bigarello    1  66.128
27462 2011-10-09 22:30:00 2011-10-10 09:00:00  15.50000 Bigarello    1  66.128
27463 2011-10-09 23:00:00 2011-10-10 09:00:00  16.00000 Bigarello    1  66.128
27464 2011-10-09 23:30:00 2011-10-10 09:00:00  16.50000 Bigarello    1  66.128
27465 2011-10-10 00:00:00 2011-10-10 09:00:00  17.00000 Bigarello    1  66.128
27466 2011-10-10 00:30:00 2011-10-10 09:00:00  17.50000 Bigarello    1  66.128
27467 2011-10-10 01:00:00 2011-10-10 09:00:00  18.00000 Bigarello    1  66.128
27468 2011-10-10 01:30:00 2011-10-10 09:00:00  18.50000 Bigarello    1  66.128
27469 2011-10-10 02:00:00 2011-10-10 09:00:00   1.00000 Bigarello    1  66.128
27470 2011-10-10 02:30:00 2011-10-10 09:00:00   1.50000 Bigarello    1  66.128
27471 2011-10-10 03:00:00 2011-10-10 09:00:00   0.50000 Bigarello    1  66.128
27472 2011-10-10 03:30:00 2011-10-10 09:00:00   2.50000 Bigarello    1  66.128
27473 2011-10-10 04:00:00 2011-10-10 09:00:00   3.00000 Bigarello    1  66.128
27474 2011-10-10 04:30:00 2011-10-10 09:00:00   3.50000 Bigarello    1  66.128
27475 2011-10-10 05:00:00 2011-10-10 09:00:00   2.00000 Bigarello    1  66.128
27476 2011-10-10 05:30:00 2011-10-10 09:00:00   9.00000 Bigarello    1  66.128
27477 2011-10-10 06:00:00 2011-10-10 09:00:00   9.50000 Bigarello    1  66.128
27478 2011-10-10 06:30:00 2011-10-10 09:00:00  10.00000 Bigarello    1  66.128
27479 2011-10-10 07:00:00 2011-10-10 09:00:00   4.00000 Bigarello    1  66.128
27480 2011-10-10 07:30:00 2011-10-10 09:00:00   4.50000 Bigarello    1  66.128
27481 2011-10-10 08:00:00 2011-10-10 09:00:00   5.00000 Bigarello    1  66.128
27482 2011-10-10 08:30:00 2011-10-10 09:00:00   5.50000 Bigarello    1  66.128
27483 2011-10-10 09:00:00 2011-10-10 09:00:00   6.00000 Bigarello    1  66.128
26854 2011-04-06 20:30:00 2011-04-07 08:30:00   0.50000 Landriano    1 109.070
26855 2011-04-06 21:00:00 2011-04-07 08:30:00   1.00000 Landriano    1 109.070
26856 2011-04-06 21:30:00 2011-04-07 08:30:00   1.50000 Landriano    1 109.070
26857 2011-04-06 22:00:00 2011-04-07 08:30:00   2.00000 Landriano    1 109.070
26858 2011-04-06 22:30:00 2011-04-07 08:30:00   2.50000 Landriano    1 109.070
26859 2011-04-06 23:00:00 2011-04-07 08:30:00   3.00000 Landriano    1 109.070
26860 2011-04-06 23:30:00 2011-04-07 08:30:00   3.50000 Landriano    1 109.070
26861 2011-04-07 00:00:00 2011-04-07 08:30:00   4.00000 Landriano    1 109.070
26862 2011-04-07 00:30:00 2011-04-07 08:30:00   4.50000 Landriano    1 109.070
26863 2011-04-07 01:00:00 2011-04-07 08:30:00   5.00000 Landriano    1 109.070
26864 2011-04-07 01:30:00 2011-04-07 08:30:00   5.50000 Landriano    1 109.070
26865 2011-04-07 02:00:00 2011-04-07 08:30:00   6.00000 Landriano    1 109.070
26866 2011-04-07 02:30:00 2011-04-07 08:30:00   6.50000 Landriano    1 109.070
26867 2011-04-07 03:00:00 2011-04-07 08:30:00   7.00000 Landriano    1 109.070
26868 2011-04-07 03:30:00 2011-04-07 08:30:00   7.50000 Landriano    1 109.070
26869 2011-04-07 04:00:00 2011-04-07 08:30:00   8.00000 Landriano    1 109.070
26870 2011-04-07 04:30:00 2011-04-07 08:30:00   8.50000 Landriano    1 109.070
26871 2011-04-07 05:00:00 2011-04-07 08:30:00   9.00000 Landriano    1 109.070
26872 2011-04-07 05:30:00 2011-04-07 08:30:00   9.50000 Landriano    1 109.070
26873 2011-04-07 06:00:00 2011-04-07 08:30:00  10.00000 Landriano    1 109.070
26874 2011-04-07 06:30:00 2011-04-07 08:30:00  10.50000 Landriano    1 109.070
26875 2011-04-07 07:00:00 2011-04-07 08:30:00  11.00000 Landriano    1 109.070
26876 2011-04-07 07:30:00 2011-04-07 08:30:00  11.50000 Landriano    1 109.070
26877 2011-04-07 08:00:00 2011-04-07 08:30:00  12.00000 Landriano    1 109.070
26878 2011-04-07 08:30:00 2011-04-07 08:30:00  12.50000 Landriano    1 109.070
27169 2011-04-06 20:30:00 2011-04-07 08:30:00 122.00000 Landriano    1 109.070
27170 2011-04-06 21:00:00 2011-04-07 08:30:00 122.50000 Landriano    1 109.070
27171 2011-04-06 21:30:00 2011-04-07 08:30:00 123.00000 Landriano    1 109.070
27172 2011-04-06 22:00:00 2011-04-07 08:30:00 123.50000 Landriano    1 109.070
27173 2011-04-06 22:30:00 2011-04-07 08:30:00 124.00000 Landriano    1 109.070
27174 2011-04-06 23:00:00 2011-04-07 08:30:00 124.50000 Landriano    1 109.070
27175 2011-04-06 23:30:00 2011-04-07 08:30:00 125.00000 Landriano    1 109.070
27176 2011-04-07 00:00:00 2011-04-07 08:30:00 125.50000 Landriano    1 109.070
27177 2011-04-07 00:30:00 2011-04-07 08:30:00 126.00000 Landriano    1 109.070
27178 2011-04-07 01:00:00 2011-04-07 08:30:00 126.50000 Landriano    1 109.070
27179 2011-04-07 01:30:00 2011-04-07 08:30:00 127.00000 Landriano    1 109.070
27180 2011-04-07 02:00:00 2011-04-07 08:30:00 127.50000 Landriano    1 109.070
27181 2011-04-07 02:30:00 2011-04-07 08:30:00 128.00000 Landriano    1 109.070
27182 2011-04-07 03:00:00 2011-04-07 08:30:00 128.50000 Landriano    1 109.070
27183 2011-04-07 03:30:00 2011-04-07 08:30:00 129.00000 Landriano    1 109.070
27184 2011-04-07 04:00:00 2011-04-07 08:30:00 129.50000 Landriano    1 109.070
27185 2011-04-07 04:30:00 2011-04-07 08:30:00 130.00000 Landriano    1 109.070
27186 2011-04-07 05:00:00 2011-04-07 08:30:00 130.50000 Landriano    1 109.070
27187 2011-04-07 05:30:00 2011-04-07 08:30:00  70.50000 Landriano    1 109.070
27188 2011-04-07 06:00:00 2011-04-07 08:30:00  71.00000 Landriano    1 109.070
27189 2011-04-07 06:30:00 2011-04-07 08:30:00  71.50000 Landriano    1 109.070
27190 2011-04-07 07:00:00 2011-04-07 08:30:00  72.00000 Landriano    1 109.070
27191 2011-04-07 07:30:00 2011-04-07 08:30:00  72.50000 Landriano    1 109.070
27192 2011-04-07 08:00:00 2011-04-07 08:30:00  73.00000 Landriano    1 109.070
27193 2011-04-07 08:30:00 2011-04-07 08:30:00  73.50000 Landriano    1 109.070
26053 2009-03-26 19:00:00 2009-03-27 08:00:00  81.50000 Landriano    1  95.026
26054 2009-03-26 19:30:00 2009-03-27 08:00:00  82.00000 Landriano    1  95.026
26055 2009-03-26 20:00:00 2009-03-27 08:00:00  82.50000 Landriano    1  95.026
26056 2009-03-26 20:30:00 2009-03-27 08:00:00  83.00000 Landriano    1  95.026
26057 2009-03-26 21:00:00 2009-03-27 08:00:00  83.50000 Landriano    1  95.026
26058 2009-03-26 21:30:00 2009-03-27 08:00:00  84.00000 Landriano    1  95.026
26059 2009-03-26 22:00:00 2009-03-27 08:00:00  84.50000 Landriano    1  95.026
26060 2009-03-26 22:30:00 2009-03-27 08:00:00  85.00000 Landriano    1  95.026
26061 2009-03-26 23:00:00 2009-03-27 08:00:00  85.50000 Landriano    1  95.026
26062 2009-03-26 23:30:00 2009-03-27 08:00:00  86.00000 Landriano    1  95.026
26063 2009-03-27 00:00:00 2009-03-27 08:00:00  86.50000 Landriano    1  95.026
26064 2009-03-27 00:30:00 2009-03-27 08:00:00  87.00000 Landriano    1  95.026
26065 2009-03-27 01:00:00 2009-03-27 08:00:00  87.50000 Landriano    1  95.026
26066 2009-03-27 01:30:00 2009-03-27 08:00:00  88.00000 Landriano    1  95.026
26067 2009-03-27 02:00:00 2009-03-27 08:00:00  88.50000 Landriano    1  95.026
26068 2009-03-27 02:30:00 2009-03-27 08:00:00  89.00000 Landriano    1  95.026
26069 2009-03-27 03:00:00 2009-03-27 08:00:00  89.50000 Landriano    1  95.026
26070 2009-03-27 03:30:00 2009-03-27 08:00:00  90.00000 Landriano    1  95.026
26071 2009-03-27 04:00:00 2009-03-27 08:00:00  90.50000 Landriano    1  95.026
26072 2009-03-27 04:30:00 2009-03-27 08:00:00  71.00000 Landriano    1  95.026
26073 2009-03-27 05:00:00 2009-03-27 08:00:00  71.50000 Landriano    1  95.026
26074 2009-03-27 05:30:00 2009-03-27 08:00:00  72.00000 Landriano    1  95.026
26075 2009-03-27 06:00:00 2009-03-27 08:00:00  72.50000 Landriano    1  95.026
26076 2009-03-27 06:30:00 2009-03-27 08:00:00  73.00000 Landriano    1  95.026
26077 2009-03-27 07:00:00 2009-03-27 08:00:00  73.50000 Landriano    1  95.026
26078 2009-03-27 07:30:00 2009-03-27 08:00:00  74.00000 Landriano    1  95.026
26079 2009-03-27 08:00:00 2009-03-27 08:00:00  74.50000 Landriano    1  95.026
26275 2009-03-26 19:00:00 2009-03-27 08:00:00   0.50000 Landriano    1  95.026
26276 2009-03-26 19:30:00 2009-03-27 08:00:00   1.00000 Landriano    1  95.026
26277 2009-03-26 20:00:00 2009-03-27 08:00:00   1.50000 Landriano    1  95.026
26278 2009-03-26 20:30:00 2009-03-27 08:00:00   2.00000 Landriano    1  95.026
26279 2009-03-26 21:00:00 2009-03-27 08:00:00   2.50000 Landriano    1  95.026
26280 2009-03-26 21:30:00 2009-03-27 08:00:00   3.00000 Landriano    1  95.026
26281 2009-03-26 22:00:00 2009-03-27 08:00:00   3.50000 Landriano    1  95.026
26282 2009-03-26 22:30:00 2009-03-27 08:00:00   4.00000 Landriano    1  95.026
26283 2009-03-26 23:00:00 2009-03-27 08:00:00   4.50000 Landriano    1  95.026
26284 2009-03-26 23:30:00 2009-03-27 08:00:00   5.00000 Landriano    1  95.026
26285 2009-03-27 00:00:00 2009-03-27 08:00:00   5.50000 Landriano    1  95.026
26286 2009-03-27 00:30:00 2009-03-27 08:00:00   6.00000 Landriano    1  95.026
26287 2009-03-27 01:00:00 2009-03-27 08:00:00   6.50000 Landriano    1  95.026
26288 2009-03-27 01:30:00 2009-03-27 08:00:00   7.00000 Landriano    1  95.026
26289 2009-03-27 02:00:00 2009-03-27 08:00:00   7.50000 Landriano    1  95.026
26290 2009-03-27 02:30:00 2009-03-27 08:00:00   8.00000 Landriano    1  95.026
26291 2009-03-27 03:00:00 2009-03-27 08:00:00   8.50000 Landriano    1  95.026
26292 2009-03-27 03:30:00 2009-03-27 08:00:00   9.00000 Landriano    1  95.026
26293 2009-03-27 04:00:00 2009-03-27 08:00:00   9.50000 Landriano    1  95.026
26294 2009-03-27 04:30:00 2009-03-27 08:00:00  10.00000 Landriano    1  95.026
26295 2009-03-27 05:00:00 2009-03-27 08:00:00  10.50000 Landriano    1  95.026
26296 2009-03-27 05:30:00 2009-03-27 08:00:00  11.00000 Landriano    1  95.026
26297 2009-03-27 06:00:00 2009-03-27 08:00:00  11.50000 Landriano    1  95.026
26298 2009-03-27 06:30:00 2009-03-27 08:00:00  12.00000 Landriano    1  95.026
26299 2009-03-27 07:00:00 2009-03-27 08:00:00  12.50000 Landriano    1  95.026
26300 2009-03-27 07:30:00 2009-03-27 08:00:00  13.00000 Landriano    1  95.026
26301 2009-03-27 08:00:00 2009-03-27 08:00:00  13.50000 Landriano    1  95.026
14478 2013-07-10 11:14:00 2013-07-10 10:48:00  43.46700     Wengi    2  47.545
14101 2011-09-20 11:03:00 2011-09-20 11:02:00   0.25000 Taenikon1    3  33.180
14174 2012-05-10 09:47:00 2012-05-10 09:30:00   0.33333 Hohenrain    2  19.241
14581 2013-07-05 12:32:00 2013-07-05 12:16:00   0.31667 Taenikon2    1  36.480
            j.NH3
25868  7.5108e-03
25869  4.9479e-03
25870  3.6402e-03
25871  2.5000e-03
25872  8.0061e-04
25873  1.1308e-02
25874  3.5944e-03
25875  1.1702e-02
25876  1.1788e-02
25877  1.1873e-02
25878  1.1959e-02
25879  1.1317e-02
25880  1.3264e-02
25881  2.3021e-03
25882  5.4256e-03
25883  3.1451e-03
25884  8.6638e-03
25885  4.1266e-02
26497 -5.0171e-03
26498 -4.8992e-03
26499 -3.9282e-03
26500 -3.5306e-03
26501 -1.3286e-03
26502 -1.3529e-03
26503 -1.3773e-03
26504 -1.4016e-03
26505 -1.0183e-03
26506 -1.1057e-03
26507 -1.1931e-03
26508 -1.2668e-03
26509 -6.1685e-04
26510 -9.2066e-04
26511 -8.0013e-04
26512 -7.9026e-04
26513 -1.6659e-03
26514 -1.3862e-03
26515 -3.9818e-03
26516 -3.5286e-03
26517 -4.2072e-03
26518 -1.3221e-02
26519 -6.8537e-03
26520 -7.2342e-03
26521 -7.5798e-03
26522 -7.5641e-03
26523 -7.6114e-03
26524 -7.4407e-03
26525 -6.8926e-03
26526 -4.8822e-03
26527 -4.8887e-03
26528 -4.0526e-03
26529 -4.1874e-03
26530 -3.7719e-03
26531 -5.3394e-03
26532 -6.6679e-04
26533 -1.7957e-02
26534 -1.5297e-03
26535 -1.2045e-03
26536 -7.0937e-04
26537 -4.8245e-04
26538 -1.1181e-03
26539 -7.4371e-04
26540 -2.5315e-03
26541 -4.4434e-03
26542 -1.2413e-04
26543 -1.1496e-04
26544 -1.1078e-04
26545 -1.0342e-04
26546 -9.4810e-05
26547 -8.1270e-05
26548 -7.7080e-05
26549 -3.4560e-05
26550 -4.0760e-05
26551 -4.5040e-05
26552 -6.1630e-05
26553 -1.4515e-04
26554 -4.6600e-05
26555 -1.5744e-04
26556 -7.8190e-05
26557 -3.7090e-05
26558 -1.6920e-05
26559 -2.4430e-05
26560 -3.0320e-05
26561 -1.9240e-05
26562 -2.6600e-05
27824  6.6538e-02
27825  8.8261e-03
27826  2.4020e-02
27827  3.9121e-02
27828  7.3143e-03
27829  7.8357e-03
27830  3.6858e-02
27831  6.5880e-02
27832  9.4902e-02
27833  1.2392e-01
27834  1.5295e-01
27835  1.7054e-02
27836  2.4594e-02
27837  3.2134e-02
27838  6.0672e-02
27839  1.4553e-02
27840  1.5735e-02
27841  1.0668e-02
27842  5.6004e-03
27843  1.2527e-02
27844  3.0367e-02
27845  1.2925e-01
27846  5.9105e-03
27847  3.1878e-03
27848  7.2426e-03
27849  4.9021e-03
27850  1.2193e-02
27851  1.0921e-02
27852  3.2018e-01
27853  6.2943e-01
27854  1.8445e+00
27452  4.7820e-02
27453  1.1000e-02
27454  1.0000e-02
27455  1.0000e-02
27456  7.0000e-03
27457  1.3000e-02
27458  1.2000e-02
27459  1.0000e-02
27460  7.0000e-03
27461  5.0000e-03
27462  1.1000e-02
27463  1.5000e-02
27464  1.7000e-02
27465  2.0000e-02
27466  1.8000e-02
27467  8.0000e-03
27468  8.0000e-03
27469  8.0000e-03
27470  1.1000e-02
27471  6.0000e-03
27472  4.0000e-03
27473  2.0000e-03
27474  3.0000e-03
27475  1.5000e-02
27476  2.8000e-02
27477  2.2000e-02
27478  1.5000e-02
27479  9.0000e-03
27480  3.0000e-03
27481  3.0000e-03
27482  7.5000e-02
27483  1.4500e-01
26854  7.1000e-03
26855  4.0000e-03
26856  6.0000e-03
26857  7.0000e-03
26858  7.0000e-03
26859  4.0000e-03
26860  5.0000e-03
26861  3.0000e-03
26862  4.0000e-03
26863  1.0000e-02
26864  1.0000e-03
26865  1.0000e-03
26866  4.0000e-03
26867  3.0000e-03
26868  4.0000e-03
26869  2.0000e-03
26870  4.0000e-03
26871  5.0000e-03
26872  6.0000e-03
26873  1.0000e-03
26874  2.0000e-03
26875  2.0000e-03
26876  1.0000e-03
26877  5.0000e-03
26878  2.3000e-02
27169  0.0000e+00
27170 -6.0000e-02
27171  1.0000e-03
27172  1.2000e-02
27173  1.0000e-03
27174 -1.5000e-02
27175 -3.2000e-02
27176 -4.8000e-02
27177 -6.5000e-02
27178 -8.1000e-02
27179 -4.6000e-02
27180 -1.1000e-02
27181 -1.5000e-02
27182 -1.6000e-02
27183 -1.0000e-02
27184 -6.3000e-02
27185 -3.4000e-02
27186 -5.0000e-03
27187  1.0000e-03
27188  2.0000e-03
27189 -1.6000e-02
27190 -3.3000e-02
27191 -1.0000e-03
27192 -2.0000e-03
27193 -2.0000e-03
26053 -9.5750e-02
26054 -4.4393e-02
26055 -5.0771e-02
26056 -6.3845e-02
26057 -9.3613e-02
26058 -8.2684e-02
26059 -2.4186e-02
26060 -3.4005e-02
26061 -1.3072e-01
26062 -9.5714e-02
26063 -3.0054e-02
26064 -5.8791e-02
26065 -8.1998e-02
26066 -8.9567e-02
26067 -8.0234e-02
26068 -1.0009e-01
26069 -1.4273e-01
26070 -6.6660e-01
26071 -4.6911e-02
26072 -5.7640e-02
26073 -1.0015e-01
26074 -6.1905e-02
26075 -7.2883e-02
26076 -7.4040e-02
26077 -1.1050e-01
26078 -1.6792e-01
26079  9.0063e-01
26275  0.0000e+00
26276  1.7568e-03
26277  2.4252e-03
26278  2.2342e-03
26279 -4.9047e-04
26280 -1.8388e-06
26281  9.9465e-07
26282 -5.2307e-07
26283 -2.5654e-06
26284 -4.2341e-06
26285 -2.0769e-06
26286 -2.0366e-06
26287 -1.9962e-06
26288 -2.3760e-06
26289 -9.6985e-07
26290  3.7465e-06
26291  3.2298e-06
26292  3.3741e-07
26293 -2.5550e-06
26294 -1.5590e-06
26295 -5.6305e-07
26296  4.3291e-07
26297 -1.1229e-06
26298  4.9014e-06
26299  3.2791e-06
26300 -5.2684e-04
26301 -1.0570e-03
14478  4.1305e+00
14101  1.0719e+00
14174  3.9085e-01
14581  1.2969e+00

> # These are cases where emission was measured before application
> # As long as emission is clearly low and ct < 0, there is no indication of a prob .... [TRUNCATED] 

> dim(x)
[1]   0 110

> x[,c('file','row.in.file', 't.start', 't.end', 'app.start', 'dt', 'ct', 'field','plot', 'tan.app', 'j.NH3')]
 [1] file        row.in.file t.start     t.end       app.start   dt         
 [7] ct          field       plot        tan.app     j.NH3      
<0 rows> (or 0-length row.names)

> # Duplicated shifts
> # Should be none
> s <- ddply(d, 'pmid', summarise, n.int.duplicates = sum(duplicated(interval)))

> x <- subset(s, n.int.duplicates > 1)

> x
[1] pmid             n.int.duplicates
<0 rows> (or 0-length row.names)

> y <- subset(d, pmid == x$pmid)

> y[, c('file', 'inst', 'institute', 'row.in.file', 'plot', 'rep', 'rep2')]
[1] file        inst        institute   row.in.file plot        rep        
[7] rep2       
<0 rows> (or 0-length row.names)

> # Shift time mismatches
> # Should be none
> y <- d[order(d$pmid, d$interval), ]

> # Problem when one shift ends after the next begins
> y$problem <- c(y$pmid[-nrow(y)] == y$pmid[-1] & y$t.end[-nrow(y)] > y$t.start[-1], NA)

> y$overlap <- c(as.numeric(difftime(y$t.end[-nrow(y)], y$t.start[-1], units = 'hours')), NA)

> x <- subset(y, problem)

> x[, c('file', 'inst', 'institute', 'row.in.file', 'plot', 't.start', 't.end', 'interval', 'j.NH3', 'overlap')]
 [1] file        inst        institute   row.in.file plot        t.start    
 [7] t.end       interval    j.NH3       overlap    
<0 rows> (or 0-length row.names)

> # Very short sets
> x <- subset(ds, n.ints < 4)

> dim(x)
[1] 102 160

> y <- subset(d, pmid %in% x$pmid)

> y <- y[order(y$institute, y$row.in.file), ]

> dim(y)
[1] 119 110

> y[, c('file', 'inst', 'institute', 'row.in.file', 'plot', 'pmid', 't.start', 't.end', 'ct', 'interval', 'j.NH3')]
                    file inst institute row.in.file plot pmid
1487         ALFAM1.xlsx  103      CRPA        1257    1  154
1488         ALFAM1.xlsx  103      CRPA        1258    1  154
1489         ALFAM1.xlsx  103      CRPA        1259    2  155
1490         ALFAM1.xlsx  103      CRPA        1260    2  155
1491         ALFAM1.xlsx  103      CRPA        1261    3  156
1492         ALFAM1.xlsx  103      CRPA        1262    3  156
1493         ALFAM1.xlsx  103      CRPA        1263    1  157
1494         ALFAM1.xlsx  103      CRPA        1264    1  157
1495         ALFAM1.xlsx  103      CRPA        1265    1  157
1496         ALFAM1.xlsx  103      CRPA        1266    2  158
1497         ALFAM1.xlsx  103      CRPA        1267    2  158
1498         ALFAM1.xlsx  103      CRPA        1268    2  158
1499         ALFAM1.xlsx  103      CRPA        1269    1  159
1500         ALFAM1.xlsx  103      CRPA        1270    1  159
1501         ALFAM1.xlsx  103      CRPA        1271    1  159
1502         ALFAM1.xlsx  103      CRPA        1272    2  160
1503         ALFAM1.xlsx  103      CRPA        1273    2  160
1504         ALFAM1.xlsx  103      CRPA        1274    2  160
1505         ALFAM1.xlsx  103      CRPA        1275    3  161
1506         ALFAM1.xlsx  103      CRPA        1276    3  161
1507         ALFAM1.xlsx  103      CRPA        1277    3  161
3743         ALFAM1.xlsx  105      IGER        5336    1  471
3744         ALFAM1.xlsx  105      IGER        5337    1  471
3745         ALFAM1.xlsx  105      IGER        5338    1  471
3746         ALFAM1.xlsx  105      IGER        5339    2  472
3747         ALFAM1.xlsx  105      IGER        5340    2  472
3748         ALFAM1.xlsx  105      IGER        5341    2  472
5948         ALFAM1.xlsx  108       JTI        3456    B  780
5949         ALFAM1.xlsx  108       JTI        3457    B  781
5950         ALFAM1.xlsx  108       JTI        3458    B  782
5951         ALFAM1.xlsx  108       JTI        3459    C  783
5952         ALFAM1.xlsx  108       JTI        3460    C  784
5953         ALFAM1.xlsx  108       JTI        3461    C  785
5954         ALFAM1.xlsx  108       JTI        3462    D  786
5955         ALFAM1.xlsx  108       JTI        3463    D  787
5956         ALFAM1.xlsx  108       JTI        3464    D  788
5957         ALFAM1.xlsx  108       JTI        3465    E  789
5958         ALFAM1.xlsx  108       JTI        3466    E  790
5959         ALFAM1.xlsx  108       JTI        3467    E  791
5960         ALFAM1.xlsx  108       JTI        3468    B  792
5961         ALFAM1.xlsx  108       JTI        3469    B  793
5962         ALFAM1.xlsx  108       JTI        3470    B  794
5963         ALFAM1.xlsx  108       JTI        3471    D  795
5964         ALFAM1.xlsx  108       JTI        3472    D  796
5965         ALFAM1.xlsx  108       JTI        3473    D  797
5966         ALFAM1.xlsx  108       JTI        3474    E  798
5967         ALFAM1.xlsx  108       JTI        3475    E  799
5968         ALFAM1.xlsx  108       JTI        3476    E  800
5907         ALFAM1.xlsx  108       JTI        3477    F  739
5908         ALFAM1.xlsx  108       JTI        3478    F  740
5909         ALFAM1.xlsx  108       JTI        3479    F  741
5910         ALFAM1.xlsx  108       JTI        3480    G  742
5911         ALFAM1.xlsx  108       JTI        3481    G  743
5912         ALFAM1.xlsx  108       JTI        3482    H  744
5913         ALFAM1.xlsx  108       JTI        3483    H  745
5914         ALFAM1.xlsx  108       JTI        3484    F  746
5915         ALFAM1.xlsx  108       JTI        3485    F  747
5916         ALFAM1.xlsx  108       JTI        3486    F  748
5917         ALFAM1.xlsx  108       JTI        3487    G  749
5918         ALFAM1.xlsx  108       JTI        3488    G  750
5919         ALFAM1.xlsx  108       JTI        3489    G  751
5920         ALFAM1.xlsx  108       JTI        3490    H  752
5921         ALFAM1.xlsx  108       JTI        3491    H  753
5922         ALFAM1.xlsx  108       JTI        3492    H  754
5923         ALFAM1.xlsx  108       JTI        3493    F  755
5924         ALFAM1.xlsx  108       JTI        3494    F  756
5925         ALFAM1.xlsx  108       JTI        3495    F  757
5926         ALFAM1.xlsx  108       JTI        3496    G  758
5927         ALFAM1.xlsx  108       JTI        3497    G  759
5928         ALFAM1.xlsx  108       JTI        3498    G  760
5929         ALFAM1.xlsx  108       JTI        3499    G  761
5930         ALFAM1.xlsx  108       JTI        3500    H  762
5931         ALFAM1.xlsx  108       JTI        3501    H  763
5932         ALFAM1.xlsx  108       JTI        3502    H  764
5933         ALFAM1.xlsx  108       JTI        3503    H  765
5934         ALFAM1.xlsx  108       JTI        3504    F  766
5935         ALFAM1.xlsx  108       JTI        3505    F  767
5936         ALFAM1.xlsx  108       JTI        3506    F  768
5937         ALFAM1.xlsx  108       JTI        3507    F  769
5938         ALFAM1.xlsx  108       JTI        3508    G  770
5939         ALFAM1.xlsx  108       JTI        3509    G  771
5940         ALFAM1.xlsx  108       JTI        3510    G  772
5941         ALFAM1.xlsx  108       JTI        3511    G  773
5942         ALFAM1.xlsx  108       JTI        3512    H  774
5943         ALFAM1.xlsx  108       JTI        3513    H  775
5944         ALFAM1.xlsx  108       JTI        3514    H  776
5945         ALFAM1.xlsx  108       JTI        3515    H  777
5881         ALFAM1.xlsx  108       JTI        3516    E  713
5882         ALFAM1.xlsx  108       JTI        3517    F  714
5887         ALFAM1.xlsx  108       JTI        3518    K  719
5883         ALFAM1.xlsx  108       JTI        3519    G  715
5884         ALFAM1.xlsx  108       JTI        3520    H  716
5885         ALFAM1.xlsx  108       JTI        3521    I  717
5886         ALFAM1.xlsx  108       JTI        3522    J  718
5888         ALFAM1.xlsx  108       JTI        3523    L  720
5889         ALFAM1.xlsx  108       JTI        3524    E  721
5890         ALFAM1.xlsx  108       JTI        3525    F  722
5895         ALFAM1.xlsx  108       JTI        3526    K  727
5891         ALFAM1.xlsx  108       JTI        3527    G  723
5892         ALFAM1.xlsx  108       JTI        3528    H  724
5893         ALFAM1.xlsx  108       JTI        3529    I  725
5894         ALFAM1.xlsx  108       JTI        3530    J  726
5896         ALFAM1.xlsx  108       JTI        3531    L  728
5897         ALFAM1.xlsx  108       JTI        3532    E  729
5898         ALFAM1.xlsx  108       JTI        3533    F  730
5903         ALFAM1.xlsx  108       JTI        3534    K  735
5899         ALFAM1.xlsx  108       JTI        3535    G  731
5900         ALFAM1.xlsx  108       JTI        3536    H  732
5901         ALFAM1.xlsx  108       JTI        3537    I  733
5902         ALFAM1.xlsx  108       JTI        3538    J  734
5904         ALFAM1.xlsx  108       JTI        3539    L  736
5905         ALFAM1.xlsx  108       JTI        3540    N  737
5906         ALFAM1.xlsx  108       JTI        3541    O  738
5946         ALFAM1.xlsx  108       JTI        3542   F4  778
5947         ALFAM1.xlsx  108       JTI        3543   F5  779
28457 ALFAM2_SDU_v4.xlsx  211       SDU         100    1 1565
28486 ALFAM2_SDU_v4.xlsx  211       SDU         101    2 1570
28810 ALFAM2_SDU_v4.xlsx  211       SDU         426    1 1631
28899 ALFAM2_SDU_v4.xlsx  211       SDU         427    2 1643
                  t.start               t.end       ct interval   j.NH3
1487  1998-10-30 11:00:00 1998-10-31 11:00:00  24.0000        1  0.0770
1488  1998-10-31 11:00:00 1998-11-02 11:00:00  72.0000        2  0.0442
1489  1998-10-30 11:00:00 1998-10-31 11:00:00  24.0000        1  0.1506
1490  1998-10-31 11:00:00 1998-11-02 11:00:00  72.0000        2  0.0739
1491  1998-10-30 11:00:00 1998-10-31 11:00:00  24.0000        1  0.0337
1492  1998-10-31 11:00:00 1998-11-02 11:00:00  72.0000        2  0.0289
1493  1999-03-25 13:00:00 1999-03-26 13:00:00  24.0000        1  0.2003
1494  1999-03-26 13:00:00 1999-03-27 13:00:00  48.0000        2  0.1061
1495  1999-03-27 13:00:00 1999-03-29 13:00:00  96.0000        3  0.0735
1496  1999-03-25 13:00:00 1999-03-26 13:00:00  24.0000        1  0.1326
1497  1999-03-26 13:00:00 1999-03-27 13:00:00  48.0000        2  0.0748
1498  1999-03-27 13:00:00 1999-03-29 13:00:00  96.0000        3  0.0581
1499  1999-04-07 11:00:00 1999-04-08 11:00:00  24.0000        1  0.6042
1500  1999-04-08 11:00:00 1999-04-09 11:00:00  48.0000        2  0.3129
1501  1999-04-09 11:00:00 1999-04-10 09:32:00  70.5330        3  0.2334
1502  1999-04-07 11:00:00 1999-04-08 11:00:00  24.0000        1  1.7413
1503  1999-04-08 11:00:00 1999-04-09 11:00:00  48.0000        2  0.3792
1504  1999-04-09 11:00:00 1999-04-10 09:32:00  70.5330        3  0.2725
1505  1999-04-07 11:00:00 1999-04-08 11:00:00  24.0000        1  0.8171
1506  1999-04-08 11:00:00 1999-04-09 11:00:00  48.0000        2  0.3500
1507  1999-04-09 11:00:00 1999-04-10 09:32:00  70.5330        3  0.2157
3743  1998-08-25 11:44:00 1998-08-25 13:54:00   2.1667        1  3.9478
3744  1998-08-25 13:54:00 1998-08-25 16:19:00   4.5834        2  0.6019
3745  1998-08-25 16:19:00 1998-08-26 11:49:00  24.0830        3  0.0466
3746  1998-08-25 11:51:00 1998-08-25 13:57:00   2.1000        1  0.1634
3747  1998-08-25 13:57:00 1998-08-25 16:17:00   4.4333        2  0.0535
3748  1998-08-25 16:17:00 1998-08-26 11:47:00  23.9330        3 -0.0012
5948  1994-04-19 16:00:00 1994-04-23 10:00:00  90.0000        1  0.0600
5949  1994-04-19 16:00:00 1994-04-23 00:00:00  80.0000        1  0.0900
5950  1994-04-19 16:00:00 1994-04-23 02:00:00  82.0000        1  0.0500
5951  1994-04-19 16:00:00 1994-04-22 16:00:00  72.0000        1  0.0010
5952  1994-04-19 16:00:00 1994-04-22 16:00:00  72.0000        1  0.0010
5953  1994-04-19 16:00:00 1994-04-23 12:00:00  92.0000        1  0.0300
5954  1994-04-19 16:00:00 1994-04-23 06:00:00  86.0000        1  0.0400
5955  1994-04-19 16:00:00 1994-04-23 16:00:00  96.0000        1  0.0400
5956  1994-04-19 16:00:00 1994-04-22 21:00:00  77.0000        1  0.0300
5957  1994-04-19 16:00:00 1994-04-22 20:00:00  76.0000        1  0.2200
5958  1994-04-19 16:00:00 1994-04-23 01:00:00  81.0000        1  0.2400
5959  1994-04-19 16:00:00 1994-04-22 18:00:00  74.0000        1  0.2700
5960  1994-09-13 14:00:00 1994-09-15 15:00:00  49.0000        1  0.0600
5961  1994-09-13 14:00:00 1994-09-16 05:00:00  63.0000        1  0.0700
5962  1994-09-13 14:00:00 1994-09-15 21:00:00  55.0000        1  0.0900
5963  1994-09-13 11:30:00 1994-09-16 07:00:00  67.5000        1  0.0300
5964  1994-09-13 11:30:00 1994-09-16 15:00:00  75.5000        1  0.0070
5965  1994-09-13 11:30:00 1994-09-16 10:00:00  70.5000        1  0.0200
5966  1994-09-13 12:00:00 1994-09-16 05:00:00  65.0000        1  0.1500
5967  1994-09-13 12:00:00 1994-09-16 14:00:00  74.0000        1  0.2200
5968  1994-09-13 12:00:00 1994-09-16 12:00:00  72.0000        1  0.2100
5907  1993-04-27 11:00:00 1993-04-30 05:00:00  66.0000        1  0.1900
5908  1993-04-27 11:00:00 1993-04-30 05:00:00  66.0000        1  0.2500
5909  1993-04-27 11:00:00 1993-04-30 02:00:00  63.0000        1  0.1900
5910  1993-04-27 11:30:00 1993-04-30 02:30:00  63.0000        1  0.1800
5911  1993-04-27 12:00:00 1993-04-30 07:00:00  67.0000        1  0.3000
5912  1993-04-27 13:00:00 1993-04-30 04:00:00  63.0000        1  0.4100
5913  1993-04-27 13:00:00 1993-04-30 04:00:00  63.0000        1  0.2600
5914  1993-06-10 10:00:00 1993-06-13 06:00:00  68.0000        1  0.4500
5915  1993-06-10 10:00:00 1993-06-13 03:00:00  65.0000        1  0.6600
5916  1993-06-10 10:00:00 1993-06-12 18:00:00  56.0000        1  0.4100
5917  1993-06-10 10:00:00 1993-06-12 15:00:00  53.0000        1  0.2100
5918  1993-06-10 10:00:00 1993-06-12 15:00:00  53.0000        1  0.2300
5919  1993-06-10 10:00:00 1993-06-12 09:00:00  47.0000        1  0.4400
5920  1993-06-10 10:00:00 1993-06-12 14:00:00  52.0000        1  0.4500
5921  1993-06-10 10:00:00 1993-06-12 19:00:00  57.0000        1  0.3500
5922  1993-06-10 10:00:00 1993-06-12 21:00:00  59.0000        1  0.4500
5923  1994-05-05 10:00:00 1994-05-08 05:00:00  67.0000        1  0.2600
5924  1994-05-05 11:00:00 1994-05-07 19:00:00  56.0000        1  0.5200
5925  1994-05-05 11:00:00 1994-05-07 21:00:00  58.0000        1  0.2200
5926  1994-05-05 11:00:00 1994-05-07 20:00:00  57.0000        1  0.0700
5927  1994-05-05 10:00:00 1994-05-07 23:00:00  61.0000        1  0.1400
5928  1994-05-05 10:00:00 1994-05-07 22:00:00  60.0000        1  0.1400
5929  1994-05-05 10:00:00 1994-05-08 00:00:00  62.0000        1  0.1900
5930  1994-05-05 10:00:00 1994-05-08 07:00:00  69.0000        1  0.1400
5931  1994-05-05 10:00:00 1994-05-08 04:00:00  66.0000        1  0.3000
5932  1994-05-05 10:00:00 1994-05-08 01:00:00  63.0000        1  0.1000
5933  1994-05-05 10:00:00 1994-05-08 02:00:00  64.0000        1  0.1100
5934  1994-06-20 10:00:00 1994-06-22 15:00:00  53.0000        1  0.9400
5935  1994-06-20 10:00:00 1994-06-22 15:00:00  53.0000        1  0.8700
5936  1994-06-20 10:00:00 1994-06-22 15:00:00  53.0000        1  0.5200
5937  1994-06-20 10:00:00 1994-06-22 15:00:00  53.0000        1  0.4300
5938  1994-06-20 10:00:00 1994-06-22 15:00:00  53.0000        1  0.5700
5939  1994-06-20 10:00:00 1994-06-22 15:00:00  53.0000        1  0.2600
5940  1994-06-20 10:00:00 1994-06-23 04:00:00  66.0000        1  0.3700
5941  1994-06-20 10:00:00 1994-06-23 09:00:00  71.0000        1  0.5000
5942  1994-06-20 11:00:00 1994-06-22 16:00:00  53.0000        1  0.4900
5943  1994-06-20 11:00:00 1994-06-22 16:00:00  53.0000        1  0.3400
5944  1994-06-20 11:00:00 1994-06-22 16:00:00  53.0000        1  0.2300
5945  1994-06-20 11:00:00 1994-06-22 16:00:00  53.0000        1  0.1900
5881  1993-05-04 11:00:00 1993-05-06 17:00:00  54.0000        1  0.3000
5882  1993-05-04 11:00:00 1993-05-06 22:00:00  59.0000        1  1.1000
5887  1993-05-04 14:00:00 1993-05-06 16:00:00  50.0000        1  0.6000
5883  1993-05-04 15:00:00 1993-05-06 20:00:00  53.0000        1  0.1500
5884  1993-05-04 12:00:00 1993-05-06 17:00:00  53.0000        1  0.3300
5885  1993-05-04 13:00:00 1993-05-06 18:00:00  53.0000        1  0.5000
5886  1993-05-04 11:00:00 1993-05-06 20:00:00  57.0000        1  0.3800
5888  1993-05-04 13:00:00 1993-05-06 18:00:00  53.0000        1  0.5500
5889  1993-06-15 13:00:00 1993-06-18 19:00:00  78.0000        1  0.8000
5890  1993-06-15 10:00:00 1993-06-19 05:00:00  91.0000        1  0.9700
5895  1993-06-15 12:00:00 1993-06-18 18:00:00  78.0000        1  0.6700
5891  1993-06-15 11:00:00 1993-06-18 18:00:00  79.0000        1  0.2200
5892  1993-06-15 11:00:00 1993-06-18 22:00:00  83.0000        1  0.6200
5893  1993-06-15 11:00:00 1993-06-18 19:00:00  80.0000        1  0.5900
5894  1993-06-15 11:00:00 1993-06-18 17:00:00  78.0000        1  0.7100
5896  1993-06-15 11:00:00 1993-06-18 15:00:00  76.0000        1  0.3500
5897  1994-06-16 14:00:00 1994-06-22 02:00:00 132.0000        1  0.4500
5898  1994-06-16 14:00:00 1994-06-22 05:00:00 135.0000        1  0.1900
5903  1994-06-16 14:00:00 1994-06-21 20:00:00 126.0000        1  0.2600
5899  1994-06-16 14:00:00 1994-06-22 00:00:00 130.0000        1  0.3600
5900  1994-06-16 14:00:00 1994-06-22 08:00:00 138.0000        1  0.6100
5901  1994-06-16 14:00:00 1994-06-22 06:00:00 136.0000        1  0.4500
5902  1994-06-16 14:00:00 1994-06-21 18:00:00 124.0000        1  0.3100
5904  1994-06-16 14:00:00 1994-06-22 15:00:00 145.0000        1  0.2900
5905  1994-06-16 14:00:00 1994-06-22 01:00:00 131.0000        1  0.7500
5906  1994-06-16 14:00:00 1994-06-21 22:00:00 128.0000        1  0.3900
5946  1994-05-03 16:00:00 1994-05-06 18:00:00  74.0000        1  1.3200
5947  1994-05-03 15:00:00 1994-05-04 09:00:00  18.0000        1  0.6100
28457 2014-05-01 08:40:00 2014-05-01 09:41:00   1.0167        0  0.0000
28486 2014-05-01 09:41:00 2014-05-01 11:14:00   1.5500        1  0.0000
28810 2014-04-30 09:05:00 2014-04-30 10:48:00   1.7167        0  0.0000
28899 2014-04-30 10:48:00 2014-04-30 12:59:00   2.1833        1  0.0000

> # 108 (JTI) has one value per plot
> # 105 (IGER) seems to just have two plots with only three intervals (24 hr). From the file they look OK.
> # 10 .... [TRUNCATED] 

> dim(x)
[1]  64 160

> x[, c('file', 'inst', 'institute', 'first.row.in.file', 'plot', 'pmid', 'tan.app', 'e.rel.final', 'e.rel.48')]
                                 file inst institute first.row.in.file plot
48                        ALFAM1.xlsx  101      ADAS              5752    8
49                        ALFAM1.xlsx  101      ADAS              5759    9
50                        ALFAM1.xlsx  101      ADAS              5766    1
51                        ALFAM1.xlsx  101      ADAS              5829   10
54                        ALFAM1.xlsx  101      ADAS              5787    4
56                        ALFAM1.xlsx  101      ADAS              5801    6
57                        ALFAM1.xlsx  101      ADAS              5808    7
58                        ALFAM1.xlsx  101      ADAS              5815    8
61                        ALFAM1.xlsx  101      ADAS              5899   10
62                        ALFAM1.xlsx  101      ADAS              5843    2
69                        ALFAM1.xlsx  101      ADAS              5892    9
71                        ALFAM1.xlsx  101      ADAS              5969   10
73                        ALFAM1.xlsx  101      ADAS              5920    3
76                        ALFAM1.xlsx  101      ADAS              5941    6
80                        ALFAM1.xlsx  102       AUN              2350     
245                       ALFAM1.xlsx  105      IGER              3628    5
266                       ALFAM1.xlsx  105      IGER              3760    1
269                       ALFAM1.xlsx  105      IGER              3772    3
286                       ALFAM1.xlsx  105      IGER              3880    1
287                       ALFAM1.xlsx  105      IGER              3934   10
290                       ALFAM1.xlsx  105      IGER              3898    4
304                       ALFAM1.xlsx  105      IGER              3982    8
308                       ALFAM1.xlsx  105      IGER              4026    3
309                       ALFAM1.xlsx  105      IGER              4039    4
313                       ALFAM1.xlsx  105      IGER              4091    8
315                       ALFAM1.xlsx  105      IGER              4117    1
342                       ALFAM1.xlsx  105      IGER              4414    1
347                       ALFAM1.xlsx  105      IGER              4469    6
349                       ALFAM1.xlsx  105      IGER              4491    8
353                       ALFAM1.xlsx  105      IGER              4529    3
366                       ALFAM1.xlsx  105      IGER              4609    7
375                       ALFAM1.xlsx  105      IGER              4681    7
416                       ALFAM1.xlsx  105      IGER              4939    1
417                       ALFAM1.xlsx  105      IGER              4951    2
418                       ALFAM1.xlsx  105      IGER              4963    3
419                       ALFAM1.xlsx  105      IGER              4975    4
421                       ALFAM1.xlsx  105      IGER              4999    6
422                       ALFAM1.xlsx  105      IGER              5011    7
423                       ALFAM1.xlsx  105      IGER              5023    8
595                       ALFAM1.xlsx  107   IUL/FAT              2633    2
596                       ALFAM1.xlsx  107   IUL/FAT              2644    3
688                       ALFAM1.xlsx  107   IUL/FAT              3160    1
714                       ALFAM1.xlsx  108       JTI              3517    F
721                       ALFAM1.xlsx  108       JTI              3524    E
722                       ALFAM1.xlsx  108       JTI              3525    F
727                       ALFAM1.xlsx  108       JTI              3526    K
729                       ALFAM1.xlsx  108       JTI              3532    E
733                       ALFAM1.xlsx  108       JTI              3537    I
737                       ALFAM1.xlsx  108       JTI              3540    N
746                       ALFAM1.xlsx  108       JTI              3484    F
747                       ALFAM1.xlsx  108       JTI              3485    F
766                       ALFAM1.xlsx  108       JTI              3504    F
767                       ALFAM1.xlsx  108       JTI              3505    F
778                       ALFAM1.xlsx  108       JTI              3542   F4
1175                ALFAM2_AU_v5.xlsx  205        AU                79    1
1180                ALFAM2_AU_v5.xlsx  205        AU               109    3
1184                ALFAM2_AU_v5.xlsx  205        AU               128    2
1185                ALFAM2_AU_v5.xlsx  205        AU               129    3
1799  ALFAM2_data_NL_arable01_v3.xlsx  214       WUR               405   58
1820 ALFAM2_data_NL-grass9703_v2.xlsx  214       WUR                87  209
1826 ALFAM2_data_NL-grass9703_v2.xlsx  214       WUR               140  215
1831 ALFAM2_data_NL-grass9703_v2.xlsx  214       WUR               185  220
1835 ALFAM2_data_NL-grass9703_v2.xlsx  214       WUR               221  224
1837 ALFAM2_data_NL-grass9703_v2.xlsx  214       WUR               239  226
     pmid tan.app e.rel.final e.rel.48
48     48 218.400      1.2288  1.12980
49     49 218.400      2.9985  2.54920
50     50 168.000      1.1752  0.74351
51     51 168.000      1.2604  0.94408
54     54 168.000      1.7882  1.13340
56     56 168.000      1.0493  0.84857
57     57 168.000      1.2873  0.95835
58     58 168.000      2.9963  2.54820
61     61 172.000      1.5989  1.31910
62     62 172.000      1.2850  1.00960
69     69 172.000      1.5795  1.25240
71     71 189.200      1.2146  0.98575
73     73 189.200      1.0396  0.84266
76     76 189.200      1.2700  1.06580
80     80  25.484      3.9638  1.43590
245   245  38.000      1.0292  0.94699
266   266  39.200      1.0335  0.98028
269   269  39.200      1.0110  0.98896
286   286  46.800      1.3328  1.26810
287   287  46.800      1.0735  1.04950
290   290  46.800      1.2046  1.24340
304   304  34.800      1.1511  1.16500
308   308   2.450      1.1635  0.56759
309   309   2.450      6.8612  5.65640
313   313   2.450      2.5692  1.94110
315   315   9.450      1.7862  1.31320
342   342  16.800      1.4383  1.42880
347   347  16.800      1.3159  1.31180
349   349  16.800      2.1106  1.95530
353   353  25.900      1.1646  0.96679
366   366  44.800      1.3437  1.31550
375   375  40.400      1.0746  1.04650
416   416  30.100      1.1186  1.00100
417   417  30.100      1.4269  1.25010
418   418  30.100      1.3876  1.10860
419   419  30.100      1.4159  1.18570
421   421  30.100      1.2273  1.10910
422   422  30.100      1.5308  1.37180
423   423  30.100      1.6735  1.49050
595   595  33.390      1.3212  1.29980
596   596  19.747      1.1760  1.06950
688   688   7.680      1.0786  1.07590
714   714  59.200      1.0963       NA
721   721  56.700      1.1005       NA
722   722  60.800      1.4518       NA
727   727  43.200      1.2097       NA
729   729  58.800      1.0102       NA
733   733  58.800      1.0408       NA
737   737  58.800      1.6709       NA
746   746  28.500      1.0737       NA
747   747  28.500      1.5053       NA
766   766  36.000      1.3839       NA
767   767  36.000      1.2808       NA
778   778  72.000      1.3567       NA
1175 1175 126.900      1.1926  0.62040
1180 1180 125.820      1.1845  0.30444
1184 1184 104.760      1.2913  1.03560
1185 1185 104.760      1.5869  0.83459
1799 1799 109.820      1.0601  1.01090
1820 1820  34.170      1.0517  1.03910
1826 1826  29.100      1.0736  0.96965
1831 1831  28.080      1.0569  1.02150
1835 1835  37.180      1.0089  0.96111
1837 1837  32.400      1.0644  1.02540

> # No obvious problems here
> # IGER value of 5+ probably related to very low application rate of 2 kg N/ha
> 
> ## Problems with incorporation
> ##  .... [TRUNCATED] 

> x <- data.frame(file=unique(x$file))

> x
                              file
1                      ALFAM1.xlsx
2           ALFAM2_NMI-WUR_v3.xlsx
3  ALFAM2_data_NL_arable01_v3.xlsx
4 ALFAM2_data_NL-grass9703_v2.xlsx

> # Missing slurry type
> x <- subset(d, is.na(man.source))

> unique(x$institute)
factor(0)
22 Levels: AAFC ADAS ADAS-RR ARDC AT AU AUN CAU-LU CRPA DIAS IGER ... WUR

> unique(x[, c('institute', 'man.source.orig')])
[1] institute       man.source.orig
<0 rows> (or 0-length row.names)

> x
  [1] inst            eid             pid             pmid           
  [5] oid             database        proj            exper          
  [9] exper2          institute       country         file           
 [13] row.in.file     pub.id          pub.info        lat            
 [17] long            topo            field           plot           
 [21] plot.area       treat           rep             rep2           
 [25] interval        t.start         t.end           t.start.orig   
 [29] t.end.orig      dt              dt.calc         dt.diff        
 [33] ct              mt              cta             meas.tech      
 [37] meas.tech2      meas.tech.orig  bg.dl           bg.val         
 [41] bg.unit         j.NH3           j.rel           e.int          
 [45] e.cum           e.rel           clay            silt           
 [49] sand            oc              soil.type       soil.type2     
 [53] soil.water      soil.moist      soil.ph         soil.dens      
 [57] crop.res        till            air.temp        air.temp.z     
 [61] soil.temp       soil.temp.z     rad             wind           
 [65] wind.z          wind.2m         wind.loc        rain           
 [69] rain.rate       rain.cum        rh              far.loc        
 [73] man.source      man.source.orig man.bed         man.con        
 [77] man.trt1        man.trt2        man.stor        man.dm         
 [81] man.tkn         man.tan         acid            man.tic        
 [85] man.ua          man.ph          man.freeNH3     man.eq.gasNH3  
 [89] date.start      app.start       app.start.orig  app.method     
 [93] app.method2     app.method.orig app.rate        tan.app        
 [97] incorp          incorp.orig     time.incorp     man.area       
[101] dist.inj        furrow.z        furrow.w        crop           
[105] crop.orig       crop.z          crop.area       lai            
[109] notes           flag           
<0 rows> (or 0-length row.names)

> # These all are probably measurements made with no application or prior to application
> # Need to remove from database if the latter
> # Missing ap .... [TRUNCATED] 

> unique(x$institute)
[1] INRA SDU 
22 Levels: AAFC ADAS ADAS-RR ARDC AT AU AUN CAU-LU CRPA DIAS IGER ... WUR

> x <- subset(d, is.na(app.method) & man.source != 'none')

> x[, c('institute', 'file', 'row.in.file', 'app.method.orig', 'app.method', 'app.rate', 'man.source')]
      institute               file row.in.file app.method.orig app.method
28457       SDU ALFAM2_SDU_v4.xlsx         100                       <NA>
28486       SDU ALFAM2_SDU_v4.xlsx         101                       <NA>
      app.rate man.source
28457       NA        cat
28486       NA        cat

> x
      inst eid  pid pmid   oid database   proj exper exper2 institute country
28457  211 281 1561 1565 28457        2 ALFAM2    B2     NA       SDU      DK
28486  211 281 1566 1570 28486        2 ALFAM2    B2     NA       SDU      DK
                    file row.in.file pub.id
28457 ALFAM2_SDU_v4.xlsx         100      1
28486 ALFAM2_SDU_v4.xlsx         101      1
                                                                                                                                                                                                                                                       pub.info
28457 Wagner, C., Hafner, S., Nyord, T., Pacholski, A. 2015. Impact of field acidification and application methods on ammonia emissions, yield and nitrogen efficiency of organic liquid manures. Paper presented at 2015 RAMIRAN conference, Hamburg, Germany.
28486 Wagner, C., Hafner, S., Nyord, T., Pacholski, A. 2015. Impact of field acidification and application methods on ammonia emissions, yield and nitrogen efficiency of organic liquid manures. Paper presented at 2015 RAMIRAN conference, Hamburg, Germany.
         lat   long topo            field plot plot.area treat rep rep2
28457 56.484 9.5813 Flat ECO field Foulum    1        81 BACK    2   NA
28486 56.484 9.5813 Flat ECO field Foulum    2        81 BACK    2   NA
      interval             t.start               t.end     t.start.orig
28457        0 2014-05-01 08:40:00 2014-05-01 09:41:00 01-05-2014 08:40
28486        1 2014-05-01 09:41:00 2014-05-01 11:14:00 01-05-2014 09:41
            t.end.orig     dt dt.calc dt.diff     ct      mt    cta meas.tech
28457 01-05-2014 09:41 1.0167  1.0167       0 1.0167 0.50833 1.0167       cps
28486 01-05-2014 11:14 1.5500  1.5500       0 1.5500 0.77500 1.5500       cps
      meas.tech2 meas.tech.orig bg.dl bg.val bg.unit j.NH3 j.rel e.int e.cum
28457        cps            cps    NA     NA    <NA>     0    NA     0     0
28486        cps            cps    NA     NA    <NA>     0    NA     0     0
      e.rel clay silt sand  oc  soil.type soil.type2 soil.water soil.moist
28457    NA  6.8  8.2 79.5 5.5 loamy.sand       sand         NA        wet
28486    NA  6.8  8.2 79.5 5.5 loamy.sand       sand         NA        wet
      soil.ph soil.dens crop.res till air.temp air.temp.z soil.temp soil.temp.z
28457     6.2       1.3      Yes  Yes     5.49          1        NA          NA
28486     6.2       1.3      Yes  Yes     6.46          1        NA          NA
      rad wind wind.z wind.2m wind.loc rain rain.rate rain.cum   rh far.loc
28457  NA 4.33      2    4.33    Field    0         0        0 71.6    <NA>
28486  NA 4.85      2    4.85    Field    0         0        0 61.2    <NA>
      man.source man.source.orig man.bed man.con man.trt1 man.trt2 man.stor
28457        cat          Cattle    <NA>  liquid     None     None       NA
28486        cat          Cattle    <NA>  liquid     None     None       NA
      man.dm man.tkn man.tan  acid man.tic man.ua man.ph man.freeNH3
28457     NA      NA      NA FALSE      NA     NA     NA          NA
28486     NA      NA      NA FALSE      NA     NA     NA          NA
      man.eq.gasNH3 date.start           app.start   app.start.orig app.method
28457            NA 2014-05-01 2014-05-01 08:40:00 01-05-2014 08:40       <NA>
28486            NA 2014-05-01 2014-05-01 09:41:00 01-05-2014 09:41       <NA>
      app.method2 app.method.orig app.rate tan.app incorp incorp.orig
28457        <NA>                       NA      NA   none        None
28486        <NA>                       NA      NA   none        None
      time.incorp man.area dist.inj furrow.z furrow.w   crop crop.orig crop.z
28457          NA       30       NA     <NA>     <NA> cereal    Barley     NA
28486          NA       30       NA     <NA>     <NA> cereal    Barley     NA
      crop.area lai                                                   notes
28457        NA  NA Control. beside the field (further distant background).
28486        NA  NA Control. beside the field (further distant background).
      flag
28457     
28486     

> # Missing soil type
> x <- subset(d, is.na(soil.type))

> unique(x$institute)
factor(0)
22 Levels: AAFC ADAS ADAS-RR ARDC AT AU AUN CAU-LU CRPA DIAS IGER ... WUR

> unique(x[, c('institute', 'soil.type', 'soil.type2')])
[1] institute  soil.type  soil.type2
<0 rows> (or 0-length row.names)

> x
  [1] inst            eid             pid             pmid           
  [5] oid             database        proj            exper          
  [9] exper2          institute       country         file           
 [13] row.in.file     pub.id          pub.info        lat            
 [17] long            topo            field           plot           
 [21] plot.area       treat           rep             rep2           
 [25] interval        t.start         t.end           t.start.orig   
 [29] t.end.orig      dt              dt.calc         dt.diff        
 [33] ct              mt              cta             meas.tech      
 [37] meas.tech2      meas.tech.orig  bg.dl           bg.val         
 [41] bg.unit         j.NH3           j.rel           e.int          
 [45] e.cum           e.rel           clay            silt           
 [49] sand            oc              soil.type       soil.type2     
 [53] soil.water      soil.moist      soil.ph         soil.dens      
 [57] crop.res        till            air.temp        air.temp.z     
 [61] soil.temp       soil.temp.z     rad             wind           
 [65] wind.z          wind.2m         wind.loc        rain           
 [69] rain.rate       rain.cum        rh              far.loc        
 [73] man.source      man.source.orig man.bed         man.con        
 [77] man.trt1        man.trt2        man.stor        man.dm         
 [81] man.tkn         man.tan         acid            man.tic        
 [85] man.ua          man.ph          man.freeNH3     man.eq.gasNH3  
 [89] date.start      app.start       app.start.orig  app.method     
 [93] app.method2     app.method.orig app.rate        tan.app        
 [97] incorp          incorp.orig     time.incorp     man.area       
[101] dist.inj        furrow.z        furrow.w        crop           
[105] crop.orig       crop.z          crop.area       lai            
[109] notes           flag           
<0 rows> (or 0-length row.names)

> # Missing crop
> # Only with no manure for INRA, plus many for SDU
> x <- subset(d, is.na(crop))

> unique(x$institute)
[1] INRA
22 Levels: AAFC ADAS ADAS-RR ARDC AT AU AUN CAU-LU CRPA DIAS IGER ... WUR

> unique(x[, c('institute', 'crop', 'crop.orig', 'man.source')])
      institute crop crop.orig man.source
20598      INRA <NA>                 none

> x[, c('institute', 'file', 'row.in.file', 'crop')]
      institute                                   file row.in.file crop
20598      INRA 3 ALFAM2_96TVNH3_TREV(29)_2011 v4.xlsx        1362 <NA>
20599      INRA 3 ALFAM2_96TVNH3_TREV(29)_2011 v4.xlsx        1363 <NA>
20600      INRA 3 ALFAM2_96TVNH3_TREV(29)_2011 v4.xlsx        1364 <NA>
20601      INRA 3 ALFAM2_96TVNH3_TREV(29)_2011 v4.xlsx        1365 <NA>
20602      INRA 3 ALFAM2_96TVNH3_TREV(29)_2011 v4.xlsx        1366 <NA>
20603      INRA 3 ALFAM2_96TVNH3_TREV(29)_2011 v4.xlsx        1367 <NA>
20604      INRA 3 ALFAM2_96TVNH3_TREV(29)_2011 v4.xlsx        1368 <NA>
20605      INRA 3 ALFAM2_96TVNH3_TREV(29)_2011 v4.xlsx        1369 <NA>
20606      INRA 3 ALFAM2_96TVNH3_TREV(29)_2011 v4.xlsx        1370 <NA>
20607      INRA 3 ALFAM2_96TVNH3_TREV(29)_2011 v4.xlsx        1371 <NA>
20608      INRA 3 ALFAM2_96TVNH3_TREV(29)_2011 v4.xlsx        1372 <NA>
20609      INRA 3 ALFAM2_96TVNH3_TREV(29)_2011 v4.xlsx        1373 <NA>
20610      INRA 3 ALFAM2_96TVNH3_TREV(29)_2011 v4.xlsx        1374 <NA>
20611      INRA 3 ALFAM2_96TVNH3_TREV(29)_2011 v4.xlsx        1375 <NA>
20612      INRA 3 ALFAM2_96TVNH3_TREV(29)_2011 v4.xlsx        1376 <NA>
20613      INRA 3 ALFAM2_96TVNH3_TREV(29)_2011 v4.xlsx        1377 <NA>
20614      INRA 3 ALFAM2_96TVNH3_TREV(29)_2011 v4.xlsx        1378 <NA>
20615      INRA 3 ALFAM2_96TVNH3_TREV(29)_2011 v4.xlsx        1379 <NA>
20616      INRA 3 ALFAM2_96TVNH3_TREV(29)_2011 v4.xlsx        1380 <NA>
20617      INRA 3 ALFAM2_96TVNH3_TREV(29)_2011 v4.xlsx        1381 <NA>
20618      INRA 3 ALFAM2_96TVNH3_TREV(29)_2011 v4.xlsx        1382 <NA>
20619      INRA 3 ALFAM2_96TVNH3_TREV(29)_2011 v4.xlsx        1383 <NA>
20620      INRA 3 ALFAM2_96TVNH3_TREV(29)_2011 v4.xlsx        1384 <NA>
20621      INRA 3 ALFAM2_96TVNH3_TREV(29)_2011 v4.xlsx        1385 <NA>
20622      INRA 3 ALFAM2_96TVNH3_TREV(29)_2011 v4.xlsx        1386 <NA>
20623      INRA 3 ALFAM2_96TVNH3_TREV(29)_2011 v4.xlsx        1387 <NA>
20624      INRA 3 ALFAM2_96TVNH3_TREV(29)_2011 v4.xlsx        1388 <NA>
20625      INRA 3 ALFAM2_96TVNH3_TREV(29)_2011 v4.xlsx        1389 <NA>
20626      INRA 3 ALFAM2_96TVNH3_TREV(29)_2011 v4.xlsx        1390 <NA>
20627      INRA 3 ALFAM2_96TVNH3_TREV(29)_2011 v4.xlsx        1391 <NA>
20628      INRA 3 ALFAM2_96TVNH3_TREV(29)_2011 v4.xlsx        1392 <NA>
20629      INRA 3 ALFAM2_96TVNH3_TREV(29)_2011 v4.xlsx        1393 <NA>
20630      INRA 3 ALFAM2_96TVNH3_TREV(29)_2011 v4.xlsx        1394 <NA>
20631      INRA 3 ALFAM2_96TVNH3_TREV(29)_2011 v4.xlsx        1395 <NA>
20632      INRA 3 ALFAM2_96TVNH3_TREV(29)_2011 v4.xlsx        1396 <NA>
20633      INRA 3 ALFAM2_96TVNH3_TREV(29)_2011 v4.xlsx        1397 <NA>
20634      INRA 3 ALFAM2_96TVNH3_TREV(29)_2011 v4.xlsx        1398 <NA>
20635      INRA 3 ALFAM2_96TVNH3_TREV(29)_2011 v4.xlsx        1399 <NA>
20636      INRA 3 ALFAM2_96TVNH3_TREV(29)_2011 v4.xlsx        1400 <NA>
20637      INRA 3 ALFAM2_96TVNH3_TREV(29)_2011 v4.xlsx        1401 <NA>
20638      INRA 3 ALFAM2_96TVNH3_TREV(29)_2011 v4.xlsx        1402 <NA>
20639      INRA 3 ALFAM2_96TVNH3_TREV(29)_2011 v4.xlsx        1403 <NA>
20640      INRA 3 ALFAM2_96TVNH3_TREV(29)_2011 v4.xlsx        1404 <NA>
20641      INRA 3 ALFAM2_96TVNH3_TREV(29)_2011 v4.xlsx        1405 <NA>
20642      INRA 3 ALFAM2_96TVNH3_TREV(29)_2011 v4.xlsx        1406 <NA>
20643      INRA 3 ALFAM2_96TVNH3_TREV(29)_2011 v4.xlsx        1407 <NA>
20644      INRA 3 ALFAM2_96TVNH3_TREV(29)_2011 v4.xlsx        1408 <NA>
20645      INRA 3 ALFAM2_96TVNH3_TREV(29)_2011 v4.xlsx        1409 <NA>
20646      INRA 3 ALFAM2_96TVNH3_TREV(29)_2011 v4.xlsx        1410 <NA>
20647      INRA 3 ALFAM2_96TVNH3_TREV(29)_2011 v4.xlsx        1411 <NA>
20648      INRA 3 ALFAM2_96TVNH3_TREV(29)_2011 v4.xlsx        1412 <NA>
20649      INRA 3 ALFAM2_96TVNH3_TREV(29)_2011 v4.xlsx        1413 <NA>
20650      INRA 3 ALFAM2_96TVNH3_TREV(29)_2011 v4.xlsx        1414 <NA>
20651      INRA 3 ALFAM2_96TVNH3_TREV(29)_2011 v4.xlsx        1415 <NA>
20652      INRA 3 ALFAM2_96TVNH3_TREV(29)_2011 v4.xlsx        1416 <NA>
20653      INRA 3 ALFAM2_96TVNH3_TREV(29)_2011 v4.xlsx        1417 <NA>
20654      INRA 3 ALFAM2_96TVNH3_TREV(29)_2011 v4.xlsx        1418 <NA>
20655      INRA 3 ALFAM2_96TVNH3_TREV(29)_2011 v4.xlsx        1419 <NA>
20656      INRA 3 ALFAM2_96TVNH3_TREV(29)_2011 v4.xlsx        1420 <NA>
20657      INRA 3 ALFAM2_96TVNH3_TREV(29)_2011 v4.xlsx        1421 <NA>
20658      INRA 3 ALFAM2_96TVNH3_TREV(29)_2011 v4.xlsx        1422 <NA>
20659      INRA 3 ALFAM2_96TVNH3_TREV(29)_2011 v4.xlsx        1423 <NA>
20660      INRA 3 ALFAM2_96TVNH3_TREV(29)_2011 v4.xlsx        1424 <NA>
20661      INRA 3 ALFAM2_96TVNH3_TREV(29)_2011 v4.xlsx        1425 <NA>
20662      INRA 3 ALFAM2_96TVNH3_TREV(29)_2011 v4.xlsx        1426 <NA>
20663      INRA 3 ALFAM2_96TVNH3_TREV(29)_2011 v4.xlsx        1427 <NA>
20664      INRA 3 ALFAM2_96TVNH3_TREV(29)_2011 v4.xlsx        1428 <NA>
20665      INRA 3 ALFAM2_96TVNH3_TREV(29)_2011 v4.xlsx        1429 <NA>
20666      INRA 3 ALFAM2_96TVNH3_TREV(29)_2011 v4.xlsx        1430 <NA>
20667      INRA 3 ALFAM2_96TVNH3_TREV(29)_2011 v4.xlsx        1431 <NA>
20668      INRA 3 ALFAM2_96TVNH3_TREV(29)_2011 v4.xlsx        1432 <NA>
20669      INRA 3 ALFAM2_96TVNH3_TREV(29)_2011 v4.xlsx        1433 <NA>
20670      INRA 3 ALFAM2_96TVNH3_TREV(29)_2011 v4.xlsx        1434 <NA>
20671      INRA 3 ALFAM2_96TVNH3_TREV(29)_2011 v4.xlsx        1435 <NA>
20672      INRA 3 ALFAM2_96TVNH3_TREV(29)_2011 v4.xlsx        1436 <NA>
20673      INRA 3 ALFAM2_96TVNH3_TREV(29)_2011 v4.xlsx        1437 <NA>
20674      INRA 3 ALFAM2_96TVNH3_TREV(29)_2011 v4.xlsx        1438 <NA>
20675      INRA 3 ALFAM2_96TVNH3_TREV(29)_2011 v4.xlsx        1439 <NA>
20676      INRA 3 ALFAM2_96TVNH3_TREV(29)_2011 v4.xlsx        1440 <NA>
20677      INRA 3 ALFAM2_96TVNH3_TREV(29)_2011 v4.xlsx        1441 <NA>
20678      INRA 3 ALFAM2_96TVNH3_TREV(29)_2011 v4.xlsx        1442 <NA>
20679      INRA 3 ALFAM2_96TVNH3_TREV(29)_2011 v4.xlsx        1443 <NA>
20680      INRA 3 ALFAM2_96TVNH3_TREV(29)_2011 v4.xlsx        1444 <NA>
20681      INRA 3 ALFAM2_96TVNH3_TREV(29)_2011 v4.xlsx        1445 <NA>
20682      INRA 3 ALFAM2_96TVNH3_TREV(29)_2011 v4.xlsx        1446 <NA>
20683      INRA 3 ALFAM2_96TVNH3_TREV(29)_2011 v4.xlsx        1447 <NA>
20684      INRA 3 ALFAM2_96TVNH3_TREV(29)_2011 v4.xlsx        1448 <NA>
20685      INRA 3 ALFAM2_96TVNH3_TREV(29)_2011 v4.xlsx        1449 <NA>
20686      INRA 3 ALFAM2_96TVNH3_TREV(29)_2011 v4.xlsx        1450 <NA>
20687      INRA 3 ALFAM2_96TVNH3_TREV(29)_2011 v4.xlsx        1451 <NA>
20688      INRA 3 ALFAM2_96TVNH3_TREV(29)_2011 v4.xlsx        1452 <NA>
20689      INRA 3 ALFAM2_96TVNH3_TREV(29)_2011 v4.xlsx        1453 <NA>
20690      INRA 3 ALFAM2_96TVNH3_TREV(29)_2011 v4.xlsx        1454 <NA>
20691      INRA 3 ALFAM2_96TVNH3_TREV(29)_2011 v4.xlsx        1455 <NA>
20692      INRA 3 ALFAM2_96TVNH3_TREV(29)_2011 v4.xlsx        1456 <NA>
20693      INRA 3 ALFAM2_96TVNH3_TREV(29)_2011 v4.xlsx        1457 <NA>
20694      INRA 3 ALFAM2_96TVNH3_TREV(29)_2011 v4.xlsx        1458 <NA>
20695      INRA 3 ALFAM2_96TVNH3_TREV(29)_2011 v4.xlsx        1459 <NA>
20696      INRA 3 ALFAM2_96TVNH3_TREV(29)_2011 v4.xlsx        1460 <NA>
20697      INRA 3 ALFAM2_96TVNH3_TREV(29)_2011 v4.xlsx        1461 <NA>
20698      INRA 3 ALFAM2_96TVNH3_TREV(29)_2011 v4.xlsx        1462 <NA>
20699      INRA 3 ALFAM2_96TVNH3_TREV(29)_2011 v4.xlsx        1463 <NA>
20700      INRA 3 ALFAM2_96TVNH3_TREV(29)_2011 v4.xlsx        1464 <NA>
20701      INRA 3 ALFAM2_96TVNH3_TREV(29)_2011 v4.xlsx        1465 <NA>
20702      INRA 3 ALFAM2_96TVNH3_TREV(29)_2011 v4.xlsx        1466 <NA>
20703      INRA 3 ALFAM2_96TVNH3_TREV(29)_2011 v4.xlsx        1467 <NA>
20704      INRA 3 ALFAM2_96TVNH3_TREV(29)_2011 v4.xlsx        1468 <NA>
20705      INRA 3 ALFAM2_96TVNH3_TREV(29)_2011 v4.xlsx        1469 <NA>
20706      INRA 3 ALFAM2_96TVNH3_TREV(29)_2011 v4.xlsx        1470 <NA>
20707      INRA 3 ALFAM2_96TVNH3_TREV(29)_2011 v4.xlsx        1471 <NA>
20708      INRA 3 ALFAM2_96TVNH3_TREV(29)_2011 v4.xlsx        1472 <NA>
20709      INRA 3 ALFAM2_96TVNH3_TREV(29)_2011 v4.xlsx        1473 <NA>
20710      INRA 3 ALFAM2_96TVNH3_TREV(29)_2011 v4.xlsx        1474 <NA>
20711      INRA 3 ALFAM2_96TVNH3_TREV(29)_2011 v4.xlsx        1475 <NA>
20712      INRA 3 ALFAM2_96TVNH3_TREV(29)_2011 v4.xlsx        1476 <NA>
20713      INRA 3 ALFAM2_96TVNH3_TREV(29)_2011 v4.xlsx        1477 <NA>
20714      INRA 3 ALFAM2_96TVNH3_TREV(29)_2011 v4.xlsx        1478 <NA>
20715      INRA 3 ALFAM2_96TVNH3_TREV(29)_2011 v4.xlsx        1479 <NA>
20716      INRA 3 ALFAM2_96TVNH3_TREV(29)_2011 v4.xlsx        1480 <NA>
20717      INRA 3 ALFAM2_96TVNH3_TREV(29)_2011 v4.xlsx        1481 <NA>
20718      INRA 3 ALFAM2_96TVNH3_TREV(29)_2011 v4.xlsx        1482 <NA>
20719      INRA 3 ALFAM2_96TVNH3_TREV(29)_2011 v4.xlsx        1483 <NA>
20720      INRA 3 ALFAM2_96TVNH3_TREV(29)_2011 v4.xlsx        1484 <NA>
20721      INRA 3 ALFAM2_96TVNH3_TREV(29)_2011 v4.xlsx        1485 <NA>
20722      INRA 3 ALFAM2_96TVNH3_TREV(29)_2011 v4.xlsx        1486 <NA>
20723      INRA 3 ALFAM2_96TVNH3_TREV(29)_2011 v4.xlsx        1487 <NA>
20724      INRA 3 ALFAM2_96TVNH3_TREV(29)_2011 v4.xlsx        1488 <NA>
20725      INRA 3 ALFAM2_96TVNH3_TREV(29)_2011 v4.xlsx        1489 <NA>
20726      INRA 3 ALFAM2_96TVNH3_TREV(29)_2011 v4.xlsx        1490 <NA>
20727      INRA 3 ALFAM2_96TVNH3_TREV(29)_2011 v4.xlsx        1491 <NA>
20728      INRA 3 ALFAM2_96TVNH3_TREV(29)_2011 v4.xlsx        1492 <NA>
20729      INRA 3 ALFAM2_96TVNH3_TREV(29)_2011 v4.xlsx        1493 <NA>
20730      INRA 3 ALFAM2_96TVNH3_TREV(29)_2011 v4.xlsx        1494 <NA>
20731      INRA 3 ALFAM2_96TVNH3_TREV(29)_2011 v4.xlsx        1495 <NA>
20732      INRA 3 ALFAM2_96TVNH3_TREV(29)_2011 v4.xlsx        1496 <NA>
20733      INRA 3 ALFAM2_96TVNH3_TREV(29)_2011 v4.xlsx        1497 <NA>
20734      INRA 3 ALFAM2_96TVNH3_TREV(29)_2011 v4.xlsx        1498 <NA>
20735      INRA 3 ALFAM2_96TVNH3_TREV(29)_2011 v4.xlsx        1499 <NA>
20736      INRA 3 ALFAM2_96TVNH3_TREV(29)_2011 v4.xlsx        1500 <NA>
20737      INRA 3 ALFAM2_96TVNH3_TREV(29)_2011 v4.xlsx        1501 <NA>
20738      INRA 3 ALFAM2_96TVNH3_TREV(29)_2011 v4.xlsx        1502 <NA>
20739      INRA 3 ALFAM2_96TVNH3_TREV(29)_2011 v4.xlsx        1503 <NA>
20740      INRA 3 ALFAM2_96TVNH3_TREV(29)_2011 v4.xlsx        1504 <NA>
20741      INRA 3 ALFAM2_96TVNH3_TREV(29)_2011 v4.xlsx        1505 <NA>
20742      INRA 3 ALFAM2_96TVNH3_TREV(29)_2011 v4.xlsx        1506 <NA>
20743      INRA 3 ALFAM2_96TVNH3_TREV(29)_2011 v4.xlsx        1507 <NA>
20744      INRA 3 ALFAM2_96TVNH3_TREV(29)_2011 v4.xlsx        1508 <NA>
20745      INRA 3 ALFAM2_96TVNH3_TREV(29)_2011 v4.xlsx        1509 <NA>
20746      INRA 3 ALFAM2_96TVNH3_TREV(29)_2011 v4.xlsx        1510 <NA>
20747      INRA 3 ALFAM2_96TVNH3_TREV(29)_2011 v4.xlsx        1511 <NA>
20748      INRA 3 ALFAM2_96TVNH3_TREV(29)_2011 v4.xlsx        1512 <NA>
20749      INRA 3 ALFAM2_96TVNH3_TREV(29)_2011 v4.xlsx        1513 <NA>
20750      INRA 3 ALFAM2_96TVNH3_TREV(29)_2011 v4.xlsx        1514 <NA>
20751      INRA 3 ALFAM2_96TVNH3_TREV(29)_2011 v4.xlsx        1515 <NA>
20752      INRA 3 ALFAM2_96TVNH3_TREV(29)_2011 v4.xlsx        1516 <NA>
20753      INRA 3 ALFAM2_96TVNH3_TREV(29)_2011 v4.xlsx        1517 <NA>
20754      INRA 3 ALFAM2_96TVNH3_TREV(29)_2011 v4.xlsx        1518 <NA>
20755      INRA 3 ALFAM2_96TVNH3_TREV(29)_2011 v4.xlsx        1519 <NA>
20756      INRA 3 ALFAM2_96TVNH3_TREV(29)_2011 v4.xlsx        1520 <NA>
20757      INRA 3 ALFAM2_96TVNH3_TREV(29)_2011 v4.xlsx        1521 <NA>
20758      INRA 3 ALFAM2_96TVNH3_TREV(29)_2011 v4.xlsx        1522 <NA>
20759      INRA 3 ALFAM2_96TVNH3_TREV(29)_2011 v4.xlsx        1523 <NA>
20760      INRA 3 ALFAM2_96TVNH3_TREV(29)_2011 v4.xlsx        1524 <NA>
20761      INRA 3 ALFAM2_96TVNH3_TREV(29)_2011 v4.xlsx        1525 <NA>
20762      INRA 3 ALFAM2_96TVNH3_TREV(29)_2011 v4.xlsx        1526 <NA>
20763      INRA 3 ALFAM2_96TVNH3_TREV(29)_2011 v4.xlsx        1527 <NA>
20764      INRA 3 ALFAM2_96TVNH3_TREV(29)_2011 v4.xlsx        1528 <NA>
20765      INRA 3 ALFAM2_96TVNH3_TREV(29)_2011 v4.xlsx        1529 <NA>
20766      INRA 3 ALFAM2_96TVNH3_TREV(29)_2011 v4.xlsx        1530 <NA>
20767      INRA 3 ALFAM2_96TVNH3_TREV(29)_2011 v4.xlsx        1531 <NA>
20768      INRA 3 ALFAM2_96TVNH3_TREV(29)_2011 v4.xlsx        1532 <NA>
20769      INRA 3 ALFAM2_96TVNH3_TREV(29)_2011 v4.xlsx        1533 <NA>
20770      INRA 3 ALFAM2_96TVNH3_TREV(29)_2011 v4.xlsx        1534 <NA>
20771      INRA 3 ALFAM2_96TVNH3_TREV(29)_2011 v4.xlsx        1535 <NA>
20772      INRA 3 ALFAM2_96TVNH3_TREV(29)_2011 v4.xlsx        1536 <NA>
20773      INRA 3 ALFAM2_96TVNH3_TREV(29)_2011 v4.xlsx        1537 <NA>
20774      INRA 3 ALFAM2_96TVNH3_TREV(29)_2011 v4.xlsx        1538 <NA>
20775      INRA 3 ALFAM2_96TVNH3_TREV(29)_2011 v4.xlsx        1539 <NA>
20776      INRA 3 ALFAM2_96TVNH3_TREV(29)_2011 v4.xlsx        1540 <NA>
20777      INRA 3 ALFAM2_96TVNH3_TREV(29)_2011 v4.xlsx        1541 <NA>
20778      INRA 3 ALFAM2_96TVNH3_TREV(29)_2011 v4.xlsx        1542 <NA>
20779      INRA 3 ALFAM2_96TVNH3_TREV(29)_2011 v4.xlsx        1543 <NA>
20780      INRA 3 ALFAM2_96TVNH3_TREV(29)_2011 v4.xlsx        1544 <NA>
20781      INRA 3 ALFAM2_96TVNH3_TREV(29)_2011 v4.xlsx        1545 <NA>
20782      INRA 3 ALFAM2_96TVNH3_TREV(29)_2011 v4.xlsx        1546 <NA>
20783      INRA 3 ALFAM2_96TVNH3_TREV(29)_2011 v4.xlsx        1547 <NA>
20784      INRA 3 ALFAM2_96TVNH3_TREV(29)_2011 v4.xlsx        1548 <NA>
20785      INRA 3 ALFAM2_96TVNH3_TREV(29)_2011 v4.xlsx        1549 <NA>
20786      INRA 3 ALFAM2_96TVNH3_TREV(29)_2011 v4.xlsx        1550 <NA>
20787      INRA 3 ALFAM2_96TVNH3_TREV(29)_2011 v4.xlsx        1551 <NA>
20788      INRA 3 ALFAM2_96TVNH3_TREV(29)_2011 v4.xlsx        1552 <NA>
20789      INRA 3 ALFAM2_96TVNH3_TREV(29)_2011 v4.xlsx        1553 <NA>
20790      INRA 3 ALFAM2_96TVNH3_TREV(29)_2011 v4.xlsx        1554 <NA>
20791      INRA 3 ALFAM2_96TVNH3_TREV(29)_2011 v4.xlsx        1555 <NA>
20792      INRA 3 ALFAM2_96TVNH3_TREV(29)_2011 v4.xlsx        1556 <NA>
20793      INRA 3 ALFAM2_96TVNH3_TREV(29)_2011 v4.xlsx        1557 <NA>
20794      INRA 3 ALFAM2_96TVNH3_TREV(29)_2011 v4.xlsx        1558 <NA>
20795      INRA 3 ALFAM2_96TVNH3_TREV(29)_2011 v4.xlsx        1559 <NA>
20796      INRA 3 ALFAM2_96TVNH3_TREV(29)_2011 v4.xlsx        1560 <NA>
20797      INRA 3 ALFAM2_96TVNH3_TREV(29)_2011 v4.xlsx        1561 <NA>
20798      INRA 3 ALFAM2_96TVNH3_TREV(29)_2011 v4.xlsx        1562 <NA>
20799      INRA 3 ALFAM2_96TVNH3_TREV(29)_2011 v4.xlsx        1563 <NA>
20800      INRA 3 ALFAM2_96TVNH3_TREV(29)_2011 v4.xlsx        1564 <NA>
20801      INRA 3 ALFAM2_96TVNH3_TREV(29)_2011 v4.xlsx        1565 <NA>
20802      INRA 3 ALFAM2_96TVNH3_TREV(29)_2011 v4.xlsx        1566 <NA>
20803      INRA 3 ALFAM2_96TVNH3_TREV(29)_2011 v4.xlsx        1567 <NA>
20804      INRA 3 ALFAM2_96TVNH3_TREV(29)_2011 v4.xlsx        1568 <NA>
20805      INRA 3 ALFAM2_96TVNH3_TREV(29)_2011 v4.xlsx        1569 <NA>
20806      INRA 3 ALFAM2_96TVNH3_TREV(29)_2011 v4.xlsx        1570 <NA>
20807      INRA 3 ALFAM2_96TVNH3_TREV(29)_2011 v4.xlsx        1571 <NA>
20808      INRA 3 ALFAM2_96TVNH3_TREV(29)_2011 v4.xlsx        1572 <NA>
20809      INRA 3 ALFAM2_96TVNH3_TREV(29)_2011 v4.xlsx        1573 <NA>
20810      INRA 3 ALFAM2_96TVNH3_TREV(29)_2011 v4.xlsx        1574 <NA>
20811      INRA 3 ALFAM2_96TVNH3_TREV(29)_2011 v4.xlsx        1575 <NA>
20812      INRA 3 ALFAM2_96TVNH3_TREV(29)_2011 v4.xlsx        1576 <NA>
20813      INRA 3 ALFAM2_96TVNH3_TREV(29)_2011 v4.xlsx        1577 <NA>
20814      INRA 3 ALFAM2_96TVNH3_TREV(29)_2011 v4.xlsx        1578 <NA>
20815      INRA 3 ALFAM2_96TVNH3_TREV(29)_2011 v4.xlsx        1579 <NA>
20816      INRA 3 ALFAM2_96TVNH3_TREV(29)_2011 v4.xlsx        1580 <NA>
20817      INRA 3 ALFAM2_96TVNH3_TREV(29)_2011 v4.xlsx        1581 <NA>
20818      INRA 3 ALFAM2_96TVNH3_TREV(29)_2011 v4.xlsx        1582 <NA>
20819      INRA 3 ALFAM2_96TVNH3_TREV(29)_2011 v4.xlsx        1583 <NA>
20820      INRA 3 ALFAM2_96TVNH3_TREV(29)_2011 v4.xlsx        1584 <NA>
20821      INRA 3 ALFAM2_96TVNH3_TREV(29)_2011 v4.xlsx        1585 <NA>
20822      INRA 3 ALFAM2_96TVNH3_TREV(29)_2011 v4.xlsx        1586 <NA>
20823      INRA 3 ALFAM2_96TVNH3_TREV(29)_2011 v4.xlsx        1587 <NA>
20824      INRA 3 ALFAM2_96TVNH3_TREV(29)_2011 v4.xlsx        1588 <NA>
20825      INRA 3 ALFAM2_96TVNH3_TREV(29)_2011 v4.xlsx        1589 <NA>
20826      INRA 3 ALFAM2_96TVNH3_TREV(29)_2011 v4.xlsx        1590 <NA>
20827      INRA 3 ALFAM2_96TVNH3_TREV(29)_2011 v4.xlsx        1591 <NA>
20828      INRA 3 ALFAM2_96TVNH3_TREV(29)_2011 v4.xlsx        1592 <NA>
20829      INRA 3 ALFAM2_96TVNH3_TREV(29)_2011 v4.xlsx        1593 <NA>
20830      INRA 3 ALFAM2_96TVNH3_TREV(29)_2011 v4.xlsx        1594 <NA>
20831      INRA 3 ALFAM2_96TVNH3_TREV(29)_2011 v4.xlsx        1595 <NA>
20832      INRA 3 ALFAM2_96TVNH3_TREV(29)_2011 v4.xlsx        1596 <NA>
20833      INRA 3 ALFAM2_96TVNH3_TREV(29)_2011 v4.xlsx        1597 <NA>
20834      INRA 3 ALFAM2_96TVNH3_TREV(29)_2011 v4.xlsx        1598 <NA>
20835      INRA 3 ALFAM2_96TVNH3_TREV(29)_2011 v4.xlsx        1599 <NA>
20836      INRA 3 ALFAM2_96TVNH3_TREV(29)_2011 v4.xlsx        1600 <NA>
20837      INRA 3 ALFAM2_96TVNH3_TREV(29)_2011 v4.xlsx        1601 <NA>
20838      INRA 3 ALFAM2_96TVNH3_TREV(29)_2011 v4.xlsx        1602 <NA>
20839      INRA 3 ALFAM2_96TVNH3_TREV(29)_2011 v4.xlsx        1603 <NA>
20840      INRA 3 ALFAM2_96TVNH3_TREV(29)_2011 v4.xlsx        1604 <NA>
20841      INRA 3 ALFAM2_96TVNH3_TREV(29)_2011 v4.xlsx        1605 <NA>
20842      INRA 3 ALFAM2_96TVNH3_TREV(29)_2011 v4.xlsx        1606 <NA>
20843      INRA 3 ALFAM2_96TVNH3_TREV(29)_2011 v4.xlsx        1607 <NA>
20844      INRA 3 ALFAM2_96TVNH3_TREV(29)_2011 v4.xlsx        1608 <NA>
20845      INRA 3 ALFAM2_96TVNH3_TREV(29)_2011 v4.xlsx        1609 <NA>
20846      INRA 3 ALFAM2_96TVNH3_TREV(29)_2011 v4.xlsx        1610 <NA>
20847      INRA 3 ALFAM2_96TVNH3_TREV(29)_2011 v4.xlsx        1611 <NA>
20848      INRA 3 ALFAM2_96TVNH3_TREV(29)_2011 v4.xlsx        1612 <NA>
20849      INRA 3 ALFAM2_96TVNH3_TREV(29)_2011 v4.xlsx        1613 <NA>
20850      INRA 3 ALFAM2_96TVNH3_TREV(29)_2011 v4.xlsx        1614 <NA>
20851      INRA 3 ALFAM2_96TVNH3_TREV(29)_2011 v4.xlsx        1615 <NA>
20852      INRA 3 ALFAM2_96TVNH3_TREV(29)_2011 v4.xlsx        1616 <NA>
20853      INRA 3 ALFAM2_96TVNH3_TREV(29)_2011 v4.xlsx        1617 <NA>
20854      INRA 3 ALFAM2_96TVNH3_TREV(29)_2011 v4.xlsx        1618 <NA>
20855      INRA 3 ALFAM2_96TVNH3_TREV(29)_2011 v4.xlsx        1619 <NA>
20856      INRA 3 ALFAM2_96TVNH3_TREV(29)_2011 v4.xlsx        1620 <NA>
20857      INRA 3 ALFAM2_96TVNH3_TREV(29)_2011 v4.xlsx        1621 <NA>
20858      INRA 3 ALFAM2_96TVNH3_TREV(29)_2011 v4.xlsx        1622 <NA>
20859      INRA 3 ALFAM2_96TVNH3_TREV(29)_2011 v4.xlsx        1623 <NA>
20860      INRA 3 ALFAM2_96TVNH3_TREV(29)_2011 v4.xlsx        1624 <NA>
20861      INRA 3 ALFAM2_96TVNH3_TREV(29)_2011 v4.xlsx        1625 <NA>
20862      INRA 3 ALFAM2_96TVNH3_TREV(29)_2011 v4.xlsx        1626 <NA>
20863      INRA 3 ALFAM2_96TVNH3_TREV(29)_2011 v4.xlsx        1627 <NA>
20864      INRA 3 ALFAM2_96TVNH3_TREV(29)_2011 v4.xlsx        1628 <NA>
20865      INRA 3 ALFAM2_96TVNH3_TREV(29)_2011 v4.xlsx        1629 <NA>
20866      INRA 3 ALFAM2_96TVNH3_TREV(29)_2011 v4.xlsx        1630 <NA>
20867      INRA 3 ALFAM2_96TVNH3_TREV(29)_2011 v4.xlsx        1631 <NA>
20868      INRA 3 ALFAM2_96TVNH3_TREV(29)_2011 v4.xlsx        1632 <NA>
20869      INRA 3 ALFAM2_96TVNH3_TREV(29)_2011 v4.xlsx        1633 <NA>
20870      INRA 3 ALFAM2_96TVNH3_TREV(29)_2011 v4.xlsx        1634 <NA>
20871      INRA 3 ALFAM2_96TVNH3_TREV(29)_2011 v4.xlsx        1635 <NA>
20872      INRA 3 ALFAM2_96TVNH3_TREV(29)_2011 v4.xlsx        1636 <NA>
20873      INRA 3 ALFAM2_96TVNH3_TREV(29)_2011 v4.xlsx        1637 <NA>
20874      INRA 3 ALFAM2_96TVNH3_TREV(29)_2011 v4.xlsx        1638 <NA>
20875      INRA 3 ALFAM2_96TVNH3_TREV(29)_2011 v4.xlsx        1639 <NA>
20876      INRA 3 ALFAM2_96TVNH3_TREV(29)_2011 v4.xlsx        1640 <NA>
20877      INRA 3 ALFAM2_96TVNH3_TREV(29)_2011 v4.xlsx        1641 <NA>
20878      INRA 3 ALFAM2_96TVNH3_TREV(29)_2011 v4.xlsx        1642 <NA>
20879      INRA 3 ALFAM2_96TVNH3_TREV(29)_2011 v4.xlsx        1643 <NA>
20880      INRA 3 ALFAM2_96TVNH3_TREV(29)_2011 v4.xlsx        1644 <NA>
20881      INRA 3 ALFAM2_96TVNH3_TREV(29)_2011 v4.xlsx        1645 <NA>
20882      INRA 3 ALFAM2_96TVNH3_TREV(29)_2011 v4.xlsx        1646 <NA>
20883      INRA 3 ALFAM2_96TVNH3_TREV(29)_2011 v4.xlsx        1647 <NA>
20884      INRA 3 ALFAM2_96TVNH3_TREV(29)_2011 v4.xlsx        1648 <NA>
20885      INRA 3 ALFAM2_96TVNH3_TREV(29)_2011 v4.xlsx        1649 <NA>
20886      INRA 3 ALFAM2_96TVNH3_TREV(29)_2011 v4.xlsx        1650 <NA>
20887      INRA 3 ALFAM2_96TVNH3_TREV(29)_2011 v4.xlsx        1651 <NA>
20888      INRA 3 ALFAM2_96TVNH3_TREV(29)_2011 v4.xlsx        1652 <NA>
20889      INRA 3 ALFAM2_96TVNH3_TREV(29)_2011 v4.xlsx        1653 <NA>
20890      INRA 3 ALFAM2_96TVNH3_TREV(29)_2011 v4.xlsx        1654 <NA>
20891      INRA 3 ALFAM2_96TVNH3_TREV(29)_2011 v4.xlsx        1655 <NA>
20892      INRA 3 ALFAM2_96TVNH3_TREV(29)_2011 v4.xlsx        1656 <NA>
20893      INRA 3 ALFAM2_96TVNH3_TREV(29)_2011 v4.xlsx        1657 <NA>
20894      INRA 3 ALFAM2_96TVNH3_TREV(29)_2011 v4.xlsx        1658 <NA>
20895      INRA 3 ALFAM2_96TVNH3_TREV(29)_2011 v4.xlsx        1659 <NA>
20896      INRA 3 ALFAM2_96TVNH3_TREV(29)_2011 v4.xlsx        1660 <NA>
20897      INRA 3 ALFAM2_96TVNH3_TREV(29)_2011 v4.xlsx        1661 <NA>
20898      INRA 3 ALFAM2_96TVNH3_TREV(29)_2011 v4.xlsx        1662 <NA>
20899      INRA 3 ALFAM2_96TVNH3_TREV(29)_2011 v4.xlsx        1663 <NA>
20900      INRA 3 ALFAM2_96TVNH3_TREV(29)_2011 v4.xlsx        1664 <NA>
20901      INRA 3 ALFAM2_96TVNH3_TREV(29)_2011 v4.xlsx        1665 <NA>
20902      INRA 3 ALFAM2_96TVNH3_TREV(29)_2011 v4.xlsx        1666 <NA>
20903      INRA 3 ALFAM2_96TVNH3_TREV(29)_2011 v4.xlsx        1667 <NA>
20904      INRA 3 ALFAM2_96TVNH3_TREV(29)_2011 v4.xlsx        1668 <NA>
20905      INRA 3 ALFAM2_96TVNH3_TREV(29)_2011 v4.xlsx        1669 <NA>
20906      INRA 3 ALFAM2_96TVNH3_TREV(29)_2011 v4.xlsx        1670 <NA>
20907      INRA 3 ALFAM2_96TVNH3_TREV(29)_2011 v4.xlsx        1671 <NA>
20908      INRA 3 ALFAM2_96TVNH3_TREV(29)_2011 v4.xlsx        1672 <NA>
20909      INRA 3 ALFAM2_96TVNH3_TREV(29)_2011 v4.xlsx        1673 <NA>
20910      INRA 3 ALFAM2_96TVNH3_TREV(29)_2011 v4.xlsx        1674 <NA>
20911      INRA 3 ALFAM2_96TVNH3_TREV(29)_2011 v4.xlsx        1675 <NA>
20912      INRA 3 ALFAM2_96TVNH3_TREV(29)_2011 v4.xlsx        1676 <NA>
20913      INRA 3 ALFAM2_96TVNH3_TREV(29)_2011 v4.xlsx        1677 <NA>
20914      INRA 3 ALFAM2_96TVNH3_TREV(29)_2011 v4.xlsx        1678 <NA>
20915      INRA 3 ALFAM2_96TVNH3_TREV(29)_2011 v4.xlsx        1679 <NA>
20916      INRA 3 ALFAM2_96TVNH3_TREV(29)_2011 v4.xlsx        1680 <NA>
20917      INRA 3 ALFAM2_96TVNH3_TREV(29)_2011 v4.xlsx        1681 <NA>
20918      INRA 3 ALFAM2_96TVNH3_TREV(29)_2011 v4.xlsx        1682 <NA>
20919      INRA 3 ALFAM2_96TVNH3_TREV(29)_2011 v4.xlsx        1683 <NA>
20920      INRA 3 ALFAM2_96TVNH3_TREV(29)_2011 v4.xlsx        1684 <NA>
20921      INRA 3 ALFAM2_96TVNH3_TREV(29)_2011 v4.xlsx        1685 <NA>
20922      INRA 3 ALFAM2_96TVNH3_TREV(29)_2011 v4.xlsx        1686 <NA>
20923      INRA 3 ALFAM2_96TVNH3_TREV(29)_2011 v4.xlsx        1687 <NA>
20924      INRA 3 ALFAM2_96TVNH3_TREV(29)_2011 v4.xlsx        1688 <NA>
20925      INRA 3 ALFAM2_96TVNH3_TREV(29)_2011 v4.xlsx        1689 <NA>
20926      INRA 3 ALFAM2_96TVNH3_TREV(29)_2011 v4.xlsx        1690 <NA>
20927      INRA 3 ALFAM2_96TVNH3_TREV(29)_2011 v4.xlsx        1691 <NA>
20928      INRA 3 ALFAM2_96TVNH3_TREV(29)_2011 v4.xlsx        1692 <NA>
20929      INRA 3 ALFAM2_96TVNH3_TREV(29)_2011 v4.xlsx        1693 <NA>
20930      INRA 3 ALFAM2_96TVNH3_TREV(29)_2011 v4.xlsx        1694 <NA>
20931      INRA 3 ALFAM2_96TVNH3_TREV(29)_2011 v4.xlsx        1695 <NA>
20932      INRA 3 ALFAM2_96TVNH3_TREV(29)_2011 v4.xlsx        1696 <NA>
20933      INRA 3 ALFAM2_96TVNH3_TREV(29)_2011 v4.xlsx        1697 <NA>
20934      INRA 3 ALFAM2_96TVNH3_TREV(29)_2011 v4.xlsx        1698 <NA>
20935      INRA 3 ALFAM2_96TVNH3_TREV(29)_2011 v4.xlsx        1699 <NA>
20936      INRA 3 ALFAM2_96TVNH3_TREV(29)_2011 v4.xlsx        1700 <NA>
20937      INRA 3 ALFAM2_96TVNH3_TREV(29)_2011 v4.xlsx        1701 <NA>
20938      INRA 3 ALFAM2_96TVNH3_TREV(29)_2011 v4.xlsx        1702 <NA>
20939      INRA 3 ALFAM2_96TVNH3_TREV(29)_2011 v4.xlsx        1703 <NA>
20940      INRA 3 ALFAM2_96TVNH3_TREV(29)_2011 v4.xlsx        1704 <NA>
20941      INRA 3 ALFAM2_96TVNH3_TREV(29)_2011 v4.xlsx        1705 <NA>
20942      INRA 3 ALFAM2_96TVNH3_TREV(29)_2011 v4.xlsx        1706 <NA>
20943      INRA 3 ALFAM2_96TVNH3_TREV(29)_2011 v4.xlsx        1707 <NA>
20944      INRA 3 ALFAM2_96TVNH3_TREV(29)_2011 v4.xlsx        1708 <NA>
20945      INRA 3 ALFAM2_96TVNH3_TREV(29)_2011 v4.xlsx        1709 <NA>
20946      INRA 3 ALFAM2_96TVNH3_TREV(29)_2011 v4.xlsx        1710 <NA>
20947      INRA 3 ALFAM2_96TVNH3_TREV(29)_2011 v4.xlsx        1711 <NA>
20948      INRA 3 ALFAM2_96TVNH3_TREV(29)_2011 v4.xlsx        1712 <NA>
20949      INRA 3 ALFAM2_96TVNH3_TREV(29)_2011 v4.xlsx        1713 <NA>
20950      INRA 3 ALFAM2_96TVNH3_TREV(29)_2011 v4.xlsx        1714 <NA>
20951      INRA 3 ALFAM2_96TVNH3_TREV(29)_2011 v4.xlsx        1715 <NA>
20952      INRA 3 ALFAM2_96TVNH3_TREV(29)_2011 v4.xlsx        1716 <NA>
20953      INRA 3 ALFAM2_96TVNH3_TREV(29)_2011 v4.xlsx        1717 <NA>
20954      INRA 3 ALFAM2_96TVNH3_TREV(29)_2011 v4.xlsx        1718 <NA>
20955      INRA 3 ALFAM2_96TVNH3_TREV(29)_2011 v4.xlsx        1719 <NA>
20956      INRA 3 ALFAM2_96TVNH3_TREV(29)_2011 v4.xlsx        1720 <NA>
20957      INRA 3 ALFAM2_96TVNH3_TREV(29)_2011 v4.xlsx        1721 <NA>
20958      INRA 3 ALFAM2_96TVNH3_TREV(29)_2011 v4.xlsx        1722 <NA>
20959      INRA 3 ALFAM2_96TVNH3_TREV(29)_2011 v4.xlsx        1723 <NA>
20960      INRA 3 ALFAM2_96TVNH3_TREV(29)_2011 v4.xlsx        1724 <NA>
20961      INRA 3 ALFAM2_96TVNH3_TREV(29)_2011 v4.xlsx        1725 <NA>
20962      INRA 3 ALFAM2_96TVNH3_TREV(29)_2011 v4.xlsx        1726 <NA>
20963      INRA 3 ALFAM2_96TVNH3_TREV(29)_2011 v4.xlsx        1727 <NA>
20964      INRA 3 ALFAM2_96TVNH3_TREV(29)_2011 v4.xlsx        1728 <NA>
20965      INRA 3 ALFAM2_96TVNH3_TREV(29)_2011 v4.xlsx        1729 <NA>
20966      INRA 3 ALFAM2_96TVNH3_TREV(29)_2011 v4.xlsx        1730 <NA>
20967      INRA 3 ALFAM2_96TVNH3_TREV(29)_2011 v4.xlsx        1731 <NA>
20968      INRA 3 ALFAM2_96TVNH3_TREV(29)_2011 v4.xlsx        1732 <NA>
20969      INRA 3 ALFAM2_96TVNH3_TREV(29)_2011 v4.xlsx        1733 <NA>
20970      INRA 3 ALFAM2_96TVNH3_TREV(29)_2011 v4.xlsx        1734 <NA>
20971      INRA 3 ALFAM2_96TVNH3_TREV(29)_2011 v4.xlsx        1735 <NA>
20972      INRA 3 ALFAM2_96TVNH3_TREV(29)_2011 v4.xlsx        1736 <NA>
20973      INRA 3 ALFAM2_96TVNH3_TREV(29)_2011 v4.xlsx        1737 <NA>
20974      INRA 3 ALFAM2_96TVNH3_TREV(29)_2011 v4.xlsx        1738 <NA>
20975      INRA 3 ALFAM2_96TVNH3_TREV(29)_2011 v4.xlsx        1739 <NA>
20976      INRA 3 ALFAM2_96TVNH3_TREV(29)_2011 v4.xlsx        1740 <NA>
20977      INRA 3 ALFAM2_96TVNH3_TREV(29)_2011 v4.xlsx        1741 <NA>
20978      INRA 3 ALFAM2_96TVNH3_TREV(29)_2011 v4.xlsx        1742 <NA>
20979      INRA 3 ALFAM2_96TVNH3_TREV(29)_2011 v4.xlsx        1743 <NA>
20980      INRA 3 ALFAM2_96TVNH3_TREV(29)_2011 v4.xlsx        1744 <NA>
20981      INRA 3 ALFAM2_96TVNH3_TREV(29)_2011 v4.xlsx        1745 <NA>
20982      INRA 3 ALFAM2_96TVNH3_TREV(29)_2011 v4.xlsx        1746 <NA>
20983      INRA 3 ALFAM2_96TVNH3_TREV(29)_2011 v4.xlsx        1747 <NA>
20984      INRA 3 ALFAM2_96TVNH3_TREV(29)_2011 v4.xlsx        1748 <NA>
20985      INRA 3 ALFAM2_96TVNH3_TREV(29)_2011 v4.xlsx        1749 <NA>
20986      INRA 3 ALFAM2_96TVNH3_TREV(29)_2011 v4.xlsx        1750 <NA>
20987      INRA 3 ALFAM2_96TVNH3_TREV(29)_2011 v4.xlsx        1751 <NA>
20988      INRA 3 ALFAM2_96TVNH3_TREV(29)_2011 v4.xlsx        1752 <NA>
20989      INRA 3 ALFAM2_96TVNH3_TREV(29)_2011 v4.xlsx        1753 <NA>
20990      INRA 3 ALFAM2_96TVNH3_TREV(29)_2011 v4.xlsx        1754 <NA>
20991      INRA 3 ALFAM2_96TVNH3_TREV(29)_2011 v4.xlsx        1755 <NA>
20992      INRA 3 ALFAM2_96TVNH3_TREV(29)_2011 v4.xlsx        1756 <NA>
20993      INRA 3 ALFAM2_96TVNH3_TREV(29)_2011 v4.xlsx        1757 <NA>
20994      INRA 3 ALFAM2_96TVNH3_TREV(29)_2011 v4.xlsx        1758 <NA>
20995      INRA 3 ALFAM2_96TVNH3_TREV(29)_2011 v4.xlsx        1759 <NA>
20996      INRA 3 ALFAM2_96TVNH3_TREV(29)_2011 v4.xlsx        1760 <NA>
20997      INRA 3 ALFAM2_96TVNH3_TREV(29)_2011 v4.xlsx        1761 <NA>
20998      INRA 3 ALFAM2_96TVNH3_TREV(29)_2011 v4.xlsx        1762 <NA>
20999      INRA 3 ALFAM2_96TVNH3_TREV(29)_2011 v4.xlsx        1763 <NA>
21000      INRA 3 ALFAM2_96TVNH3_TREV(29)_2011 v4.xlsx        1764 <NA>
21001      INRA 3 ALFAM2_96TVNH3_TREV(29)_2011 v4.xlsx        1765 <NA>
21002      INRA 3 ALFAM2_96TVNH3_TREV(29)_2011 v4.xlsx        1766 <NA>
21003      INRA 3 ALFAM2_96TVNH3_TREV(29)_2011 v4.xlsx        1767 <NA>
21004      INRA 3 ALFAM2_96TVNH3_TREV(29)_2011 v4.xlsx        1768 <NA>
21005      INRA 3 ALFAM2_96TVNH3_TREV(29)_2011 v4.xlsx        1769 <NA>
21006      INRA 3 ALFAM2_96TVNH3_TREV(29)_2011 v4.xlsx        1770 <NA>
21007      INRA 3 ALFAM2_96TVNH3_TREV(29)_2011 v4.xlsx        1771 <NA>
21008      INRA 3 ALFAM2_96TVNH3_TREV(29)_2011 v4.xlsx        1772 <NA>
21009      INRA 3 ALFAM2_96TVNH3_TREV(29)_2011 v4.xlsx        1773 <NA>
21010      INRA 3 ALFAM2_96TVNH3_TREV(29)_2011 v4.xlsx        1774 <NA>
21011      INRA 3 ALFAM2_96TVNH3_TREV(29)_2011 v4.xlsx        1775 <NA>
21012      INRA 3 ALFAM2_96TVNH3_TREV(29)_2011 v4.xlsx        1776 <NA>
21013      INRA 3 ALFAM2_96TVNH3_TREV(29)_2011 v4.xlsx        1777 <NA>
21014      INRA 3 ALFAM2_96TVNH3_TREV(29)_2011 v4.xlsx        1778 <NA>
21015      INRA 3 ALFAM2_96TVNH3_TREV(29)_2011 v4.xlsx        1779 <NA>
21016      INRA 3 ALFAM2_96TVNH3_TREV(29)_2011 v4.xlsx        1780 <NA>
21017      INRA 3 ALFAM2_96TVNH3_TREV(29)_2011 v4.xlsx        1781 <NA>
21018      INRA 3 ALFAM2_96TVNH3_TREV(29)_2011 v4.xlsx        1782 <NA>
21019      INRA 3 ALFAM2_96TVNH3_TREV(29)_2011 v4.xlsx        1783 <NA>
21020      INRA 3 ALFAM2_96TVNH3_TREV(29)_2011 v4.xlsx        1784 <NA>
21021      INRA 3 ALFAM2_96TVNH3_TREV(29)_2011 v4.xlsx        1785 <NA>
21022      INRA 3 ALFAM2_96TVNH3_TREV(29)_2011 v4.xlsx        1786 <NA>
21023      INRA 3 ALFAM2_96TVNH3_TREV(29)_2011 v4.xlsx        1787 <NA>
21024      INRA 3 ALFAM2_96TVNH3_TREV(29)_2011 v4.xlsx        1788 <NA>
21025      INRA 3 ALFAM2_96TVNH3_TREV(29)_2011 v4.xlsx        1789 <NA>
21026      INRA 3 ALFAM2_96TVNH3_TREV(29)_2011 v4.xlsx        1790 <NA>
21027      INRA 3 ALFAM2_96TVNH3_TREV(29)_2011 v4.xlsx        1791 <NA>
21028      INRA 3 ALFAM2_96TVNH3_TREV(29)_2011 v4.xlsx        1792 <NA>
21029      INRA 3 ALFAM2_96TVNH3_TREV(29)_2011 v4.xlsx        1793 <NA>
21030      INRA 3 ALFAM2_96TVNH3_TREV(29)_2011 v4.xlsx        1794 <NA>
21031      INRA 3 ALFAM2_96TVNH3_TREV(29)_2011 v4.xlsx        1795 <NA>
21032      INRA 3 ALFAM2_96TVNH3_TREV(29)_2011 v4.xlsx        1796 <NA>
21033      INRA 3 ALFAM2_96TVNH3_TREV(29)_2011 v4.xlsx        1797 <NA>
21034      INRA 3 ALFAM2_96TVNH3_TREV(29)_2011 v4.xlsx        1798 <NA>
21035      INRA 3 ALFAM2_96TVNH3_TREV(29)_2011 v4.xlsx        1799 <NA>
21036      INRA 3 ALFAM2_96TVNH3_TREV(29)_2011 v4.xlsx        1800 <NA>
21037      INRA 3 ALFAM2_96TVNH3_TREV(29)_2011 v4.xlsx        1801 <NA>
21038      INRA 3 ALFAM2_96TVNH3_TREV(29)_2011 v4.xlsx        1802 <NA>
21039      INRA 3 ALFAM2_96TVNH3_TREV(29)_2011 v4.xlsx        1803 <NA>
21040      INRA 3 ALFAM2_96TVNH3_TREV(29)_2011 v4.xlsx        1804 <NA>
21041      INRA 3 ALFAM2_96TVNH3_TREV(29)_2011 v4.xlsx        1805 <NA>
21042      INRA 3 ALFAM2_96TVNH3_TREV(29)_2011 v4.xlsx        1806 <NA>
21043      INRA 3 ALFAM2_96TVNH3_TREV(29)_2011 v4.xlsx        1807 <NA>
21044      INRA 3 ALFAM2_96TVNH3_TREV(29)_2011 v4.xlsx        1808 <NA>
21045      INRA 3 ALFAM2_96TVNH3_TREV(29)_2011 v4.xlsx        1809 <NA>
21046      INRA 3 ALFAM2_96TVNH3_TREV(29)_2011 v4.xlsx        1810 <NA>
21047      INRA 3 ALFAM2_96TVNH3_TREV(29)_2011 v4.xlsx        1811 <NA>
21048      INRA 3 ALFAM2_96TVNH3_TREV(29)_2011 v4.xlsx        1812 <NA>
21049      INRA 3 ALFAM2_96TVNH3_TREV(29)_2011 v4.xlsx        1813 <NA>
21050      INRA 3 ALFAM2_96TVNH3_TREV(29)_2011 v4.xlsx        1814 <NA>
21051      INRA 3 ALFAM2_96TVNH3_TREV(29)_2011 v4.xlsx        1815 <NA>
21052      INRA 3 ALFAM2_96TVNH3_TREV(29)_2011 v4.xlsx        1816 <NA>
21053      INRA 3 ALFAM2_96TVNH3_TREV(29)_2011 v4.xlsx        1817 <NA>
21054      INRA 3 ALFAM2_96TVNH3_TREV(29)_2011 v4.xlsx        1818 <NA>
21055      INRA 3 ALFAM2_96TVNH3_TREV(29)_2011 v4.xlsx        1819 <NA>
21056      INRA 3 ALFAM2_96TVNH3_TREV(29)_2011 v4.xlsx        1820 <NA>
21057      INRA 3 ALFAM2_96TVNH3_TREV(29)_2011 v4.xlsx        1821 <NA>
21058      INRA 3 ALFAM2_96TVNH3_TREV(29)_2011 v4.xlsx        1822 <NA>
21059      INRA 3 ALFAM2_96TVNH3_TREV(29)_2011 v4.xlsx        1823 <NA>
21060      INRA 3 ALFAM2_96TVNH3_TREV(29)_2011 v4.xlsx        1824 <NA>
21061      INRA 3 ALFAM2_96TVNH3_TREV(29)_2011 v4.xlsx        1825 <NA>
21062      INRA 3 ALFAM2_96TVNH3_TREV(29)_2011 v4.xlsx        1826 <NA>
21063      INRA 3 ALFAM2_96TVNH3_TREV(29)_2011 v4.xlsx        1827 <NA>
21064      INRA 3 ALFAM2_96TVNH3_TREV(29)_2011 v4.xlsx        1828 <NA>
21065      INRA 3 ALFAM2_96TVNH3_TREV(29)_2011 v4.xlsx        1829 <NA>
21066      INRA 3 ALFAM2_96TVNH3_TREV(29)_2011 v4.xlsx        1830 <NA>
21067      INRA 3 ALFAM2_96TVNH3_TREV(29)_2011 v4.xlsx        1831 <NA>
21068      INRA 3 ALFAM2_96TVNH3_TREV(29)_2011 v4.xlsx        1832 <NA>
21069      INRA 3 ALFAM2_96TVNH3_TREV(29)_2011 v4.xlsx        1833 <NA>
21070      INRA 3 ALFAM2_96TVNH3_TREV(29)_2011 v4.xlsx        1834 <NA>
21071      INRA 3 ALFAM2_96TVNH3_TREV(29)_2011 v4.xlsx        1835 <NA>
21072      INRA 3 ALFAM2_96TVNH3_TREV(29)_2011 v4.xlsx        1836 <NA>
21073      INRA 3 ALFAM2_96TVNH3_TREV(29)_2011 v4.xlsx        1837 <NA>
21074      INRA 3 ALFAM2_96TVNH3_TREV(29)_2011 v4.xlsx        1838 <NA>
21075      INRA 3 ALFAM2_96TVNH3_TREV(29)_2011 v4.xlsx        1839 <NA>
21076      INRA 3 ALFAM2_96TVNH3_TREV(29)_2011 v4.xlsx        1840 <NA>
21077      INRA 3 ALFAM2_96TVNH3_TREV(29)_2011 v4.xlsx        1841 <NA>
21078      INRA 3 ALFAM2_96TVNH3_TREV(29)_2011 v4.xlsx        1842 <NA>
21079      INRA 3 ALFAM2_96TVNH3_TREV(29)_2011 v4.xlsx        1843 <NA>
21080      INRA 3 ALFAM2_96TVNH3_TREV(29)_2011 v4.xlsx        1844 <NA>
21081      INRA 3 ALFAM2_96TVNH3_TREV(29)_2011 v4.xlsx        1845 <NA>
21082      INRA 3 ALFAM2_96TVNH3_TREV(29)_2011 v4.xlsx        1846 <NA>
21083      INRA 3 ALFAM2_96TVNH3_TREV(29)_2011 v4.xlsx        1847 <NA>
21084      INRA 3 ALFAM2_96TVNH3_TREV(29)_2011 v4.xlsx        1848 <NA>
21085      INRA 3 ALFAM2_96TVNH3_TREV(29)_2011 v4.xlsx        1849 <NA>
21086      INRA 3 ALFAM2_96TVNH3_TREV(29)_2011 v4.xlsx        1850 <NA>
21087      INRA 3 ALFAM2_96TVNH3_TREV(29)_2011 v4.xlsx        1851 <NA>
21088      INRA 3 ALFAM2_96TVNH3_TREV(29)_2011 v4.xlsx        1852 <NA>
21089      INRA 3 ALFAM2_96TVNH3_TREV(29)_2011 v4.xlsx        1853 <NA>
21090      INRA 3 ALFAM2_96TVNH3_TREV(29)_2011 v4.xlsx        1854 <NA>
21091      INRA 3 ALFAM2_96TVNH3_TREV(29)_2011 v4.xlsx        1855 <NA>
21092      INRA 3 ALFAM2_96TVNH3_TREV(29)_2011 v4.xlsx        1856 <NA>
21093      INRA 3 ALFAM2_96TVNH3_TREV(29)_2011 v4.xlsx        1857 <NA>
21094      INRA 3 ALFAM2_96TVNH3_TREV(29)_2011 v4.xlsx        1858 <NA>
21095      INRA 3 ALFAM2_96TVNH3_TREV(29)_2011 v4.xlsx        1859 <NA>
21096      INRA 3 ALFAM2_96TVNH3_TREV(29)_2011 v4.xlsx        1860 <NA>
21097      INRA 3 ALFAM2_96TVNH3_TREV(29)_2011 v4.xlsx        1861 <NA>
21098      INRA 3 ALFAM2_96TVNH3_TREV(29)_2011 v4.xlsx        1862 <NA>
21099      INRA 3 ALFAM2_96TVNH3_TREV(29)_2011 v4.xlsx        1863 <NA>
21100      INRA 3 ALFAM2_96TVNH3_TREV(29)_2011 v4.xlsx        1864 <NA>
21101      INRA 3 ALFAM2_96TVNH3_TREV(29)_2011 v4.xlsx        1865 <NA>
21102      INRA 3 ALFAM2_96TVNH3_TREV(29)_2011 v4.xlsx        1866 <NA>
21103      INRA 3 ALFAM2_96TVNH3_TREV(29)_2011 v4.xlsx        1867 <NA>
21104      INRA 3 ALFAM2_96TVNH3_TREV(29)_2011 v4.xlsx        1868 <NA>
21105      INRA 3 ALFAM2_96TVNH3_TREV(29)_2011 v4.xlsx        1869 <NA>
21106      INRA 3 ALFAM2_96TVNH3_TREV(29)_2011 v4.xlsx        1870 <NA>
21107      INRA 3 ALFAM2_96TVNH3_TREV(29)_2011 v4.xlsx        1871 <NA>
21108      INRA 3 ALFAM2_96TVNH3_TREV(29)_2011 v4.xlsx        1872 <NA>
21109      INRA 3 ALFAM2_96TVNH3_TREV(29)_2011 v4.xlsx        1873 <NA>
21110      INRA 3 ALFAM2_96TVNH3_TREV(29)_2011 v4.xlsx        1874 <NA>
21111      INRA 3 ALFAM2_96TVNH3_TREV(29)_2011 v4.xlsx        1875 <NA>
21112      INRA 3 ALFAM2_96TVNH3_TREV(29)_2011 v4.xlsx        1876 <NA>
21113      INRA 3 ALFAM2_96TVNH3_TREV(29)_2011 v4.xlsx        1877 <NA>
21114      INRA 3 ALFAM2_96TVNH3_TREV(29)_2011 v4.xlsx        1878 <NA>
21115      INRA 3 ALFAM2_96TVNH3_TREV(29)_2011 v4.xlsx        1879 <NA>
21116      INRA 3 ALFAM2_96TVNH3_TREV(29)_2011 v4.xlsx        1880 <NA>
21117      INRA 3 ALFAM2_96TVNH3_TREV(29)_2011 v4.xlsx        1881 <NA>
21118      INRA 3 ALFAM2_96TVNH3_TREV(29)_2011 v4.xlsx        1882 <NA>
21119      INRA 3 ALFAM2_96TVNH3_TREV(29)_2011 v4.xlsx        1883 <NA>
21120      INRA 3 ALFAM2_96TVNH3_TREV(29)_2011 v4.xlsx        1884 <NA>
21121      INRA 3 ALFAM2_96TVNH3_TREV(29)_2011 v4.xlsx        1885 <NA>
21122      INRA 3 ALFAM2_96TVNH3_TREV(29)_2011 v4.xlsx        1886 <NA>
21123      INRA 3 ALFAM2_96TVNH3_TREV(29)_2011 v4.xlsx        1887 <NA>
21124      INRA 3 ALFAM2_96TVNH3_TREV(29)_2011 v4.xlsx        1888 <NA>
21125      INRA 3 ALFAM2_96TVNH3_TREV(29)_2011 v4.xlsx        1889 <NA>
21126      INRA 3 ALFAM2_96TVNH3_TREV(29)_2011 v4.xlsx        1890 <NA>
21127      INRA 3 ALFAM2_96TVNH3_TREV(29)_2011 v4.xlsx        1891 <NA>
21128      INRA 3 ALFAM2_96TVNH3_TREV(29)_2011 v4.xlsx        1892 <NA>
21129      INRA 3 ALFAM2_96TVNH3_TREV(29)_2011 v4.xlsx        1893 <NA>
21130      INRA 3 ALFAM2_96TVNH3_TREV(29)_2011 v4.xlsx        1894 <NA>
21131      INRA 3 ALFAM2_96TVNH3_TREV(29)_2011 v4.xlsx        1895 <NA>
21132      INRA 3 ALFAM2_96TVNH3_TREV(29)_2011 v4.xlsx        1896 <NA>
21133      INRA 3 ALFAM2_96TVNH3_TREV(29)_2011 v4.xlsx        1897 <NA>
21134      INRA 3 ALFAM2_96TVNH3_TREV(29)_2011 v4.xlsx        1898 <NA>
21135      INRA 3 ALFAM2_96TVNH3_TREV(29)_2011 v4.xlsx        1899 <NA>
21136      INRA 3 ALFAM2_96TVNH3_TREV(29)_2011 v4.xlsx        1900 <NA>
21137      INRA 3 ALFAM2_96TVNH3_TREV(29)_2011 v4.xlsx        1901 <NA>
21138      INRA 3 ALFAM2_96TVNH3_TREV(29)_2011 v4.xlsx        1902 <NA>
21139      INRA 3 ALFAM2_96TVNH3_TREV(29)_2011 v4.xlsx        1903 <NA>
21140      INRA 3 ALFAM2_96TVNH3_TREV(29)_2011 v4.xlsx        1904 <NA>
21141      INRA 3 ALFAM2_96TVNH3_TREV(29)_2011 v4.xlsx        1905 <NA>
21142      INRA 3 ALFAM2_96TVNH3_TREV(29)_2011 v4.xlsx        1906 <NA>
21143      INRA 3 ALFAM2_96TVNH3_TREV(29)_2011 v4.xlsx        1907 <NA>
21144      INRA 3 ALFAM2_96TVNH3_TREV(29)_2011 v4.xlsx        1908 <NA>
21145      INRA 3 ALFAM2_96TVNH3_TREV(29)_2011 v4.xlsx        1909 <NA>
21146      INRA 3 ALFAM2_96TVNH3_TREV(29)_2011 v4.xlsx        1910 <NA>
21147      INRA 3 ALFAM2_96TVNH3_TREV(29)_2011 v4.xlsx        1911 <NA>
21148      INRA 3 ALFAM2_96TVNH3_TREV(29)_2011 v4.xlsx        1912 <NA>
21149      INRA 3 ALFAM2_96TVNH3_TREV(29)_2011 v4.xlsx        1913 <NA>
21150      INRA 3 ALFAM2_96TVNH3_TREV(29)_2011 v4.xlsx        1914 <NA>
21151      INRA 3 ALFAM2_96TVNH3_TREV(29)_2011 v4.xlsx        1915 <NA>
21152      INRA 3 ALFAM2_96TVNH3_TREV(29)_2011 v4.xlsx        1916 <NA>
21153      INRA 3 ALFAM2_96TVNH3_TREV(29)_2011 v4.xlsx        1917 <NA>
21154      INRA 3 ALFAM2_96TVNH3_TREV(29)_2011 v4.xlsx        1918 <NA>
21155      INRA 3 ALFAM2_96TVNH3_TREV(29)_2011 v4.xlsx        1919 <NA>
21156      INRA 3 ALFAM2_96TVNH3_TREV(29)_2011 v4.xlsx        1920 <NA>
21157      INRA 3 ALFAM2_96TVNH3_TREV(29)_2011 v4.xlsx        1921 <NA>
21158      INRA 3 ALFAM2_96TVNH3_TREV(29)_2011 v4.xlsx        1922 <NA>
21159      INRA 3 ALFAM2_96TVNH3_TREV(29)_2011 v4.xlsx        1923 <NA>
21160      INRA 3 ALFAM2_96TVNH3_TREV(29)_2011 v4.xlsx        1924 <NA>
21161      INRA 3 ALFAM2_96TVNH3_TREV(29)_2011 v4.xlsx        1925 <NA>
21162      INRA 3 ALFAM2_96TVNH3_TREV(29)_2011 v4.xlsx        1926 <NA>
21163      INRA 3 ALFAM2_96TVNH3_TREV(29)_2011 v4.xlsx        1927 <NA>
21164      INRA 3 ALFAM2_96TVNH3_TREV(29)_2011 v4.xlsx        1928 <NA>
21165      INRA 3 ALFAM2_96TVNH3_TREV(29)_2011 v4.xlsx        1929 <NA>
21166      INRA 3 ALFAM2_96TVNH3_TREV(29)_2011 v4.xlsx        1930 <NA>
21167      INRA 3 ALFAM2_96TVNH3_TREV(29)_2011 v4.xlsx        1931 <NA>
21168      INRA 3 ALFAM2_96TVNH3_TREV(29)_2011 v4.xlsx        1932 <NA>
21169      INRA 3 ALFAM2_96TVNH3_TREV(29)_2011 v4.xlsx        1933 <NA>
21170      INRA 3 ALFAM2_96TVNH3_TREV(29)_2011 v4.xlsx        1934 <NA>
21171      INRA 3 ALFAM2_96TVNH3_TREV(29)_2011 v4.xlsx        1935 <NA>
21172      INRA 3 ALFAM2_96TVNH3_TREV(29)_2011 v4.xlsx        1936 <NA>
21173      INRA 3 ALFAM2_96TVNH3_TREV(29)_2011 v4.xlsx        1937 <NA>
21174      INRA 3 ALFAM2_96TVNH3_TREV(29)_2011 v4.xlsx        1938 <NA>
21175      INRA 3 ALFAM2_96TVNH3_TREV(29)_2011 v4.xlsx        1939 <NA>
21176      INRA 3 ALFAM2_96TVNH3_TREV(29)_2011 v4.xlsx        1940 <NA>
21177      INRA 3 ALFAM2_96TVNH3_TREV(29)_2011 v4.xlsx        1941 <NA>
21178      INRA 3 ALFAM2_96TVNH3_TREV(29)_2011 v4.xlsx        1942 <NA>
21179      INRA 3 ALFAM2_96TVNH3_TREV(29)_2011 v4.xlsx        1943 <NA>
21180      INRA 3 ALFAM2_96TVNH3_TREV(29)_2011 v4.xlsx        1944 <NA>
21181      INRA 3 ALFAM2_96TVNH3_TREV(29)_2011 v4.xlsx        1945 <NA>
21182      INRA 3 ALFAM2_96TVNH3_TREV(29)_2011 v4.xlsx        1946 <NA>
21183      INRA 3 ALFAM2_96TVNH3_TREV(29)_2011 v4.xlsx        1947 <NA>
21184      INRA 3 ALFAM2_96TVNH3_TREV(29)_2011 v4.xlsx        1948 <NA>
21185      INRA 3 ALFAM2_96TVNH3_TREV(29)_2011 v4.xlsx        1949 <NA>
21186      INRA 3 ALFAM2_96TVNH3_TREV(29)_2011 v4.xlsx        1950 <NA>
21187      INRA 3 ALFAM2_96TVNH3_TREV(29)_2011 v4.xlsx        1951 <NA>
21188      INRA 3 ALFAM2_96TVNH3_TREV(29)_2011 v4.xlsx        1952 <NA>
21189      INRA 3 ALFAM2_96TVNH3_TREV(29)_2011 v4.xlsx        1953 <NA>
21190      INRA 3 ALFAM2_96TVNH3_TREV(29)_2011 v4.xlsx        1954 <NA>
21191      INRA 3 ALFAM2_96TVNH3_TREV(29)_2011 v4.xlsx        1955 <NA>
21192      INRA 3 ALFAM2_96TVNH3_TREV(29)_2011 v4.xlsx        1956 <NA>
21193      INRA 3 ALFAM2_96TVNH3_TREV(29)_2011 v4.xlsx        1957 <NA>
21194      INRA 3 ALFAM2_96TVNH3_TREV(29)_2011 v4.xlsx        1958 <NA>
21195      INRA 3 ALFAM2_96TVNH3_TREV(29)_2011 v4.xlsx        1959 <NA>
21196      INRA 3 ALFAM2_96TVNH3_TREV(29)_2011 v4.xlsx        1960 <NA>
21197      INRA 3 ALFAM2_96TVNH3_TREV(29)_2011 v4.xlsx        1961 <NA>
21198      INRA 3 ALFAM2_96TVNH3_TREV(29)_2011 v4.xlsx        1962 <NA>
21199      INRA 3 ALFAM2_96TVNH3_TREV(29)_2011 v4.xlsx        1963 <NA>
21200      INRA 3 ALFAM2_96TVNH3_TREV(29)_2011 v4.xlsx        1964 <NA>
21201      INRA 3 ALFAM2_96TVNH3_TREV(29)_2011 v4.xlsx        1965 <NA>
21202      INRA 3 ALFAM2_96TVNH3_TREV(29)_2011 v4.xlsx        1966 <NA>
21203      INRA 3 ALFAM2_96TVNH3_TREV(29)_2011 v4.xlsx        1967 <NA>
21204      INRA 3 ALFAM2_96TVNH3_TREV(29)_2011 v4.xlsx        1968 <NA>
21205      INRA 3 ALFAM2_96TVNH3_TREV(29)_2011 v4.xlsx        1969 <NA>
21206      INRA 3 ALFAM2_96TVNH3_TREV(29)_2011 v4.xlsx        1970 <NA>
21207      INRA 3 ALFAM2_96TVNH3_TREV(29)_2011 v4.xlsx        1971 <NA>
21208      INRA 3 ALFAM2_96TVNH3_TREV(29)_2011 v4.xlsx        1972 <NA>
21209      INRA 3 ALFAM2_96TVNH3_TREV(29)_2011 v4.xlsx        1973 <NA>
21210      INRA 3 ALFAM2_96TVNH3_TREV(29)_2011 v4.xlsx        1974 <NA>
21211      INRA 3 ALFAM2_96TVNH3_TREV(29)_2011 v4.xlsx        1975 <NA>
21212      INRA 3 ALFAM2_96TVNH3_TREV(29)_2011 v4.xlsx        1976 <NA>
21213      INRA 3 ALFAM2_96TVNH3_TREV(29)_2011 v4.xlsx        1977 <NA>
21214      INRA 3 ALFAM2_96TVNH3_TREV(29)_2011 v4.xlsx        1978 <NA>
21215      INRA 3 ALFAM2_96TVNH3_TREV(29)_2011 v4.xlsx        1979 <NA>
21216      INRA 3 ALFAM2_96TVNH3_TREV(29)_2011 v4.xlsx        1980 <NA>
21217      INRA 3 ALFAM2_96TVNH3_TREV(29)_2011 v4.xlsx        1981 <NA>
21218      INRA 3 ALFAM2_96TVNH3_TREV(29)_2011 v4.xlsx        1982 <NA>
21219      INRA 3 ALFAM2_96TVNH3_TREV(29)_2011 v4.xlsx        1983 <NA>
21220      INRA 3 ALFAM2_96TVNH3_TREV(29)_2011 v4.xlsx        1984 <NA>
21221      INRA 3 ALFAM2_96TVNH3_TREV(29)_2011 v4.xlsx        1985 <NA>
21222      INRA 3 ALFAM2_96TVNH3_TREV(29)_2011 v4.xlsx        1986 <NA>
21223      INRA 3 ALFAM2_96TVNH3_TREV(29)_2011 v4.xlsx        1987 <NA>
21224      INRA 3 ALFAM2_96TVNH3_TREV(29)_2011 v4.xlsx        1988 <NA>
21225      INRA 3 ALFAM2_96TVNH3_TREV(29)_2011 v4.xlsx        1989 <NA>
21226      INRA 3 ALFAM2_96TVNH3_TREV(29)_2011 v4.xlsx        1990 <NA>
21227      INRA 3 ALFAM2_96TVNH3_TREV(29)_2011 v4.xlsx        1991 <NA>
21228      INRA 3 ALFAM2_96TVNH3_TREV(29)_2011 v4.xlsx        1992 <NA>
21229      INRA 3 ALFAM2_96TVNH3_TREV(29)_2011 v4.xlsx        1993 <NA>
21230      INRA 3 ALFAM2_96TVNH3_TREV(29)_2011 v4.xlsx        1994 <NA>
21231      INRA 3 ALFAM2_96TVNH3_TREV(29)_2011 v4.xlsx        1995 <NA>
21232      INRA 3 ALFAM2_96TVNH3_TREV(29)_2011 v4.xlsx        1996 <NA>
21233      INRA 3 ALFAM2_96TVNH3_TREV(29)_2011 v4.xlsx        1997 <NA>
21234      INRA 3 ALFAM2_96TVNH3_TREV(29)_2011 v4.xlsx        1998 <NA>
21235      INRA 3 ALFAM2_96TVNH3_TREV(29)_2011 v4.xlsx        1999 <NA>
21236      INRA 3 ALFAM2_96TVNH3_TREV(29)_2011 v4.xlsx        2000 <NA>
21237      INRA 3 ALFAM2_96TVNH3_TREV(29)_2011 v4.xlsx        2001 <NA>
21238      INRA 3 ALFAM2_96TVNH3_TREV(29)_2011 v4.xlsx        2002 <NA>
21239      INRA 3 ALFAM2_96TVNH3_TREV(29)_2011 v4.xlsx        2003 <NA>
21240      INRA 3 ALFAM2_96TVNH3_TREV(29)_2011 v4.xlsx        2004 <NA>
21241      INRA 3 ALFAM2_96TVNH3_TREV(29)_2011 v4.xlsx        2005 <NA>
21242      INRA 3 ALFAM2_96TVNH3_TREV(29)_2011 v4.xlsx        2006 <NA>
21243      INRA 3 ALFAM2_96TVNH3_TREV(29)_2011 v4.xlsx        2007 <NA>
21244      INRA 3 ALFAM2_96TVNH3_TREV(29)_2011 v4.xlsx        2008 <NA>
21245      INRA 3 ALFAM2_96TVNH3_TREV(29)_2011 v4.xlsx        2009 <NA>
21246      INRA 3 ALFAM2_96TVNH3_TREV(29)_2011 v4.xlsx        2010 <NA>
21247      INRA 3 ALFAM2_96TVNH3_TREV(29)_2011 v4.xlsx        2011 <NA>
21248      INRA 3 ALFAM2_96TVNH3_TREV(29)_2011 v4.xlsx        2012 <NA>
21249      INRA 3 ALFAM2_96TVNH3_TREV(29)_2011 v4.xlsx        2013 <NA>
21250      INRA 3 ALFAM2_96TVNH3_TREV(29)_2011 v4.xlsx        2014 <NA>
21251      INRA 3 ALFAM2_96TVNH3_TREV(29)_2011 v4.xlsx        2015 <NA>
21252      INRA 3 ALFAM2_96TVNH3_TREV(29)_2011 v4.xlsx        2016 <NA>
21253      INRA 3 ALFAM2_96TVNH3_TREV(29)_2011 v4.xlsx        2017 <NA>
21254      INRA 3 ALFAM2_96TVNH3_TREV(29)_2011 v4.xlsx        2018 <NA>
21255      INRA 3 ALFAM2_96TVNH3_TREV(29)_2011 v4.xlsx        2019 <NA>
21256      INRA 3 ALFAM2_96TVNH3_TREV(29)_2011 v4.xlsx        2020 <NA>
21257      INRA 3 ALFAM2_96TVNH3_TREV(29)_2011 v4.xlsx        2021 <NA>
21258      INRA 3 ALFAM2_96TVNH3_TREV(29)_2011 v4.xlsx        2022 <NA>
21259      INRA 3 ALFAM2_96TVNH3_TREV(29)_2011 v4.xlsx        2023 <NA>
21260      INRA 3 ALFAM2_96TVNH3_TREV(29)_2011 v4.xlsx        2024 <NA>
21261      INRA 3 ALFAM2_96TVNH3_TREV(29)_2011 v4.xlsx        2025 <NA>
21262      INRA 3 ALFAM2_96TVNH3_TREV(29)_2011 v4.xlsx        2026 <NA>
21263      INRA 3 ALFAM2_96TVNH3_TREV(29)_2011 v4.xlsx        2027 <NA>
21264      INRA 3 ALFAM2_96TVNH3_TREV(29)_2011 v4.xlsx        2028 <NA>
21265      INRA 3 ALFAM2_96TVNH3_TREV(29)_2011 v4.xlsx        2029 <NA>
21266      INRA 3 ALFAM2_96TVNH3_TREV(29)_2011 v4.xlsx        2030 <NA>
21267      INRA 3 ALFAM2_96TVNH3_TREV(29)_2011 v4.xlsx        2031 <NA>
21268      INRA 3 ALFAM2_96TVNH3_TREV(29)_2011 v4.xlsx        2032 <NA>
21269      INRA 3 ALFAM2_96TVNH3_TREV(29)_2011 v4.xlsx        2033 <NA>
21270      INRA 3 ALFAM2_96TVNH3_TREV(29)_2011 v4.xlsx        2034 <NA>
21271      INRA 3 ALFAM2_96TVNH3_TREV(29)_2011 v4.xlsx        2035 <NA>
21272      INRA 3 ALFAM2_96TVNH3_TREV(29)_2011 v4.xlsx        2036 <NA>
21273      INRA 3 ALFAM2_96TVNH3_TREV(29)_2011 v4.xlsx        2037 <NA>

> x <- subsetd(d, dt == 0)

> dim(x)
[1]   0 110

> # Fixed 6 April 2016, was problem in weighted mean code in functions file
> # Rel humidity and air.temp zero too often, are they missing values?
> x .... [TRUNCATED] 

> y <- subsetd(ds, air.temp.12 == 0)

> dim(x)
[1]   6 110

> dim(y)
[1]   0 160

> ## How can y >> x???
> #hist(ds$air.temp.12)
> 
> table(y$inst)
< table of extent 0 >

> # Some heights seem to be a mix of cm and m
> names(d)[grepl('\\.z', names(d))]
[1] "air.temp.z"  "soil.temp.z" "wind.z"      "furrow.z"    "crop.z"     

> # Everything should be in m now
> sort(unique(d$air.temp.z))
 [1]  0.000  0.015  0.100  0.200  0.300  0.500  1.000  1.250  1.300  1.400
[11]  1.500  1.800  2.000  2.170 10.000

> sort(unique(d$soil.temp.z))
[1] 0.000 0.010 0.020 0.025 0.030 0.050 0.075 0.100 0.150

> sort(unique(d$wind.z))
 [1]  0.20  0.22  0.23  0.25  1.00  1.10  1.12  1.13  1.15  1.20  1.21  1.25
[13]  1.29  1.30  1.36  1.37  1.39  1.40  1.45  1.50  1.80  2.00  2.17  5.00
[25] 10.00

> # Except crop height
> sort(unique(d$crop.z))
  [1]  0.0  2.0  3.0  3.7  4.0  4.1  4.2  4.8  4.9  5.0  5.1  5.2  5.5  5.6  5.7
 [16]  5.9  6.0  6.1  6.2  6.3  6.4  6.5  6.6  6.7  6.8  7.0  7.1  7.2  7.3  7.4
 [31]  7.5  7.6  7.7  7.8  7.9  8.0  8.1  8.2  8.3  8.4  8.5  8.6  8.7  8.9  9.0
 [46]  9.1  9.2  9.3  9.4  9.5  9.6  9.7  9.8 10.0 10.1 10.2 10.3 10.4 10.5 10.7
 [61] 10.8 11.0 11.1 11.2 11.4 11.5 11.6 11.7 11.8 11.9 12.0 12.2 12.4 12.5 12.6
 [76] 12.7 12.8 12.9 13.0 13.2 13.3 13.4 13.6 13.7 13.9 14.0 14.1 14.2 14.7 15.0
 [91] 15.1 15.2 15.3 15.5 15.6 15.7 15.8 16.0 16.2 16.4 16.7 16.9 17.0 17.3 17.5
[106] 17.6 17.7 18.0 18.2 18.3 18.9 19.0 19.3 19.4 19.5 19.8 20.0 20.3 20.4 20.7
[121] 20.9 21.2 21.7 21.8 22.2 22.3 22.5 23.3 24.4 25.0 27.0 30.0 33.9 55.4 62.0
[136] 65.0 76.5
